Archive member included to satisfy reference by file (symbol)

/usr/lib/gcc/arm-none-eabi/13.2.1/../../../arm-none-eabi/lib/thumb/v7-m/nofp/libc_nano.a(libc_a-init.o)
                              /usr/lib/gcc/arm-none-eabi/13.2.1/../../../arm-none-eabi/lib/thumb/v7-m/nofp/crt0.o (__libc_init_array)
/usr/lib/gcc/arm-none-eabi/13.2.1/../../../arm-none-eabi/lib/thumb/v7-m/nofp/libc_nano.a(libc_a-memset.o)
                              /usr/lib/gcc/arm-none-eabi/13.2.1/../../../arm-none-eabi/lib/thumb/v7-m/nofp/crt0.o (memset)
/usr/lib/gcc/arm-none-eabi/13.2.1/../../../arm-none-eabi/lib/thumb/v7-m/nofp/libc_nano.a(libc_a-exit.o)
                              /usr/lib/gcc/arm-none-eabi/13.2.1/../../../arm-none-eabi/lib/thumb/v7-m/nofp/crt0.o (exit)
/usr/lib/gcc/arm-none-eabi/13.2.1/../../../arm-none-eabi/lib/thumb/v7-m/nofp/libc_nano.a(libc_a-atexit.o)
                              /usr/lib/gcc/arm-none-eabi/13.2.1/../../../arm-none-eabi/lib/thumb/v7-m/nofp/crt0.o (atexit)
/usr/lib/gcc/arm-none-eabi/13.2.1/../../../arm-none-eabi/lib/thumb/v7-m/nofp/libc_nano.a(libc_a-fini.o)
                              /usr/lib/gcc/arm-none-eabi/13.2.1/../../../arm-none-eabi/lib/thumb/v7-m/nofp/crt0.o (__libc_fini_array)
/usr/lib/gcc/arm-none-eabi/13.2.1/../../../arm-none-eabi/lib/thumb/v7-m/nofp/libc_nano.a(libc_a-findfp.o)
                              /usr/lib/gcc/arm-none-eabi/13.2.1/../../../arm-none-eabi/lib/thumb/v7-m/nofp/libc_nano.a(libc_a-exit.o) (__stdio_exit_handler)
/usr/lib/gcc/arm-none-eabi/13.2.1/../../../arm-none-eabi/lib/thumb/v7-m/nofp/libc_nano.a(libc_a-fflush.o)
                              /usr/lib/gcc/arm-none-eabi/13.2.1/../../../arm-none-eabi/lib/thumb/v7-m/nofp/libc_nano.a(libc_a-findfp.o) (_fflush_r)
/usr/lib/gcc/arm-none-eabi/13.2.1/../../../arm-none-eabi/lib/thumb/v7-m/nofp/libc_nano.a(libc_a-mallocr.o)
                              /usr/lib/gcc/arm-none-eabi/13.2.1/../../../arm-none-eabi/lib/thumb/v7-m/nofp/libc_nano.a(libc_a-findfp.o) (_malloc_r)
/usr/lib/gcc/arm-none-eabi/13.2.1/../../../arm-none-eabi/lib/thumb/v7-m/nofp/libc_nano.a(libc_a-freer.o)
                              /usr/lib/gcc/arm-none-eabi/13.2.1/../../../arm-none-eabi/lib/thumb/v7-m/nofp/libc_nano.a(libc_a-fflush.o) (_free_r)
/usr/lib/gcc/arm-none-eabi/13.2.1/../../../arm-none-eabi/lib/thumb/v7-m/nofp/libc_nano.a(libc_a-fwalk.o)
                              /usr/lib/gcc/arm-none-eabi/13.2.1/../../../arm-none-eabi/lib/thumb/v7-m/nofp/libc_nano.a(libc_a-findfp.o) (_fwalk_sglue)
/usr/lib/gcc/arm-none-eabi/13.2.1/../../../arm-none-eabi/lib/thumb/v7-m/nofp/libc_nano.a(libc_a-__atexit.o)
                              /usr/lib/gcc/arm-none-eabi/13.2.1/../../../arm-none-eabi/lib/thumb/v7-m/nofp/libc_nano.a(libc_a-atexit.o) (__register_exitproc)
/usr/lib/gcc/arm-none-eabi/13.2.1/../../../arm-none-eabi/lib/thumb/v7-m/nofp/libc_nano.a(libc_a-mlock.o)
                              /usr/lib/gcc/arm-none-eabi/13.2.1/../../../arm-none-eabi/lib/thumb/v7-m/nofp/libc_nano.a(libc_a-mallocr.o) (__malloc_lock)
/usr/lib/gcc/arm-none-eabi/13.2.1/../../../arm-none-eabi/lib/thumb/v7-m/nofp/libc_nano.a(libc_a-sbrkr.o)
                              /usr/lib/gcc/arm-none-eabi/13.2.1/../../../arm-none-eabi/lib/thumb/v7-m/nofp/libc_nano.a(libc_a-mallocr.o) (_sbrk_r)
/usr/lib/gcc/arm-none-eabi/13.2.1/../../../arm-none-eabi/lib/thumb/v7-m/nofp/libc_nano.a(libc_a-stdio.o)
                              /usr/lib/gcc/arm-none-eabi/13.2.1/../../../arm-none-eabi/lib/thumb/v7-m/nofp/libc_nano.a(libc_a-findfp.o) (__sread)
/usr/lib/gcc/arm-none-eabi/13.2.1/../../../arm-none-eabi/lib/thumb/v7-m/nofp/libc_nano.a(libc_a-impure.o)
                              /usr/lib/gcc/arm-none-eabi/13.2.1/../../../arm-none-eabi/lib/thumb/v7-m/nofp/libc_nano.a(libc_a-fflush.o) (_impure_ptr)
/usr/lib/gcc/arm-none-eabi/13.2.1/../../../arm-none-eabi/lib/thumb/v7-m/nofp/libc_nano.a(libc_a-closer.o)
                              /usr/lib/gcc/arm-none-eabi/13.2.1/../../../arm-none-eabi/lib/thumb/v7-m/nofp/libc_nano.a(libc_a-stdio.o) (_close_r)
/usr/lib/gcc/arm-none-eabi/13.2.1/../../../arm-none-eabi/lib/thumb/v7-m/nofp/libc_nano.a(libc_a-__call_atexit.o)
                              /usr/lib/gcc/arm-none-eabi/13.2.1/../../../arm-none-eabi/lib/thumb/v7-m/nofp/libc_nano.a(libc_a-__atexit.o) (__call_exitprocs)
/usr/lib/gcc/arm-none-eabi/13.2.1/../../../arm-none-eabi/lib/thumb/v7-m/nofp/libc_nano.a(libc_a-readr.o)
                              /usr/lib/gcc/arm-none-eabi/13.2.1/../../../arm-none-eabi/lib/thumb/v7-m/nofp/libc_nano.a(libc_a-stdio.o) (_read_r)
/usr/lib/gcc/arm-none-eabi/13.2.1/../../../arm-none-eabi/lib/thumb/v7-m/nofp/libc_nano.a(libc_a-reent.o)
                              /usr/lib/gcc/arm-none-eabi/13.2.1/../../../arm-none-eabi/lib/thumb/v7-m/nofp/libc_nano.a(libc_a-sbrkr.o) (errno)
/usr/lib/gcc/arm-none-eabi/13.2.1/../../../arm-none-eabi/lib/thumb/v7-m/nofp/libc_nano.a(libc_a-lseekr.o)
[...]
Memory Configuration

Name             Origin             Length             Attributes
RAM              0x20000000         0x00005000         xrw
FLASH            0x08000000         0x00010000         xr
*default*        0x00000000         0xffffffff

Linker script and memory map

LOAD /usr/lib/gcc/arm-none-eabi/13.2.1/thumb/v7-m/nofp/crti.o
LOAD /usr/lib/gcc/arm-none-eabi/13.2.1/thumb/v7-m/nofp/crtbegin.o
LOAD /usr/lib/gcc/arm-none-eabi/13.2.1/../../../arm-none-eabi/lib/thumb/v7-m/nofp/crt0.o
START GROUP
LOAD /usr/lib/gcc/arm-none-eabi/13.2.1/../../../arm-none-eabi/lib/thumb/v7-m/nofp/libc_nano.a
LOAD /usr/lib/gcc/arm-none-eabi/13.2.1/../../../arm-none-eabi/lib/thumb/v7-m/nofp/libm.a
END GROUP
LOAD CMakeFiles/motor.dir/Core/Src/main.c.obj
LOAD CMakeFiles/motor.dir/Core/Src/stm32f1xx_it.c.obj
LOAD CMakeFiles/motor.dir/Core/Src/stm32f1xx_hal_msp.c.obj
LOAD CMakeFiles/motor.dir/Drivers/STM32F1xx_HAL_Driver/Src/stm32f1xx_hal_gpio_ex.c.obj
LOAD CMakeFiles/motor.dir/Drivers/STM32F1xx_HAL_Driver/Src/stm32f1xx_hal.c.obj
LOAD CMakeFiles/motor.dir/Drivers/STM32F1xx_HAL_Driver/Src/stm32f1xx_hal_rcc.c.obj
LOAD CMakeFiles/motor.dir/Drivers/STM32F1xx_HAL_Driver/Src/stm32f1xx_hal_rcc_ex.c.obj
LOAD CMakeFiles/motor.dir/Drivers/STM32F1xx_HAL_Driver/Src/stm32f1xx_hal_gpio.c.obj
LOAD CMakeFiles/motor.dir/Drivers/STM32F1xx_HAL_Driver/Src/stm32f1xx_hal_dma.c.obj
LOAD CMakeFiles/motor.dir/Drivers/STM32F1xx_HAL_Driver/Src/stm32f1xx_hal_cortex.c.obj
LOAD CMakeFiles/motor.dir/Drivers/STM32F1xx_HAL_Driver/Src/stm32f1xx_hal_pwr.c.obj
LOAD CMakeFiles/motor.dir/Drivers/STM32F1xx_HAL_Driver/Src/stm32f1xx_hal_flash.c.obj
LOAD CMakeFiles/motor.dir/Drivers/STM32F1xx_HAL_Driver/Src/stm32f1xx_hal_flash_ex.c.obj
LOAD CMakeFiles/motor.dir/Drivers/STM32F1xx_HAL_Driver/Src/stm32f1xx_hal_exti.c.obj
LOAD CMakeFiles/motor.dir/Core/Src/system_stm32f1xx.c.obj
LOAD CMakeFiles/motor.dir/Core/Src/sysmem.c.obj
LOAD CMakeFiles/motor.dir/Core/Src/syscalls.c.obj
LOAD CMakeFiles/motor.dir/startup_stm32f103xb.s.obj
START GROUP
LOAD /usr/lib/gcc/arm-none-eabi/13.2.1/thumb/v7-m/nofp/libgcc.a
LOAD /usr/lib/gcc/arm-none-eabi/13.2.1/../../../arm-none-eabi/lib/thumb/v7-m/nofp/libg_nano.a
LOAD /usr/lib/gcc/arm-none-eabi/13.2.1/../../../arm-none-eabi/lib/thumb/v7-m/nofp/libc_nano.a
END GROUP
START GROUP
LOAD /usr/lib/gcc/arm-none-eabi/13.2.1/thumb/v7-m/nofp/libgcc.a
LOAD /usr/lib/gcc/arm-none-eabi/13.2.1/../../../arm-none-eabi/lib/thumb/v7-m/nofp/libc_nano.a
END GROUP
LOAD /usr/lib/gcc/arm-none-eabi/13.2.1/thumb/v7-m/nofp/crtend.o
LOAD /usr/lib/gcc/arm-none-eabi/13.2.1/thumb/v7-m/nofp/crtn.o
                0x20005000                        _estack = (ORIGIN (RAM) + LENGTH (RAM))
                0x00000200                        _Min_Heap_Size = 0x200
                0x00000400                        _Min_Stack_Size = 0x400

.isr_vector     0x08000000      0x10c
                0x08000000                        . = ALIGN (0x4)
 *(.isr_vector)
 .isr_vector    0x08000000      0x10c CMakeFiles/motor.dir/startup_stm32f103xb.s.obj
                0x08000000                g_pfnVectors
                0x0800010c                        . = ALIGN (0x4)

.text           0x0800010c     0x1164
                0x0800010c                        . = ALIGN (0x4)
 *(.text)
 .text          0x0800010c       0x88 /usr/lib/gcc/arm-none-eabi/13.2.1/thumb/v7-m/nofp/crtbegin.o
 .text          0x08000194       0x50 /usr/lib/gcc/arm-none-eabi/13.2.1/../../../arm-none-eabi/lib/thumb/v7-m/nofp/libc_nano.a(libc_a-init.o)
                0x08000194                __libc_init_array
 .text          0x080001e4       0xa0 /usr/lib/gcc/arm-none-eabi/13.2.1/../../../arm-none-eabi/lib/thumb/v7-m/nofp/libc_nano.a(libc_a-memset.o)
                0x080001e4                memset
 *(.text*)
 .text.main     0x08000284       0x70 CMakeFiles/motor.dir/Core/Src/main.c.obj
                0x08000284                main
 .text.SystemClock_Config
                0x080002f4       0x76 CMakeFiles/motor.dir/Core/Src/main.c.obj
                0x080002f4                SystemClock_Config
 .text.Error_Handler
                0x0800036a        0xc CMakeFiles/motor.dir/Core/Src/main.c.obj
                0x0800036a                Error_Handler
 .text.NMI_Handler
                0x08000376        0x8 CMakeFiles/motor.dir/Core/Src/stm32f1xx_it.c.obj
                0x08000376                NMI_Handler
 .text.HardFault_Handler
                0x0800037e        0x8 CMakeFiles/motor.dir/Core/Src/stm32f1xx_it.c.obj
                0x0800037e                HardFault_Handler
 .text.MemManage_Handler
                0x08000386        0x8 CMakeFiles/motor.dir/Core/Src/stm32f1xx_it.c.obj
                0x08000386                MemManage_Handler
 .text.BusFault_Handler
                0x0800038e        0x8 CMakeFiles/motor.dir/Core/Src/stm32f1xx_it.c.obj
                0x0800038e                BusFault_Handler
 .text.UsageFault_Handler
                0x08000396        0x8 CMakeFiles/motor.dir/Core/Src/stm32f1xx_it.c.obj
                0x08000396                UsageFault_Handler
 .text.SVC_Handler
                0x0800039e        0xc CMakeFiles/motor.dir/Core/Src/stm32f1xx_it.c.obj
                0x0800039e                SVC_Handler
 .text.DebugMon_Handler
                0x080003aa        0xc CMakeFiles/motor.dir/Core/Src/stm32f1xx_it.c.obj
                0x080003aa                DebugMon_Handler
 .text.PendSV_Handler
                0x080003b6        0xc CMakeFiles/motor.dir/Core/Src/stm32f1xx_it.c.obj
                0x080003b6                PendSV_Handler
 .text.SysTick_Handler
                0x080003c2        0xc CMakeFiles/motor.dir/Core/Src/stm32f1xx_it.c.obj
                0x080003c2                SysTick_Handler
 *fill*         0x080003ce        0x2 
 .text.HAL_MspInit
                0x080003d0       0x64 CMakeFiles/motor.dir/Core/Src/stm32f1xx_hal_msp.c.obj
                0x080003d0                HAL_MspInit
 .text.HAL_Init
                0x08000434       0x2c CMakeFiles/motor.dir/Drivers/STM32F1xx_HAL_Driver/Src/stm32f1xx_hal.c.obj
                0x08000434                HAL_Init
 .text.HAL_InitTick
                0x08000460       0x60 CMakeFiles/motor.dir/Drivers/STM32F1xx_HAL_Driver/Src/stm32f1xx_hal.c.obj
                0x08000460                HAL_InitTick
 .text.HAL_IncTick
                0x080004c0       0x24 CMakeFiles/motor.dir/Drivers/STM32F1xx_HAL_Driver/Src/stm32f1xx_hal.c.obj
                0x080004c0                HAL_IncTick
 .text.HAL_GetTick
                0x080004e4       0x14 CMakeFiles/motor.dir/Drivers/STM32F1xx_HAL_Driver/Src/stm32f1xx_hal.c.obj
                0x080004e4                HAL_GetTick
 .text.HAL_Delay
                0x080004f8       0x48 CMakeFiles/motor.dir/Drivers/STM32F1xx_HAL_Driver/Src/stm32f1xx_hal.c.obj
                0x080004f8                HAL_Delay
 .text.HAL_RCC_OscConfig
                0x08000540      0x504 CMakeFiles/motor.dir/Drivers/STM32F1xx_HAL_Driver/Src/stm32f1xx_hal_rcc.c.obj
                0x08000540                HAL_RCC_OscConfig
 .text.HAL_RCC_ClockConfig
                0x08000a44      0x1d4 CMakeFiles/motor.dir/Drivers/STM32F1xx_HAL_Driver/Src/stm32f1xx_hal_rcc.c.obj
                0x08000a44                HAL_RCC_ClockConfig
 .text.HAL_RCC_GetSysClockFreq
                0x08000c18       0xa8 CMakeFiles/motor.dir/Drivers/STM32F1xx_HAL_Driver/Src/stm32f1xx_hal_rcc.c.obj
                0x08000c18                HAL_RCC_GetSysClockFreq
 .text.RCC_Delay
                0x08000cc0       0x3c CMakeFiles/motor.dir/Drivers/STM32F1xx_HAL_Driver/Src/stm32f1xx_hal_rcc.c.obj
 .text.HAL_GPIO_Init
                0x08000cfc      0x308 CMakeFiles/motor.dir/Drivers/STM32F1xx_HAL_Driver/Src/stm32f1xx_hal_gpio.c.obj
                0x08000cfc                HAL_GPIO_Init
 .text.HAL_GPIO_TogglePin
                0x08001004       0x32 CMakeFiles/motor.dir/Drivers/STM32F1xx_HAL_Driver/Src/stm32f1xx_hal_gpio.c.obj
                0x08001004                HAL_GPIO_TogglePin
 *fill*         0x08001036        0x2 
 .text.__NVIC_SetPriorityGrouping
                0x08001038       0x48 CMakeFiles/motor.dir/Drivers/STM32F1xx_HAL_Driver/Src/stm32f1xx_hal_cortex.c.obj
 .text.__NVIC_GetPriorityGrouping
                0x08001080       0x1c CMakeFiles/motor.dir/Drivers/STM32F1xx_HAL_Driver/Src/stm32f1xx_hal_cortex.c.obj
 .text.__NVIC_SetPriority
                0x0800109c       0x54 CMakeFiles/motor.dir/Drivers/STM32F1xx_HAL_Driver/Src/stm32f1xx_hal_cortex.c.obj
 .text.NVIC_EncodePriority
                0x080010f0       0x64 CMakeFiles/motor.dir/Drivers/STM32F1xx_HAL_Driver/Src/stm32f1xx_hal_cortex.c.obj
 .text.SysTick_Config
                0x08001154       0x44 CMakeFiles/motor.dir/Drivers/STM32F1xx_HAL_Driver/Src/stm32f1xx_hal_cortex.c.obj
 .text.HAL_NVIC_SetPriorityGrouping
                0x08001198       0x16 CMakeFiles/motor.dir/Drivers/STM32F1xx_HAL_Driver/Src/stm32f1xx_hal_cortex.c.obj
                0x08001198                HAL_NVIC_SetPriorityGrouping
 .text.HAL_NVIC_SetPriority
                0x080011ae       0x38 CMakeFiles/motor.dir/Drivers/STM32F1xx_HAL_Driver/Src/stm32f1xx_hal_cortex.c.obj
                0x080011ae                HAL_NVIC_SetPriority
 .text.HAL_SYSTICK_Config
                0x080011e6       0x18 CMakeFiles/motor.dir/Drivers/STM32F1xx_HAL_Driver/Src/stm32f1xx_hal_cortex.c.obj
                0x080011e6                HAL_SYSTICK_Config
 .text.SystemInit
                0x080011fe        0xc CMakeFiles/motor.dir/Core/Src/system_stm32f1xx.c.obj
                0x080011fe                SystemInit
 *fill*         0x0800120a        0x2 
 .text.Reset_Handler
                0x0800120c       0x48 CMakeFiles/motor.dir/startup_stm32f103xb.s.obj
                0x0800120c                Reset_Handler
 .text.Default_Handler
                0x08001254        0x2 CMakeFiles/motor.dir/startup_stm32f103xb.s.obj
                0x08001254                RTC_Alarm_IRQHandler
                0x08001254                EXTI2_IRQHandler
                0x08001254                TIM1_CC_IRQHandler
                0x08001254                PVD_IRQHandler
                0x08001254                EXTI3_IRQHandler
                0x08001254                EXTI0_IRQHandler
                0x08001254                I2C2_EV_IRQHandler
                0x08001254                ADC1_2_IRQHandler
                0x08001254                SPI1_IRQHandler
                0x08001254                TAMPER_IRQHandler
                0x08001254                DMA1_Channel4_IRQHandler
                0x08001254                USART3_IRQHandler
                0x08001254                RTC_IRQHandler
                0x08001254                DMA1_Channel7_IRQHandler
                0x08001254                CAN1_RX1_IRQHandler
                0x08001254                TIM4_IRQHandler
                0x08001254                I2C1_EV_IRQHandler
                0x08001254                DMA1_Channel6_IRQHandler
                0x08001254                TIM3_IRQHandler
                0x08001254                RCC_IRQHandler
                0x08001254                TIM1_TRG_COM_IRQHandler
                0x08001254                DMA1_Channel1_IRQHandler
                0x08001254                Default_Handler
                0x08001254                EXTI15_10_IRQHandler
                0x08001254                EXTI9_5_IRQHandler
                0x08001254                SPI2_IRQHandler
                0x08001254                DMA1_Channel5_IRQHandler
                0x08001254                EXTI4_IRQHandler
                0x08001254                USB_LP_CAN1_RX0_IRQHandler
                0x08001254                USB_HP_CAN1_TX_IRQHandler
                0x08001254                DMA1_Channel3_IRQHandler
                0x08001254                TIM1_UP_IRQHandler
                0x08001254                WWDG_IRQHandler
                0x08001254                TIM2_IRQHandler
                0x08001254                TIM1_BRK_IRQHandler
                0x08001254                EXTI1_IRQHandler
                0x08001254                USART2_IRQHandler
                0x08001254                I2C2_ER_IRQHandler
                0x08001254                DMA1_Channel2_IRQHandler
                0x08001254                CAN1_SCE_IRQHandler
                0x08001254                FLASH_IRQHandler
                0x08001254                USART1_IRQHandler
                0x08001254                I2C1_ER_IRQHandler
                0x08001254                USBWakeUp_IRQHandler
 *(.glue_7)
 .glue_7        0x08001256        0x0 linker stubs
 *(.glue_7t)
 .glue_7t       0x08001256        0x0 linker stubs
 *(.eh_frame)
 *fill*         0x08001256        0x2 
 .eh_frame      0x08001258        0x0 /usr/lib/gcc/arm-none-eabi/13.2.1/thumb/v7-m/nofp/crtbegin.o
 *(.init)
 .init          0x08001258        0x4 /usr/lib/gcc/arm-none-eabi/13.2.1/thumb/v7-m/nofp/crti.o
                0x08001258                _init
 .init          0x0800125c        0x8 /usr/lib/gcc/arm-none-eabi/13.2.1/thumb/v7-m/nofp/crtn.o
 *(.fini)
 .fini          0x08001264        0x4 /usr/lib/gcc/arm-none-eabi/13.2.1/thumb/v7-m/nofp/crti.o
                0x08001264                _fini
 .fini          0x08001268        0x8 /usr/lib/gcc/arm-none-eabi/13.2.1/thumb/v7-m/nofp/crtn.o
                0x08001270                        . = ALIGN (0x4)
                0x08001270                        _etext = .

.vfp11_veneer   0x08001270        0x0
 .vfp11_veneer  0x08001270        0x0 linker stubs

.v4_bx          0x08001270        0x0
 .v4_bx         0x08001270        0x0 linker stubs

.iplt           0x08001270        0x0
 .iplt          0x08001270        0x0 /usr/lib/gcc/arm-none-eabi/13.2.1/thumb/v7-m/nofp/crtbegin.o

.rodata         0x08001270       0x24
                0x08001270                        . = ALIGN (0x4)
 *(.rodata)
 *(.rodata*)
 .rodata.aPLLMULFactorTable.1
                0x08001270       0x10 CMakeFiles/motor.dir/Drivers/STM32F1xx_HAL_Driver/Src/stm32f1xx_hal_rcc.c.obj
 .rodata.aPredivFactorTable.0
                0x08001280        0x2 CMakeFiles/motor.dir/Drivers/STM32F1xx_HAL_Driver/Src/stm32f1xx_hal_rcc.c.obj
 *fill*         0x08001282        0x2 
 .rodata.AHBPrescTable
                0x08001284       0x10 CMakeFiles/motor.dir/Core/Src/system_stm32f1xx.c.obj
                0x08001284                AHBPrescTable
                0x08001294                        . = ALIGN (0x4)

.rel.dyn        0x08001294        0x0
 .rel.iplt      0x08001294        0x0 /usr/lib/gcc/arm-none-eabi/13.2.1/thumb/v7-m/nofp/crtbegin.o

.ARM.extab
 *(.ARM.extab* .gnu.linkonce.armextab.*)

.ARM            0x08001294        0x0
                0x08001294                        __exidx_start = .
 *(.ARM.exidx*)
                0x08001294                        __exidx_end = .

.preinit_array  0x08001294        0x0
                0x08001294                        PROVIDE (__preinit_array_start = .)
 *(.preinit_array*)
                0x08001294                        PROVIDE (__preinit_array_end = .)

.init_array     0x08001294        0x4
                0x08001294                        PROVIDE (__init_array_start = .)
 *(SORT_BY_NAME(.init_array.*))
 *(.init_array*)
 .init_array    0x08001294        0x4 /usr/lib/gcc/arm-none-eabi/13.2.1/thumb/v7-m/nofp/crtbegin.o
                0x08001298                        PROVIDE (__init_array_end = .)

.fini_array     0x08001298        0x4
                0x08001298                        PROVIDE (__fini_array_start = .)
 *(SORT_BY_NAME(.fini_array.*))
 *(.fini_array*)
 .fini_array    0x08001298        0x4 /usr/lib/gcc/arm-none-eabi/13.2.1/thumb/v7-m/nofp/crtbegin.o
                0x0800129c                        PROVIDE (__fini_array_end = .)
                0x0800129c                        _sidata = LOADADDR (.data)

.data           0x20000000        0xc load address 0x0800129c
                0x20000000                        . = ALIGN (0x4)
                0x20000000                        _sdata = .
 *(.data)
 *(.data*)
 .data.uwTickPrio
                0x20000000        0x4 CMakeFiles/motor.dir/Drivers/STM32F1xx_HAL_Driver/Src/stm32f1xx_hal.c.obj
                0x20000000                uwTickPrio
 .data.uwTickFreq
                0x20000004        0x1 CMakeFiles/motor.dir/Drivers/STM32F1xx_HAL_Driver/Src/stm32f1xx_hal.c.obj
                0x20000004                uwTickFreq
 *fill*         0x20000005        0x3 
 .data.SystemCoreClock
                0x20000008        0x4 CMakeFiles/motor.dir/Core/Src/system_stm32f1xx.c.obj
                0x20000008                SystemCoreClock
                0x2000000c                        . = ALIGN (0x4)
                0x2000000c                        _edata = .

.tm_clone_table
                0x2000000c        0x0 load address 0x080012a8
 .tm_clone_table
                0x2000000c        0x0 /usr/lib/gcc/arm-none-eabi/13.2.1/thumb/v7-m/nofp/crtbegin.o
 .tm_clone_table
                0x2000000c        0x0 /usr/lib/gcc/arm-none-eabi/13.2.1/thumb/v7-m/nofp/crtend.o

.igot.plt       0x2000000c        0x0 load address 0x080012a8
 .igot.plt      0x2000000c        0x0 /usr/lib/gcc/arm-none-eabi/13.2.1/thumb/v7-m/nofp/crtbegin.o
                0x2000000c                        . = ALIGN (0x4)

.bss            0x2000000c       0x20 load address 0x080012a8
                0x2000000c                        _sbss = .
                0x2000000c                        __bss_start__ = _sbss
 *(.bss)
 .bss           0x2000000c       0x1c /usr/lib/gcc/arm-none-eabi/13.2.1/thumb/v7-m/nofp/crtbegin.o
 *(.bss*)
 .bss.uwTick    0x20000028        0x4 CMakeFiles/motor.dir/Drivers/STM32F1xx_HAL_Driver/Src/stm32f1xx_hal.c.obj
                0x20000028                uwTick
 *(COMMON)
                0x2000002c                        . = ALIGN (0x4)
                0x2000002c                        _ebss = .
                0x2000002c                        __bss_end__ = _ebss

._user_heap_stack
                0x2000002c      0x604 load address 0x080012a8
                0x20000030                        . = ALIGN (0x8)
 *fill*         0x2000002c        0x4 
                [!provide]                        PROVIDE (end = .)
                0x20000030                        PROVIDE (_end = .)
                0x20000230                        . = (. + _Min_Heap_Size)
 *fill*         0x20000030      0x200 
                0x20000630                        . = (. + _Min_Stack_Size)
 *fill*         0x20000230      0x400 
                0x20000630                        . = ALIGN (0x8)

/DISCARD/
 libc.a(*)
 libm.a(*)
 libgcc.a(*)
OUTPUT(motor.elf elf32-littlearm)
LOAD linker stubs
LOAD /usr/lib/gcc/arm-none-eabi/13.2.1/../../../arm-none-eabi/lib/thumb/v7-m/nofp/libc.a
LOAD /usr/lib/gcc/arm-none-eabi/13.2.1/../../../arm-none-eabi/lib/thumb/v7-m/nofp/libm.a
LOAD /usr/lib/gcc/arm-none-eabi/13.2.1/thumb/v7-m/nofp/libgcc.a

.ARM.attributes
                0x00000000       0x29
 .ARM.attributes
                0x00000000       0x1d /usr/lib/gcc/arm-none-eabi/13.2.1/thumb/v7-m/nofp/crti.o
 .ARM.attributes
                0x0000001d       0x2d /usr/lib/gcc/arm-none-eabi/13.2.1/thumb/v7-m/nofp/crtbegin.o
 .ARM.attributes
                0x0000004a       0x2d /usr/lib/gcc/arm-none-eabi/13.2.1/../../../arm-none-eabi/lib/thumb/v7-m/nofp/libc_nano.a(libc_a-init.o)
 .ARM.attributes
                0x00000077       0x2d /usr/lib/gcc/arm-none-eabi/13.2.1/../../../arm-none-eabi/lib/thumb/v7-m/nofp/libc_nano.a(libc_a-memset.o)
 .ARM.attributes
                0x000000a4       0x2d CMakeFiles/motor.dir/Core/Src/main.c.obj
 .ARM.attributes
                0x000000d1       0x2d CMakeFiles/motor.dir/Core/Src/stm32f1xx_it.c.obj
 .ARM.attributes
                0x000000fe       0x2d CMakeFiles/motor.dir/Core/Src/stm32f1xx_hal_msp.c.obj
 .ARM.attributes
                0x0000012b       0x2d CMakeFiles/motor.dir/Drivers/STM32F1xx_HAL_Driver/Src/stm32f1xx_hal.c.obj
 .ARM.attributes
                0x00000158       0x2d CMakeFiles/motor.dir/Drivers/STM32F1xx_HAL_Driver/Src/stm32f1xx_hal_rcc.c.obj
 .ARM.attributes
                0x00000185       0x2d CMakeFiles/motor.dir/Drivers/STM32F1xx_HAL_Driver/Src/stm32f1xx_hal_gpio.c.obj
 .ARM.attributes
                0x000001b2       0x2d CMakeFiles/motor.dir/Drivers/STM32F1xx_HAL_Driver/Src/stm32f1xx_hal_cortex.c.obj
 .ARM.attributes
                0x000001df       0x2d CMakeFiles/motor.dir/Core/Src/system_stm32f1xx.c.obj
 .ARM.attributes
                0x0000020c       0x21 CMakeFiles/motor.dir/startup_stm32f103xb.s.obj
 .ARM.attributes
                0x0000022d       0x2d /usr/lib/gcc/arm-none-eabi/13.2.1/thumb/v7-m/nofp/crtend.o
 .ARM.attributes
                0x0000025a       0x1d /usr/lib/gcc/arm-none-eabi/13.2.1/thumb/v7-m/nofp/crtn.o

.comment        0x00000000       0x26
 .comment       0x00000000       0x26 /usr/lib/gcc/arm-none-eabi/13.2.1/thumb/v7-m/nofp/crtbegin.o
                                 0x27 (size before relaxing)
 .comment       0x00000026       0x27 /usr/lib/gcc/arm-none-eabi/13.2.1/../../../arm-none-eabi/lib/thumb/v7-m/nofp/libc_nano.a(libc_a-init.o)
 .comment       0x00000026       0x27 /usr/lib/gcc/arm-none-eabi/13.2.1/../../../arm-none-eabi/lib/thumb/v7-m/nofp/libc_nano.a(libc_a-memset.o)
 .comment       0x00000026       0x27 CMakeFiles/motor.dir/Core/Src/main.c.obj
 .comment       0x00000026       0x27 CMakeFiles/motor.dir/Core/Src/stm32f1xx_it.c.obj
 .comment       0x00000026       0x27 CMakeFiles/motor.dir/Core/Src/stm32f1xx_hal_msp.c.obj
 .comment       0x00000026       0x27 CMakeFiles/motor.dir/Drivers/STM32F1xx_HAL_Driver/Src/stm32f1xx_hal.c.obj
 .comment       0x00000026       0x27 CMakeFiles/motor.dir/Drivers/STM32F1xx_HAL_Driver/Src/stm32f1xx_hal_rcc.c.obj
 .comment       0x00000026       0x27 CMakeFiles/motor.dir/Drivers/STM32F1xx_HAL_Driver/Src/stm32f1xx_hal_gpio.c.obj
 .comment       0x00000026       0x27 CMakeFiles/motor.dir/Drivers/STM32F1xx_HAL_Driver/Src/stm32f1xx_hal_cortex.c.obj
 .comment       0x00000026       0x27 CMakeFiles/motor.dir/Core/Src/system_stm32f1xx.c.obj
 .comment       0x00000026       0x27 /usr/lib/gcc/arm-none-eabi/13.2.1/thumb/v7-m/nofp/crtend.o

.debug_info     0x00000000     0x2a46
 .debug_info    0x00000000      0x10b /usr/lib/gcc/arm-none-eabi/13.2.1/../../../arm-none-eabi/lib/thumb/v7-m/nofp/libc_nano.a(libc_a-init.o)
 .debug_info    0x0000010b      0x135 /usr/lib/gcc/arm-none-eabi/13.2.1/../../../arm-none-eabi/lib/thumb/v7-m/nofp/libc_nano.a(libc_a-memset.o)
 .debug_info    0x00000240      0x437 CMakeFiles/motor.dir/Core/Src/main.c.obj
 .debug_info    0x00000677      0x113 CMakeFiles/motor.dir/Core/Src/stm32f1xx_it.c.obj
 .debug_info    0x0000078a      0x1e5 CMakeFiles/motor.dir/Core/Src/stm32f1xx_hal_msp.c.obj
 .debug_info    0x0000096f      0x6f8 CMakeFiles/motor.dir/Drivers/STM32F1xx_HAL_Driver/Src/stm32f1xx_hal.c.obj
 .debug_info    0x00001067      0x7b1 CMakeFiles/motor.dir/Drivers/STM32F1xx_HAL_Driver/Src/stm32f1xx_hal_rcc.c.obj
 .debug_info    0x00001818      0x593 CMakeFiles/motor.dir/Drivers/STM32F1xx_HAL_Driver/Src/stm32f1xx_hal_gpio.c.obj
 .debug_info    0x00001dab      0xa63 CMakeFiles/motor.dir/Drivers/STM32F1xx_HAL_Driver/Src/stm32f1xx_hal_cortex.c.obj
 .debug_info    0x0000280e      0x208 CMakeFiles/motor.dir/Core/Src/system_stm32f1xx.c.obj
 .debug_info    0x00002a16       0x30 CMakeFiles/motor.dir/startup_stm32f103xb.s.obj

.debug_abbrev   0x00000000      0xf7a
 .debug_abbrev  0x00000000       0xc9 /usr/lib/gcc/arm-none-eabi/13.2.1/../../../arm-none-eabi/lib/thumb/v7-m/nofp/libc_nano.a(libc_a-init.o)
 .debug_abbrev  0x000000c9       0xb7 /usr/lib/gcc/arm-none-eabi/13.2.1/../../../arm-none-eabi/lib/thumb/v7-m/nofp/libc_nano.a(libc_a-memset.o)
 .debug_abbrev  0x00000180      0x1d2 CMakeFiles/motor.dir/Core/Src/main.c.obj
 .debug_abbrev  0x00000352       0x73 CMakeFiles/motor.dir/Core/Src/stm32f1xx_it.c.obj
 .debug_abbrev  0x000003c5       0xdb CMakeFiles/motor.dir/Core/Src/stm32f1xx_hal_msp.c.obj
 .debug_abbrev  0x000004a0      0x201 CMakeFiles/motor.dir/Drivers/STM32F1xx_HAL_Driver/Src/stm32f1xx_hal.c.obj
 .debug_abbrev  0x000006a1      0x2b3 CMakeFiles/motor.dir/Drivers/STM32F1xx_HAL_Driver/Src/stm32f1xx_hal_rcc.c.obj
 .debug_abbrev  0x00000954      0x1ca CMakeFiles/motor.dir/Drivers/STM32F1xx_HAL_Driver/Src/stm32f1xx_hal_gpio.c.obj
 .debug_abbrev  0x00000b1e      0x2f8 CMakeFiles/motor.dir/Drivers/STM32F1xx_HAL_Driver/Src/stm32f1xx_hal_cortex.c.obj
 .debug_abbrev  0x00000e16      0x140 CMakeFiles/motor.dir/Core/Src/system_stm32f1xx.c.obj
 .debug_abbrev  0x00000f56       0x24 CMakeFiles/motor.dir/startup_stm32f103xb.s.obj

.debug_loclists
                0x00000000      0x23c
 .debug_loclists
                0x00000000       0x65 /usr/lib/gcc/arm-none-eabi/13.2.1/../../../arm-none-eabi/lib/thumb/v7-m/nofp/libc_nano.a(libc_a-init.o)
 .debug_loclists
                0x00000065      0x1d7 /usr/lib/gcc/arm-none-eabi/13.2.1/../../../arm-none-eabi/lib/thumb/v7-m/nofp/libc_nano.a(libc_a-memset.o)

.debug_aranges  0x00000000      0x408
 .debug_aranges
                0x00000000       0x20 /usr/lib/gcc/arm-none-eabi/13.2.1/../../../arm-none-eabi/lib/thumb/v7-m/nofp/libc_nano.a(libc_a-init.o)
 .debug_aranges
                0x00000020       0x20 /usr/lib/gcc/arm-none-eabi/13.2.1/../../../arm-none-eabi/lib/thumb/v7-m/nofp/libc_nano.a(libc_a-memset.o)
 .debug_aranges
                0x00000040       0x30 CMakeFiles/motor.dir/Core/Src/main.c.obj
 .debug_aranges
                0x00000070       0x60 CMakeFiles/motor.dir/Core/Src/stm32f1xx_it.c.obj
 .debug_aranges
                0x000000d0       0x20 CMakeFiles/motor.dir/Core/Src/stm32f1xx_hal_msp.c.obj
 .debug_aranges
                0x000000f0       0xe0 CMakeFiles/motor.dir/Drivers/STM32F1xx_HAL_Driver/Src/stm32f1xx_hal.c.obj
 .debug_aranges
                0x000001d0       0x90 CMakeFiles/motor.dir/Drivers/STM32F1xx_HAL_Driver/Src/stm32f1xx_hal_rcc.c.obj
 .debug_aranges
                0x00000260       0x58 CMakeFiles/motor.dir/Drivers/STM32F1xx_HAL_Driver/Src/stm32f1xx_hal_gpio.c.obj
 .debug_aranges
                0x000002b8      0x100 CMakeFiles/motor.dir/Drivers/STM32F1xx_HAL_Driver/Src/stm32f1xx_hal_cortex.c.obj
 .debug_aranges
                0x000003b8       0x28 CMakeFiles/motor.dir/Core/Src/system_stm32f1xx.c.obj
 .debug_aranges
                0x000003e0       0x28 CMakeFiles/motor.dir/startup_stm32f103xb.s.obj

.debug_line     0x00000000     0x3c11
 .debug_line    0x00000000      0x11e /usr/lib/gcc/arm-none-eabi/13.2.1/../../../arm-none-eabi/lib/thumb/v7-m/nofp/libc_nano.a(libc_a-init.o)
 .debug_line    0x0000011e      0x1b1 /usr/lib/gcc/arm-none-eabi/13.2.1/../../../arm-none-eabi/lib/thumb/v7-m/nofp/libc_nano.a(libc_a-memset.o)
 .debug_line    0x000002cf      0x52b CMakeFiles/motor.dir/Core/Src/main.c.obj
 .debug_line    0x000007fa      0x55f CMakeFiles/motor.dir/Core/Src/stm32f1xx_it.c.obj
 .debug_line    0x00000d59      0x4b1 CMakeFiles/motor.dir/Core/Src/stm32f1xx_hal_msp.c.obj
 .debug_line    0x0000120a      0x760 CMakeFiles/motor.dir/Drivers/STM32F1xx_HAL_Driver/Src/stm32f1xx_hal.c.obj
 .debug_line    0x0000196a      0xc19 CMakeFiles/motor.dir/Drivers/STM32F1xx_HAL_Driver/Src/stm32f1xx_hal_rcc.c.obj
 .debug_line    0x00002583      0x7bd CMakeFiles/motor.dir/Drivers/STM32F1xx_HAL_Driver/Src/stm32f1xx_hal_gpio.c.obj
 .debug_line    0x00002d40      0x92a CMakeFiles/motor.dir/Drivers/STM32F1xx_HAL_Driver/Src/stm32f1xx_hal_cortex.c.obj
 .debug_line    0x0000366a      0x52f CMakeFiles/motor.dir/Core/Src/system_stm32f1xx.c.obj
 .debug_line    0x00003b99       0x78 CMakeFiles/motor.dir/startup_stm32f103xb.s.obj

.debug_str      0x00000000    0x7bb0e
 .debug_str     0x00000000    0x7bb0e /usr/lib/gcc/arm-none-eabi/13.2.1/../../../arm-none-eabi/lib/thumb/v7-m/nofp/libc_nano.a(libc_a-init.o)
                                0x1f2 (size before relaxing)
 .debug_str     0x0007bb0e      0x1a5 /usr/lib/gcc/arm-none-eabi/13.2.1/../../../arm-none-eabi/lib/thumb/v7-m/nofp/libc_nano.a(libc_a-memset.o)
 .debug_str     0x0007bb0e    0x7ab52 CMakeFiles/motor.dir/Core/Src/main.c.obj
 .debug_str     0x0007bb0e    0x7a99d CMakeFiles/motor.dir/Core/Src/stm32f1xx_it.c.obj
 .debug_str     0x0007bb0e    0x7a97d CMakeFiles/motor.dir/Core/Src/stm32f1xx_hal_msp.c.obj
 .debug_str     0x0007bb0e    0x7b0db CMakeFiles/motor.dir/Drivers/STM32F1xx_HAL_Driver/Src/stm32f1xx_hal.c.obj
 .debug_str     0x0007bb0e    0x7adc2 CMakeFiles/motor.dir/Drivers/STM32F1xx_HAL_Driver/Src/stm32f1xx_hal_rcc.c.obj
 .debug_str     0x0007bb0e    0x7ad23 CMakeFiles/motor.dir/Drivers/STM32F1xx_HAL_Driver/Src/stm32f1xx_hal_gpio.c.obj
 .debug_str     0x0007bb0e    0x7b013 CMakeFiles/motor.dir/Drivers/STM32F1xx_HAL_Driver/Src/stm32f1xx_hal_cortex.c.obj
 .debug_str     0x0007bb0e    0x7a99e CMakeFiles/motor.dir/Core/Src/system_stm32f1xx.c.obj
 .debug_str     0x0007bb0e       0x9c CMakeFiles/motor.dir/startup_stm32f103xb.s.obj

.debug_frame    0x00000000      0xd18
 .debug_frame   0x00000000       0x2c /usr/lib/gcc/arm-none-eabi/13.2.1/../../../arm-none-eabi/lib/thumb/v7-m/nofp/libc_nano.a(libc_a-init.o)
 .debug_frame   0x0000002c       0x2c /usr/lib/gcc/arm-none-eabi/13.2.1/../../../arm-none-eabi/lib/thumb/v7-m/nofp/libc_nano.a(libc_a-memset.o)
 .debug_frame   0x00000058       0x6c CMakeFiles/motor.dir/Core/Src/main.c.obj
 .debug_frame   0x000000c4      0x104 CMakeFiles/motor.dir/Core/Src/stm32f1xx_it.c.obj
 .debug_frame   0x000001c8       0x38 CMakeFiles/motor.dir/Core/Src/stm32f1xx_hal_msp.c.obj
 .debug_frame   0x00000200      0x334 CMakeFiles/motor.dir/Drivers/STM32F1xx_HAL_Driver/Src/stm32f1xx_hal.c.obj
 .debug_frame   0x00000534      0x218 CMakeFiles/motor.dir/Drivers/STM32F1xx_HAL_Driver/Src/stm32f1xx_hal_rcc.c.obj
 .debug_frame   0x0000074c      0x14c CMakeFiles/motor.dir/Drivers/STM32F1xx_HAL_Driver/Src/stm32f1xx_hal_gpio.c.obj
 .debug_frame   0x00000898      0x428 CMakeFiles/motor.dir/Drivers/STM32F1xx_HAL_Driver/Src/stm32f1xx_hal_cortex.c.obj
 .debug_frame   0x00000cc0       0x58 CMakeFiles/motor.dir/Core/Src/system_stm32f1xx.c.obj

.debug_rnglists
                0x00000000      0x2b1
 .debug_rnglists
                0x00000000       0x1f CMakeFiles/motor.dir/Core/Src/main.c.obj
 .debug_rnglists
                0x0000001f       0x43 CMakeFiles/motor.dir/Core/Src/stm32f1xx_it.c.obj
 .debug_rnglists
                0x00000062       0x13 CMakeFiles/motor.dir/Core/Src/stm32f1xx_hal_msp.c.obj
 .debug_rnglists
                0x00000075       0xa3 CMakeFiles/motor.dir/Drivers/STM32F1xx_HAL_Driver/Src/stm32f1xx_hal.c.obj
 .debug_rnglists
                0x00000118       0x6c CMakeFiles/motor.dir/Drivers/STM32F1xx_HAL_Driver/Src/stm32f1xx_hal_rcc.c.obj
 .debug_rnglists
                0x00000184       0x3f CMakeFiles/motor.dir/Drivers/STM32F1xx_HAL_Driver/Src/stm32f1xx_hal_gpio.c.obj
 .debug_rnglists
                0x000001c3       0xbb CMakeFiles/motor.dir/Drivers/STM32F1xx_HAL_Driver/Src/stm32f1xx_hal_cortex.c.obj
 .debug_rnglists
                0x0000027e       0x1a CMakeFiles/motor.dir/Core/Src/system_stm32f1xx.c.obj
 .debug_rnglists
                0x00000298       0x19 CMakeFiles/motor.dir/startup_stm32f103xb.s.obj

.debug_macro    0x00000000    0x15611
 .debug_macro   0x00000000      0x145 CMakeFiles/motor.dir/Core/Src/main.c.obj
 .debug_macro   0x00000145      0xacc CMakeFiles/motor.dir/Core/Src/main.c.obj
 .debug_macro   0x00000c11      0x20f CMakeFiles/motor.dir/Core/Src/main.c.obj
 .debug_macro   0x00000e20       0x2e CMakeFiles/motor.dir/Core/Src/main.c.obj
 .debug_macro   0x00000e4e       0x22 CMakeFiles/motor.dir/Core/Src/main.c.obj
 .debug_macro   0x00000e70      0x34e CMakeFiles/motor.dir/Core/Src/main.c.obj
 .debug_macro   0x000011be       0x1c CMakeFiles/motor.dir/Core/Src/main.c.obj
 .debug_macro   0x000011da       0x22 CMakeFiles/motor.dir/Core/Src/main.c.obj
 .debug_macro   0x000011fc       0xbd CMakeFiles/motor.dir/Core/Src/main.c.obj
 .debug_macro   0x000012b9      0xd23 CMakeFiles/motor.dir/Core/Src/main.c.obj
 .debug_macro   0x00001fdc     0xe09e CMakeFiles/motor.dir/Core/Src/main.c.obj
 .debug_macro   0x0001007a       0x6d CMakeFiles/motor.dir/Core/Src/main.c.obj
 .debug_macro   0x000100e7     0x34a2 CMakeFiles/motor.dir/Core/Src/main.c.obj
 .debug_macro   0x00013589      0x190 CMakeFiles/motor.dir/Core/Src/main.c.obj
 .debug_macro   0x00013719       0x5c CMakeFiles/motor.dir/Core/Src/main.c.obj
 .debug_macro   0x00013775      0x5bc CMakeFiles/motor.dir/Core/Src/main.c.obj
 .debug_macro   0x00013d31      0x289 CMakeFiles/motor.dir/Core/Src/main.c.obj
 .debug_macro   0x00013fba      0x1cb CMakeFiles/motor.dir/Core/Src/main.c.obj
 .debug_macro   0x00014185      0x114 CMakeFiles/motor.dir/Core/Src/main.c.obj
 .debug_macro   0x00014299      0x1b2 CMakeFiles/motor.dir/Core/Src/main.c.obj
 .debug_macro   0x0001444b       0x27 CMakeFiles/motor.dir/Core/Src/main.c.obj
 .debug_macro   0x00014472      0x136 CMakeFiles/motor.dir/Core/Src/main.c.obj
 .debug_macro   0x000145a8      0x1bc CMakeFiles/motor.dir/Core/Src/main.c.obj
 .debug_macro   0x00014764       0x34 CMakeFiles/motor.dir/Core/Src/main.c.obj
 .debug_macro   0x00014798       0x3c CMakeFiles/motor.dir/Core/Src/main.c.obj
 .debug_macro   0x000147d4       0x57 CMakeFiles/motor.dir/Core/Src/main.c.obj
 .debug_macro   0x0001482b       0x87 CMakeFiles/motor.dir/Core/Src/main.c.obj
 .debug_macro   0x000148b2      0x240 CMakeFiles/motor.dir/Core/Src/main.c.obj
 .debug_macro   0x00014af2      0x140 CMakeFiles/motor.dir/Core/Src/main.c.obj
 .debug_macro   0x00014c32       0x83 CMakeFiles/motor.dir/Core/Src/main.c.obj
 .debug_macro   0x00014cb5      0x14f CMakeFiles/motor.dir/Core/Src/stm32f1xx_it.c.obj
 .debug_macro   0x00014e04      0x145 CMakeFiles/motor.dir/Core/Src/stm32f1xx_hal_msp.c.obj
 .debug_macro   0x00014f49      0x15f CMakeFiles/motor.dir/Drivers/STM32F1xx_HAL_Driver/Src/stm32f1xx_hal.c.obj
 .debug_macro   0x000150a8      0x14d CMakeFiles/motor.dir/Drivers/STM32F1xx_HAL_Driver/Src/stm32f1xx_hal_rcc.c.obj
 .debug_macro   0x000151f5      0x1a6 CMakeFiles/motor.dir/Drivers/STM32F1xx_HAL_Driver/Src/stm32f1xx_hal_gpio.c.obj
 .debug_macro   0x0001539b      0x13b CMakeFiles/motor.dir/Drivers/STM32F1xx_HAL_Driver/Src/stm32f1xx_hal_cortex.c.obj
 .debug_macro   0x000154d6      0x13b CMakeFiles/motor.dir/Core/Src/system_stm32f1xx.c.obj

.debug_line_str
                0x00000000       0x82
 .debug_line_str
                0x00000000       0x82 CMakeFiles/motor.dir/startup_stm32f103xb.s.obj
