Archive member included to satisfy reference by file (symbol)

/usr/lib/gcc/arm-none-eabi/13.2.1/../../../arm-none-eabi/lib/thumb/v7e-m+fp/hard/libc_nano.a(libc_a-init.o)
                              /usr/lib/gcc/arm-none-eabi/13.2.1/../../../arm-none-eabi/lib/thumb/v7e-m+fp/hard/crt0.o (__libc_init_array)
/usr/lib/gcc/arm-none-eabi/13.2.1/../../../arm-none-eabi/lib/thumb/v7e-m+fp/hard/libc_nano.a(libc_a-memset.o)
                              /usr/lib/gcc/arm-none-eabi/13.2.1/../../../arm-none-eabi/lib/thumb/v7e-m+fp/hard/crt0.o (memset)
/usr/lib/gcc/arm-none-eabi/13.2.1/../../../arm-none-eabi/lib/thumb/v7e-m+fp/hard/libc_nano.a(libc_a-exit.o)
                              /usr/lib/gcc/arm-none-eabi/13.2.1/../../../arm-none-eabi/lib/thumb/v7e-m+fp/hard/crt0.o (exit)
/usr/lib/gcc/arm-none-eabi/13.2.1/../../../arm-none-eabi/lib/thumb/v7e-m+fp/hard/libc_nano.a(libc_a-atexit.o)
                              /usr/lib/gcc/arm-none-eabi/13.2.1/../../../arm-none-eabi/lib/thumb/v7e-m+fp/hard/crt0.o (atexit)
/usr/lib/gcc/arm-none-eabi/13.2.1/../../../arm-none-eabi/lib/thumb/v7e-m+fp/hard/libc_nano.a(libc_a-fini.o)
                              /usr/lib/gcc/arm-none-eabi/13.2.1/../../../arm-none-eabi/lib/thumb/v7e-m+fp/hard/crt0.o (__libc_fini_array)
/usr/lib/gcc/arm-none-eabi/13.2.1/../../../arm-none-eabi/lib/thumb/v7e-m+fp/hard/libc_nano.a(libc_a-findfp.o)
                              /usr/lib/gcc/arm-none-eabi/13.2.1/../../../arm-none-eabi/lib/thumb/v7e-m+fp/hard/libc_nano.a(libc_a-exit.o) (__stdio_exit_handler)
/usr/lib/gcc/arm-none-eabi/13.2.1/../../../arm-none-eabi/lib/thumb/v7e-m+fp/hard/libc_nano.a(libc_a-fflush.o)
                              /usr/lib/gcc/arm-none-eabi/13.2.1/../../../arm-none-eabi/lib/thumb/v7e-m+fp/hard/libc_nano.a(libc_a-findfp.o) (_fflush_r)
/usr/lib/gcc/arm-none-eabi/13.2.1/../../../arm-none-eabi/lib/thumb/v7e-m+fp/hard/libc_nano.a(libc_a-mallocr.o)
                              /usr/lib/gcc/arm-none-eabi/13.2.1/../../../arm-none-eabi/lib/thumb/v7e-m+fp/hard/libc_nano.a(libc_a-findfp.o) (_malloc_r)
/usr/lib/gcc/arm-none-eabi/13.2.1/../../../arm-none-eabi/lib/thumb/v7e-m+fp/hard/libc_nano.a(libc_a-freer.o)
                              /usr/lib/gcc/arm-none-eabi/13.2.1/../../../arm-none-eabi/lib/thumb/v7e-m+fp/hard/libc_nano.a(libc_a-fflush.o) (_free_r)
/usr/lib/gcc/arm-none-eabi/13.2.1/../../../arm-none-eabi/lib/thumb/v7e-m+fp/hard/libc_nano.a(libc_a-fwalk.o)
                              /usr/lib/gcc/arm-none-eabi/13.2.1/../../../arm-none-eabi/lib/thumb/v7e-m+fp/hard/libc_nano.a(libc_a-findfp.o) (_fwalk_sglue)
/usr/lib/gcc/arm-none-eabi/13.2.1/../../../arm-none-eabi/lib/thumb/v7e-m+fp/hard/libc_nano.a(libc_a-__atexit.o)
                              /usr/lib/gcc/arm-none-eabi/13.2.1/../../../arm-none-eabi/lib/thumb/v7e-m+fp/hard/libc_nano.a(libc_a-atexit.o) (__register_exitproc)
/usr/lib/gcc/arm-none-eabi/13.2.1/../../../arm-none-eabi/lib/thumb/v7e-m+fp/hard/libc_nano.a(libc_a-mlock.o)
                              /usr/lib/gcc/arm-none-eabi/13.2.1/../../../arm-none-eabi/lib/thumb/v7e-m+fp/hard/libc_nano.a(libc_a-mallocr.o) (__malloc_lock)
/usr/lib/gcc/arm-none-eabi/13.2.1/../../../arm-none-eabi/lib/thumb/v7e-m+fp/hard/libc_nano.a(libc_a-sbrkr.o)
                              /usr/lib/gcc/arm-none-eabi/13.2.1/../../../arm-none-eabi/lib/thumb/v7e-m+fp/hard/libc_nano.a(libc_a-mallocr.o) (_sbrk_r)
/usr/lib/gcc/arm-none-eabi/13.2.1/../../../arm-none-eabi/lib/thumb/v7e-m+fp/hard/libc_nano.a(libc_a-stdio.o)
                              /usr/lib/gcc/arm-none-eabi/13.2.1/../../../arm-none-eabi/lib/thumb/v7e-m+fp/hard/libc_nano.a(libc_a-findfp.o) (__sread)
/usr/lib/gcc/arm-none-eabi/13.2.1/../../../arm-none-eabi/lib/thumb/v7e-m+fp/hard/libc_nano.a(libc_a-impure.o)
                              /usr/lib/gcc/arm-none-eabi/13.2.1/../../../arm-none-eabi/lib/thumb/v7e-m+fp/hard/libc_nano.a(libc_a-fflush.o) (_impure_ptr)
/usr/lib/gcc/arm-none-eabi/13.2.1/../../../arm-none-eabi/lib/thumb/v7e-m+fp/hard/libc_nano.a(libc_a-closer.o)
                              /usr/lib/gcc/arm-none-eabi/13.2.1/../../../arm-none-eabi/lib/thumb/v7e-m+fp/hard/libc_nano.a(libc_a-stdio.o) (_close_r)
/usr/lib/gcc/arm-none-eabi/13.2.1/../../../arm-none-eabi/lib/thumb/v7e-m+fp/hard/libc_nano.a(libc_a-__call_atexit.o)
                              /usr/lib/gcc/arm-none-eabi/13.2.1/../../../arm-none-eabi/lib/thumb/v7e-m+fp/hard/libc_nano.a(libc_a-__atexit.o) (__call_exitprocs)
/usr/lib/gcc/arm-none-eabi/13.2.1/../../../arm-none-eabi/lib/thumb/v7e-m+fp/hard/libc_nano.a(libc_a-readr.o)
                              /usr/lib/gcc/arm-none-eabi/13.2.1/../../../arm-none-eabi/lib/thumb/v7e-m+fp/hard/libc_nano.a(libc_a-stdio.o) (_read_r)
/usr/lib/gcc/arm-none-eabi/13.2.1/../../../arm-none-eabi/lib/thumb/v7e-m+fp/hard/libc_nano.a(libc_a-reent.o)
                              /usr/lib/gcc/arm-none-eabi/13.2.1/../../../arm-none-eabi/lib/thumb/v7e-m+fp/hard/libc_nano.a(libc_a-sbrkr.o) (errno)
[...]
Memory Configuration

Name             Origin             Length             Attributes
RAM              0x20000000         0x00020000         xrw
FLASH            0x08000000         0x00080000         xr
*default*        0x00000000         0xffffffff

Linker script and memory map

LOAD /usr/lib/gcc/arm-none-eabi/13.2.1/thumb/v7e-m+fp/hard/crti.o
LOAD /usr/lib/gcc/arm-none-eabi/13.2.1/thumb/v7e-m+fp/hard/crtbegin.o
LOAD /usr/lib/gcc/arm-none-eabi/13.2.1/../../../arm-none-eabi/lib/thumb/v7e-m+fp/hard/crt0.o
START GROUP
LOAD /usr/lib/gcc/arm-none-eabi/13.2.1/../../../arm-none-eabi/lib/thumb/v7e-m+fp/hard/libc_nano.a
LOAD /usr/lib/gcc/arm-none-eabi/13.2.1/../../../arm-none-eabi/lib/thumb/v7e-m+fp/hard/libm.a
END GROUP
LOAD CMakeFiles/motorcontroller.dir/Core/Src/main.c.obj
LOAD CMakeFiles/motorcontroller.dir/Core/Src/keypad.c.obj
LOAD CMakeFiles/motorcontroller.dir/Core/Src/bitmaps.c.obj
LOAD CMakeFiles/motorcontroller.dir/Core/Src/fonts.c.obj
LOAD CMakeFiles/motorcontroller.dir/Core/Src/queue.c.obj
LOAD CMakeFiles/motorcontroller.dir/Core/Src/menu.c.obj
LOAD CMakeFiles/motorcontroller.dir/Core/Src/override.c.obj
LOAD CMakeFiles/motorcontroller.dir/Core/Src/ssd1309.c.obj
LOAD CMakeFiles/motorcontroller.dir/Core/Src/navigation.c.obj
LOAD CMakeFiles/motorcontroller.dir/Core/Src/motor.c.obj
LOAD CMakeFiles/motorcontroller.dir/Core/Src/movementprofile.c.obj
LOAD CMakeFiles/motorcontroller.dir/Core/Src/parameters.c.obj
LOAD CMakeFiles/motorcontroller.dir/Core/Src/eeprom.c.obj
LOAD CMakeFiles/motorcontroller.dir/Core/Src/enums.c.obj
LOAD CMakeFiles/motorcontroller.dir/Core/Src/stm32f4xx_it.c.obj
LOAD CMakeFiles/motorcontroller.dir/Core/Src/stm32f4xx_hal_msp.c.obj
LOAD CMakeFiles/motorcontroller.dir/Drivers/STM32F4xx_HAL_Driver/Src/stm32f4xx_hal_i2c.c.obj
LOAD CMakeFiles/motorcontroller.dir/Drivers/STM32F4xx_HAL_Driver/Src/stm32f4xx_hal_i2c_ex.c.obj
LOAD CMakeFiles/motorcontroller.dir/Drivers/STM32F4xx_HAL_Driver/Src/stm32f4xx_hal_rcc.c.obj
LOAD CMakeFiles/motorcontroller.dir/Drivers/STM32F4xx_HAL_Driver/Src/stm32f4xx_hal_rcc_ex.c.obj
LOAD CMakeFiles/motorcontroller.dir/Drivers/STM32F4xx_HAL_Driver/Src/stm32f4xx_hal_flash.c.obj
LOAD CMakeFiles/motorcontroller.dir/Drivers/STM32F4xx_HAL_Driver/Src/stm32f4xx_hal_flash_ex.c.obj
LOAD CMakeFiles/motorcontroller.dir/Drivers/STM32F4xx_HAL_Driver/Src/stm32f4xx_hal_flash_ramfunc.c.obj
LOAD CMakeFiles/motorcontroller.dir/Drivers/STM32F4xx_HAL_Driver/Src/stm32f4xx_hal_gpio.c.obj
LOAD CMakeFiles/motorcontroller.dir/Drivers/STM32F4xx_HAL_Driver/Src/stm32f4xx_hal_dma_ex.c.obj
LOAD CMakeFiles/motorcontroller.dir/Drivers/STM32F4xx_HAL_Driver/Src/stm32f4xx_hal_dma.c.obj
LOAD CMakeFiles/motorcontroller.dir/Drivers/STM32F4xx_HAL_Driver/Src/stm32f4xx_hal_pwr.c.obj
LOAD CMakeFiles/motorcontroller.dir/Drivers/STM32F4xx_HAL_Driver/Src/stm32f4xx_hal_pwr_ex.c.obj
LOAD CMakeFiles/motorcontroller.dir/Drivers/STM32F4xx_HAL_Driver/Src/stm32f4xx_hal_cortex.c.obj
LOAD CMakeFiles/motorcontroller.dir/Drivers/STM32F4xx_HAL_Driver/Src/stm32f4xx_hal.c.obj
LOAD CMakeFiles/motorcontroller.dir/Drivers/STM32F4xx_HAL_Driver/Src/stm32f4xx_hal_exti.c.obj
LOAD CMakeFiles/motorcontroller.dir/Drivers/STM32F4xx_HAL_Driver/Src/stm32f4xx_hal_tim.c.obj
LOAD CMakeFiles/motorcontroller.dir/Drivers/STM32F4xx_HAL_Driver/Src/stm32f4xx_hal_tim_ex.c.obj
LOAD CMakeFiles/motorcontroller.dir/Drivers/STM32F4xx_HAL_Driver/Src/stm32f4xx_hal_uart.c.obj
LOAD CMakeFiles/motorcontroller.dir/Core/Src/system_stm32f4xx.c.obj
LOAD CMakeFiles/motorcontroller.dir/Core/Src/sysmem.c.obj
LOAD CMakeFiles/motorcontroller.dir/Core/Src/syscalls.c.obj
LOAD CMakeFiles/motorcontroller.dir/startup_stm32f411xe.s.obj
START GROUP
LOAD /usr/lib/gcc/arm-none-eabi/13.2.1/thumb/v7e-m+fp/hard/libgcc.a
LOAD /usr/lib/gcc/arm-none-eabi/13.2.1/../../../arm-none-eabi/lib/thumb/v7e-m+fp/hard/libg_nano.a
LOAD /usr/lib/gcc/arm-none-eabi/13.2.1/../../../arm-none-eabi/lib/thumb/v7e-m+fp/hard/libc_nano.a
END GROUP
START GROUP
LOAD /usr/lib/gcc/arm-none-eabi/13.2.1/thumb/v7e-m+fp/hard/libgcc.a
LOAD /usr/lib/gcc/arm-none-eabi/13.2.1/../../../arm-none-eabi/lib/thumb/v7e-m+fp/hard/libc_nano.a
END GROUP
LOAD /usr/lib/gcc/arm-none-eabi/13.2.1/thumb/v7e-m+fp/hard/crtend.o
LOAD /usr/lib/gcc/arm-none-eabi/13.2.1/thumb/v7e-m+fp/hard/crtn.o
                0x20020000                        _estack = (ORIGIN (RAM) + LENGTH (RAM))
                0x00000200                        _Min_Heap_Size = 0x200
                0x00000400                        _Min_Stack_Size = 0x400

.isr_vector     0x08000000      0x198
                0x08000000                        . = ALIGN (0x4)
 *(.isr_vector)
 .isr_vector    0x08000000      0x198 CMakeFiles/motorcontroller.dir/startup_stm32f411xe.s.obj
                0x08000000                g_pfnVectors
                0x08000198                        . = ALIGN (0x4)

.text           0x080001c0     0x6f8c
                0x080001c0                        . = ALIGN (0x4)
 *(.text)
 .text          0x080001c0       0x88 /usr/lib/gcc/arm-none-eabi/13.2.1/thumb/v7e-m+fp/hard/crtbegin.o
 .text          0x08000248       0x50 /usr/lib/gcc/arm-none-eabi/13.2.1/../../../arm-none-eabi/lib/thumb/v7e-m+fp/hard/libc_nano.a(libc_a-init.o)
                0x08000248                __libc_init_array
 .text          0x08000298       0xa4 /usr/lib/gcc/arm-none-eabi/13.2.1/../../../arm-none-eabi/lib/thumb/v7e-m+fp/hard/libc_nano.a(libc_a-memset.o)
                0x08000298                memset
 .text          0x0800033c      0x378 /usr/lib/gcc/arm-none-eabi/13.2.1/thumb/v7e-m+fp/hard/libgcc.a(_arm_addsubdf3.o)
                0x0800033c                __aeabi_drsub
                0x08000344                __aeabi_dsub
                0x08000344                __subdf3
                0x08000348                __adddf3
                0x08000348                __aeabi_dadd
                0x080005c0                __aeabi_ui2d
                0x080005c0                __floatunsidf
                0x080005e0                __floatsidf
                0x080005e0                __aeabi_i2d
                0x08000604                __extendsfdf2
                0x08000604                __aeabi_f2d
                0x08000648                __aeabi_ul2d
                0x08000648                __floatundidf
                0x08000658                __floatdidf
                0x08000658                __aeabi_l2d
 .text          0x080006b4      0x424 /usr/lib/gcc/arm-none-eabi/13.2.1/thumb/v7e-m+fp/hard/libgcc.a(_arm_muldivdf3.o)
                0x080006b4                __aeabi_dmul
                0x080006b4                __muldf3
                0x08000908                __aeabi_ddiv
                0x08000908                __divdf3
 .text          0x08000ad8       0xa0 /usr/lib/gcc/arm-none-eabi/13.2.1/thumb/v7e-m+fp/hard/libgcc.a(_arm_truncdfsf2.o)
                0x08000ad8                __aeabi_d2f
                0x08000ad8                __truncdfsf2
 .text          0x08000b78      0x21c /usr/lib/gcc/arm-none-eabi/13.2.1/thumb/v7e-m+fp/hard/libgcc.a(_arm_addsubsf3.o)
                0x08000b78                __aeabi_frsub
                0x08000b80                __subsf3
                0x08000b80                __aeabi_fsub
                0x08000b84                __aeabi_fadd
                0x08000b84                __addsf3
                0x08000ce4                __aeabi_ui2f
                0x08000ce4                __floatunsisf
                0x08000cec                __aeabi_i2f
                0x08000cec                __floatsisf
                0x08000d08                __floatundisf
                0x08000d08                __aeabi_ul2f
                0x08000d18                __floatdisf
                0x08000d18                __aeabi_l2f
 .text          0x08000d94       0xa0 /usr/lib/gcc/arm-none-eabi/13.2.1/thumb/v7e-m+fp/hard/libgcc.a(_aeabi_ldivmod.o)
                0x08000d94                __aeabi_ldivmod
 .text          0x08000e34       0x30 /usr/lib/gcc/arm-none-eabi/13.2.1/thumb/v7e-m+fp/hard/libgcc.a(_aeabi_uldivmod.o)
                0x08000e34                __aeabi_uldivmod
 .text          0x08000e64       0x28 /usr/lib/gcc/arm-none-eabi/13.2.1/thumb/v7e-m+fp/hard/libgcc.a(_fixsfdi.o)
                0x08000e64                __aeabi_f2lz
                0x08000e64                __fixsfdi
 .text          0x08000e8c       0x40 /usr/lib/gcc/arm-none-eabi/13.2.1/thumb/v7e-m+fp/hard/libgcc.a(_fixunssfdi.o)
                0x08000e8c                __aeabi_f2ulz
                0x08000e8c                __fixunssfdi
 .text          0x08000ecc      0x2bc /usr/lib/gcc/arm-none-eabi/13.2.1/thumb/v7e-m+fp/hard/libgcc.a(_udivmoddi4.o)
                0x08000ecc                __udivmoddi4
 .text          0x08001188        0x4 /usr/lib/gcc/arm-none-eabi/13.2.1/thumb/v7e-m+fp/hard/libgcc.a(_dvmd_tls.o)
                0x08001188                __aeabi_ldiv0
                0x08001188                __aeabi_idiv0
 .text          0x0800118c       0x40 /usr/lib/gcc/arm-none-eabi/13.2.1/thumb/v7e-m+fp/hard/libgcc.a(_arm_fixunsdfsi.o)
                0x0800118c                __fixunsdfsi
                0x0800118c                __aeabi_d2uiz
 *fill*         0x080011cc       0x34 
 .text          0x08001200       0xd8 /usr/lib/gcc/arm-none-eabi/13.2.1/../../../arm-none-eabi/lib/thumb/v7e-m+fp/hard/libg_nano.a(libc_a-strlen.o)
                0x08001200                strlen
 .text          0x080012d8        0xc /usr/lib/gcc/arm-none-eabi/13.2.1/../../../arm-none-eabi/lib/thumb/v7e-m+fp/hard/libg_nano.a(libc_a-errno.o)
                0x080012d8                __errno
 .text          0x080012e4      0x110 /usr/lib/gcc/arm-none-eabi/13.2.1/thumb/v7e-m+fp/hard/libgcc.a(_arm_cmpdf2.o)
                0x080012e4                __gtdf2
                0x080012e4                __gedf2
                0x080012ec                __ltdf2
                0x080012ec                __ledf2
                0x080012f4                __cmpdf2
                0x080012f4                __eqdf2
                0x080012f4                __nedf2
                0x08001370                __aeabi_cdrcmple
                0x08001380                __aeabi_cdcmple
                0x08001380                __aeabi_cdcmpeq
                0x08001390                __aeabi_dcmpeq
                0x080013a4                __aeabi_dcmplt
                0x080013b8                __aeabi_dcmple
                0x080013cc                __aeabi_dcmpge
                0x080013e0                __aeabi_dcmpgt
 .text          0x080013f4       0x2c /usr/lib/gcc/arm-none-eabi/13.2.1/thumb/v7e-m+fp/hard/libgcc.a(_arm_unorddf2.o)
                0x080013f4                __aeabi_dcmpun
                0x080013f4                __unorddf2
 .text          0x08001420       0xf0 /usr/lib/gcc/arm-none-eabi/13.2.1/../../../arm-none-eabi/lib/thumb/v7e-m+fp/hard/libm.a(libm_a-w_pow.o)
                0x08001420                pow
 .text          0x08001510       0x44 /usr/lib/gcc/arm-none-eabi/13.2.1/../../../arm-none-eabi/lib/thumb/v7e-m+fp/hard/libm.a(libm_a-wf_sqrt.o)
                0x08001510                sqrtf
 *fill*         0x08001554        0x4 
 .text          0x08001558      0xc14 /usr/lib/gcc/arm-none-eabi/13.2.1/../../../arm-none-eabi/lib/thumb/v7e-m+fp/hard/libm.a(libm_a-e_pow.o)
                0x08001558                __ieee754_pow
 .text          0x0800216c      0x1ec /usr/lib/gcc/arm-none-eabi/13.2.1/../../../arm-none-eabi/lib/thumb/v7e-m+fp/hard/libm.a(libm_a-e_sqrt.o)
                0x0800216c                __ieee754_sqrt
 .text          0x08002358       0x18 /usr/lib/gcc/arm-none-eabi/13.2.1/../../../arm-none-eabi/lib/thumb/v7e-m+fp/hard/libm.a(libm_a-s_finite.o)
                0x08002358                finite
 .text          0x08002370       0x10 /usr/lib/gcc/arm-none-eabi/13.2.1/../../../arm-none-eabi/lib/thumb/v7e-m+fp/hard/libm.a(libm_a-s_fabs.o)
                0x08002370                fabs
 .text          0x08002380      0x180 /usr/lib/gcc/arm-none-eabi/13.2.1/../../../arm-none-eabi/lib/thumb/v7e-m+fp/hard/libm.a(libm_a-math_err.o)
                0x080023d8                __math_uflow
                0x080023e8                __math_may_uflow
                0x080023f8                __math_oflow
                0x08002408                __math_divzero
                0x0800243c                __math_invalid
                0x08002488                __math_check_uflow
                0x080024c0                __math_check_oflow
 .text          0x08002500        0x8 /usr/lib/gcc/arm-none-eabi/13.2.1/../../../arm-none-eabi/lib/thumb/v7e-m+fp/hard/libm.a(libm_a-ef_sqrt.o)
                0x08002500                __ieee754_sqrtf
 .text          0x08002508      0x114 /usr/lib/gcc/arm-none-eabi/13.2.1/../../../arm-none-eabi/lib/thumb/v7e-m+fp/hard/libm.a(libm_a-s_scalbn.o)
                0x08002508                scalbn
 *(.text*)
 .text.main     0x0800261c       0x94 CMakeFiles/motorcontroller.dir/Core/Src/main.c.obj
                0x0800261c                main
 .text.SystemClock_Config
                0x080026b0       0xd4 CMakeFiles/motorcontroller.dir/Core/Src/main.c.obj
                0x080026b0                SystemClock_Config
 .text.MX_I2C1_Init
                0x08002784       0x5c CMakeFiles/motorcontroller.dir/Core/Src/main.c.obj
 .text.MX_I2C2_Init
                0x080027e0       0x5c CMakeFiles/motorcontroller.dir/Core/Src/main.c.obj
 .text.MX_TIM2_Init
                0x0800283c       0x98 CMakeFiles/motorcontroller.dir/Core/Src/main.c.obj
 .text.MX_TIM3_Init
                0x080028d4       0xfc CMakeFiles/motorcontroller.dir/Core/Src/main.c.obj
 .text.MX_USART2_UART_Init
                0x080029d0       0x54 CMakeFiles/motorcontroller.dir/Core/Src/main.c.obj
 .text.MX_GPIO_Init
                0x08002a24      0x170 CMakeFiles/motorcontroller.dir/Core/Src/main.c.obj
 .text.Error_Handler
                0x08002b94        0xc CMakeFiles/motorcontroller.dir/Core/Src/main.c.obj
                0x08002b94                Error_Handler
 .text.keypadTIMHandler
                0x08002ba0       0x58 CMakeFiles/motorcontroller.dir/Core/Src/keypad.c.obj
                0x08002ba0                keypadTIMHandler
 .text.keypadEXTIHandler
                0x08002bf8       0xbc CMakeFiles/motorcontroller.dir/Core/Src/keypad.c.obj
                0x08002bf8                keypadEXTIHandler
 .text.isQueueFull
                0x08002cb4       0x22 CMakeFiles/motorcontroller.dir/Core/Src/queue.c.obj
                0x08002cb4                isQueueFull
 .text.enqueue  0x08002cd6       0x58 CMakeFiles/motorcontroller.dir/Core/Src/queue.c.obj
                0x08002cd6                enqueue
 .text.HAL_TIM_PeriodElapsedCallback
                0x08002d2e       0x22 CMakeFiles/motorcontroller.dir/Core/Src/override.c.obj
                0x08002d2e                HAL_TIM_PeriodElapsedCallback
 .text.HAL_GPIO_EXTI_Callback
                0x08002d50       0x2a CMakeFiles/motorcontroller.dir/Core/Src/override.c.obj
                0x08002d50                HAL_GPIO_EXTI_Callback
 .text.SSD1309_reset
                0x08002d7a        0xe CMakeFiles/motorcontroller.dir/Core/Src/ssd1309.c.obj
                0x08002d7a                SSD1309_reset
 .text.SSD1309_sendCommand
                0x08002d88       0x30 CMakeFiles/motorcontroller.dir/Core/Src/ssd1309.c.obj
                0x08002d88                SSD1309_sendCommand
 .text.SSD1309_sendData
                0x08002db8       0x34 CMakeFiles/motorcontroller.dir/Core/Src/ssd1309.c.obj
                0x08002db8                SSD1309_sendData
 .text.SSD1309_init
                0x08002dec       0xc4 CMakeFiles/motorcontroller.dir/Core/Src/ssd1309.c.obj
                0x08002dec                SSD1309_init
 .text.SSD1309_update
                0x08002eb0       0x18 CMakeFiles/motorcontroller.dir/Core/Src/ssd1309.c.obj
                0x08002eb0                SSD1309_update
 .text.SSD1309_setPixel
                0x08002ec8       0x94 CMakeFiles/motorcontroller.dir/Core/Src/ssd1309.c.obj
                0x08002ec8                SSD1309_setPixel
 .text.SSD1309_drawBitmap
                0x08002f5c       0xba CMakeFiles/motorcontroller.dir/Core/Src/ssd1309.c.obj
                0x08002f5c                SSD1309_drawBitmap
 *fill*         0x08003016        0x2 
 .text.SSD1309_drawText
                0x08003018       0xd0 CMakeFiles/motorcontroller.dir/Core/Src/ssd1309.c.obj
                0x08003018                SSD1309_drawText
 .text.dtoa     0x080030e8      0x23c CMakeFiles/motorcontroller.dir/Core/Src/navigation.c.obj
                0x080030e8                dtoa
 .text.setMoveStatus
                0x08003324       0x20 CMakeFiles/motorcontroller.dir/Core/Src/motor.c.obj
                0x08003324                setMoveStatus
 .text.getHandle
                0x08003344       0x18 CMakeFiles/motorcontroller.dir/Core/Src/motor.c.obj
                0x08003344                getHandle
 .text.getHomePin
                0x0800335c       0x18 CMakeFiles/motorcontroller.dir/Core/Src/motor.c.obj
                0x0800335c                getHomePin
 .text.getMovementProfile
                0x08003374       0x18 CMakeFiles/motorcontroller.dir/Core/Src/motor.c.obj
                0x08003374                getMovementProfile
 .text.motorOCCallback
                0x0800338c      0x120 CMakeFiles/motorcontroller.dir/Core/Src/motor.c.obj
                0x0800338c                motorOCCallback
 .text.homeSensor
                0x080034ac       0x9c CMakeFiles/motorcontroller.dir/Core/Src/motor.c.obj
                0x080034ac                homeSensor
 .text.HAL_TIM_OC_DelayElapsedCallback
                0x08003548       0x28 CMakeFiles/motorcontroller.dir/Core/Src/motor.c.obj
                0x08003548                HAL_TIM_OC_DelayElapsedCallback
 .text.switchEXTIHandler
                0x08003570       0x2c CMakeFiles/motorcontroller.dir/Core/Src/motor.c.obj
                0x08003570                switchEXTIHandler
 .text.getRemainingPulses
                0x0800359c       0x18 CMakeFiles/motorcontroller.dir/Core/Src/movementprofile.c.obj
                0x0800359c                getRemainingPulses
 .text.getNextTick
                0x080035b4       0x18 CMakeFiles/motorcontroller.dir/Core/Src/movementprofile.c.obj
                0x080035b4                getNextTick
 .text.getHomingTicks
                0x080035cc       0x18 CMakeFiles/motorcontroller.dir/Core/Src/movementprofile.c.obj
                0x080035cc                getHomingTicks
 .text.setHomingPulseIntervals
                0x080035e4       0x58 CMakeFiles/motorcontroller.dir/Core/Src/movementprofile.c.obj
                0x080035e4                setHomingPulseIntervals
 .text.incrementStepIndex
                0x0800363c       0x1e CMakeFiles/motorcontroller.dir/Core/Src/movementprofile.c.obj
                0x0800363c                incrementStepIndex
 .text.decrementRemainingPulses
                0x0800365a       0x1e CMakeFiles/motorcontroller.dir/Core/Src/movementprofile.c.obj
                0x0800365a                decrementRemainingPulses
 .text.setNextTick
                0x08003678      0x176 CMakeFiles/motorcontroller.dir/Core/Src/movementprofile.c.obj
                0x08003678                setNextTick
 *fill*         0x080037ee        0x2 
 .text.write    0x080037f0       0x34 CMakeFiles/motorcontroller.dir/Core/Src/eeprom.c.obj
                0x080037f0                write
 .text.read     0x08003824       0x34 CMakeFiles/motorcontroller.dir/Core/Src/eeprom.c.obj
                0x08003824                read
 .text.NMI_Handler
                0x08003858        0x8 CMakeFiles/motorcontroller.dir/Core/Src/stm32f4xx_it.c.obj
                0x08003858                NMI_Handler
 .text.HardFault_Handler
                0x08003860        0x8 CMakeFiles/motorcontroller.dir/Core/Src/stm32f4xx_it.c.obj
                0x08003860                HardFault_Handler
 .text.MemManage_Handler
                0x08003868        0x8 CMakeFiles/motorcontroller.dir/Core/Src/stm32f4xx_it.c.obj
                0x08003868                MemManage_Handler
 .text.BusFault_Handler
                0x08003870        0x8 CMakeFiles/motorcontroller.dir/Core/Src/stm32f4xx_it.c.obj
                0x08003870                BusFault_Handler
 .text.UsageFault_Handler
                0x08003878        0x8 CMakeFiles/motorcontroller.dir/Core/Src/stm32f4xx_it.c.obj
                0x08003878                UsageFault_Handler
 .text.SVC_Handler
                0x08003880        0xe CMakeFiles/motorcontroller.dir/Core/Src/stm32f4xx_it.c.obj
                0x08003880                SVC_Handler
 .text.DebugMon_Handler
                0x0800388e        0xe CMakeFiles/motorcontroller.dir/Core/Src/stm32f4xx_it.c.obj
                0x0800388e                DebugMon_Handler
 .text.PendSV_Handler
                0x0800389c        0xe CMakeFiles/motorcontroller.dir/Core/Src/stm32f4xx_it.c.obj
                0x0800389c                PendSV_Handler
 .text.SysTick_Handler
                0x080038aa        0xc CMakeFiles/motorcontroller.dir/Core/Src/stm32f4xx_it.c.obj
                0x080038aa                SysTick_Handler
 .text.EXTI0_IRQHandler
                0x080038b6        0xe CMakeFiles/motorcontroller.dir/Core/Src/stm32f4xx_it.c.obj
                0x080038b6                EXTI0_IRQHandler
 .text.EXTI4_IRQHandler
                0x080038c4        0xe CMakeFiles/motorcontroller.dir/Core/Src/stm32f4xx_it.c.obj
                0x080038c4                EXTI4_IRQHandler
 *fill*         0x080038d2        0x2 
 .text.EXTI9_5_IRQHandler
                0x080038d4       0x4c CMakeFiles/motorcontroller.dir/Core/Src/stm32f4xx_it.c.obj
                0x080038d4                EXTI9_5_IRQHandler
 .text.TIM2_IRQHandler
                0x08003920       0x14 CMakeFiles/motorcontroller.dir/Core/Src/stm32f4xx_it.c.obj
                0x08003920                TIM2_IRQHandler
 .text.TIM3_IRQHandler
                0x08003934       0x14 CMakeFiles/motorcontroller.dir/Core/Src/stm32f4xx_it.c.obj
                0x08003934                TIM3_IRQHandler
 .text.HAL_MspInit
                0x08003948       0x50 CMakeFiles/motorcontroller.dir/Core/Src/stm32f4xx_hal_msp.c.obj
                0x08003948                HAL_MspInit
 .text.HAL_I2C_MspInit
                0x08003998      0x11c CMakeFiles/motorcontroller.dir/Core/Src/stm32f4xx_hal_msp.c.obj
                0x08003998                HAL_I2C_MspInit
 .text.HAL_TIM_Base_MspInit
                0x08003ab4       0x88 CMakeFiles/motorcontroller.dir/Core/Src/stm32f4xx_hal_msp.c.obj
                0x08003ab4                HAL_TIM_Base_MspInit
 .text.HAL_TIM_MspPostInit
                0x08003b3c       0x74 CMakeFiles/motorcontroller.dir/Core/Src/stm32f4xx_hal_msp.c.obj
                0x08003b3c                HAL_TIM_MspPostInit
 .text.HAL_UART_MspInit
                0x08003bb0       0x90 CMakeFiles/motorcontroller.dir/Core/Src/stm32f4xx_hal_msp.c.obj
                0x08003bb0                HAL_UART_MspInit
 .text.HAL_I2C_Init
                0x08003c40      0x288 CMakeFiles/motorcontroller.dir/Drivers/STM32F4xx_HAL_Driver/Src/stm32f4xx_hal_i2c.c.obj
                0x08003c40                HAL_I2C_Init
 .text.HAL_I2C_Mem_Write
                0x08003ec8      0x1f4 CMakeFiles/motorcontroller.dir/Drivers/STM32F4xx_HAL_Driver/Src/stm32f4xx_hal_i2c.c.obj
                0x08003ec8                HAL_I2C_Mem_Write
 .text.HAL_I2C_Mem_Read
                0x080040bc      0x464 CMakeFiles/motorcontroller.dir/Drivers/STM32F4xx_HAL_Driver/Src/stm32f4xx_hal_i2c.c.obj
                0x080040bc                HAL_I2C_Mem_Read
 .text.I2C_RequestMemoryWrite
                0x08004520      0x12c CMakeFiles/motorcontroller.dir/Drivers/STM32F4xx_HAL_Driver/Src/stm32f4xx_hal_i2c.c.obj
 .text.I2C_RequestMemoryRead
                0x0800464c      0x1d0 CMakeFiles/motorcontroller.dir/Drivers/STM32F4xx_HAL_Driver/Src/stm32f4xx_hal_i2c.c.obj
 .text.I2C_WaitOnFlagUntilTimeout
                0x0800481c       0xf4 CMakeFiles/motorcontroller.dir/Drivers/STM32F4xx_HAL_Driver/Src/stm32f4xx_hal_i2c.c.obj
 .text.I2C_WaitOnMasterAddressFlagUntilTimeout
                0x08004910      0x140 CMakeFiles/motorcontroller.dir/Drivers/STM32F4xx_HAL_Driver/Src/stm32f4xx_hal_i2c.c.obj
 .text.I2C_WaitOnTXEFlagUntilTimeout
                0x08004a50       0x90 CMakeFiles/motorcontroller.dir/Drivers/STM32F4xx_HAL_Driver/Src/stm32f4xx_hal_i2c.c.obj
 .text.I2C_WaitOnBTFFlagUntilTimeout
                0x08004ae0       0x90 CMakeFiles/motorcontroller.dir/Drivers/STM32F4xx_HAL_Driver/Src/stm32f4xx_hal_i2c.c.obj
 .text.I2C_WaitOnRXNEFlagUntilTimeout
                0x08004b70       0xba CMakeFiles/motorcontroller.dir/Drivers/STM32F4xx_HAL_Driver/Src/stm32f4xx_hal_i2c.c.obj
 .text.I2C_IsAcknowledgeFailed
                0x08004c2a       0x5e CMakeFiles/motorcontroller.dir/Drivers/STM32F4xx_HAL_Driver/Src/stm32f4xx_hal_i2c.c.obj
 .text.HAL_RCC_OscConfig
                0x08004c88      0x4f0 CMakeFiles/motorcontroller.dir/Drivers/STM32F4xx_HAL_Driver/Src/stm32f4xx_hal_rcc.c.obj
                0x08004c88                HAL_RCC_OscConfig
 .text.HAL_RCC_ClockConfig
                0x08005178      0x1cc CMakeFiles/motorcontroller.dir/Drivers/STM32F4xx_HAL_Driver/Src/stm32f4xx_hal_rcc.c.obj
                0x08005178                HAL_RCC_ClockConfig
 .text.HAL_RCC_GetSysClockFreq
                0x08005344      0x20c CMakeFiles/motorcontroller.dir/Drivers/STM32F4xx_HAL_Driver/Src/stm32f4xx_hal_rcc.c.obj
                0x08005344                HAL_RCC_GetSysClockFreq
 .text.HAL_RCC_GetHCLKFreq
                0x08005550       0x18 CMakeFiles/motorcontroller.dir/Drivers/STM32F4xx_HAL_Driver/Src/stm32f4xx_hal_rcc.c.obj
                0x08005550                HAL_RCC_GetHCLKFreq
 .text.HAL_RCC_GetPCLK1Freq
                0x08005568       0x28 CMakeFiles/motorcontroller.dir/Drivers/STM32F4xx_HAL_Driver/Src/stm32f4xx_hal_rcc.c.obj
                0x08005568                HAL_RCC_GetPCLK1Freq
 .text.HAL_RCC_GetPCLK2Freq
                0x08005590       0x28 CMakeFiles/motorcontroller.dir/Drivers/STM32F4xx_HAL_Driver/Src/stm32f4xx_hal_rcc.c.obj
                0x08005590                HAL_RCC_GetPCLK2Freq
 .text.HAL_GPIO_Init
                0x080055b8      0x308 CMakeFiles/motorcontroller.dir/Drivers/STM32F4xx_HAL_Driver/Src/stm32f4xx_hal_gpio.c.obj
                0x080055b8                HAL_GPIO_Init
 .text.HAL_GPIO_ReadPin
                0x080058c0       0x30 CMakeFiles/motorcontroller.dir/Drivers/STM32F4xx_HAL_Driver/Src/stm32f4xx_hal_gpio.c.obj
                0x080058c0                HAL_GPIO_ReadPin
 .text.HAL_GPIO_WritePin
                0x080058f0       0x32 CMakeFiles/motorcontroller.dir/Drivers/STM32F4xx_HAL_Driver/Src/stm32f4xx_hal_gpio.c.obj
                0x080058f0                HAL_GPIO_WritePin
 *fill*         0x08005922        0x2 
 .text.HAL_GPIO_EXTI_IRQHandler
                0x08005924       0x30 CMakeFiles/motorcontroller.dir/Drivers/STM32F4xx_HAL_Driver/Src/stm32f4xx_hal_gpio.c.obj
                0x08005924                HAL_GPIO_EXTI_IRQHandler
 .text.__NVIC_SetPriorityGrouping
                0x08005954       0x48 CMakeFiles/motorcontroller.dir/Drivers/STM32F4xx_HAL_Driver/Src/stm32f4xx_hal_cortex.c.obj
 .text.__NVIC_GetPriorityGrouping
                0x0800599c       0x1c CMakeFiles/motorcontroller.dir/Drivers/STM32F4xx_HAL_Driver/Src/stm32f4xx_hal_cortex.c.obj
 .text.__NVIC_EnableIRQ
                0x080059b8       0x3c CMakeFiles/motorcontroller.dir/Drivers/STM32F4xx_HAL_Driver/Src/stm32f4xx_hal_cortex.c.obj
 .text.__NVIC_SetPriority
                0x080059f4       0x54 CMakeFiles/motorcontroller.dir/Drivers/STM32F4xx_HAL_Driver/Src/stm32f4xx_hal_cortex.c.obj
 .text.NVIC_EncodePriority
                0x08005a48       0x66 CMakeFiles/motorcontroller.dir/Drivers/STM32F4xx_HAL_Driver/Src/stm32f4xx_hal_cortex.c.obj
 *fill*         0x08005aae        0x2 
 .text.SysTick_Config
                0x08005ab0       0x44 CMakeFiles/motorcontroller.dir/Drivers/STM32F4xx_HAL_Driver/Src/stm32f4xx_hal_cortex.c.obj
 .text.HAL_NVIC_SetPriorityGrouping
                0x08005af4       0x16 CMakeFiles/motorcontroller.dir/Drivers/STM32F4xx_HAL_Driver/Src/stm32f4xx_hal_cortex.c.obj
                0x08005af4                HAL_NVIC_SetPriorityGrouping
 .text.HAL_NVIC_SetPriority
                0x08005b0a       0x38 CMakeFiles/motorcontroller.dir/Drivers/STM32F4xx_HAL_Driver/Src/stm32f4xx_hal_cortex.c.obj
                0x08005b0a                HAL_NVIC_SetPriority
 .text.HAL_NVIC_EnableIRQ
                0x08005b42       0x1c CMakeFiles/motorcontroller.dir/Drivers/STM32F4xx_HAL_Driver/Src/stm32f4xx_hal_cortex.c.obj
                0x08005b42                HAL_NVIC_EnableIRQ
 .text.HAL_SYSTICK_Config
                0x08005b5e       0x18 CMakeFiles/motorcontroller.dir/Drivers/STM32F4xx_HAL_Driver/Src/stm32f4xx_hal_cortex.c.obj
                0x08005b5e                HAL_SYSTICK_Config
 *fill*         0x08005b76        0x2 
 .text.HAL_Init
                0x08005b78       0x44 CMakeFiles/motorcontroller.dir/Drivers/STM32F4xx_HAL_Driver/Src/stm32f4xx_hal.c.obj
                0x08005b78                HAL_Init
 .text.HAL_InitTick
                0x08005bbc       0x60 CMakeFiles/motorcontroller.dir/Drivers/STM32F4xx_HAL_Driver/Src/stm32f4xx_hal.c.obj
                0x08005bbc                HAL_InitTick
 .text.HAL_IncTick
                0x08005c1c       0x28 CMakeFiles/motorcontroller.dir/Drivers/STM32F4xx_HAL_Driver/Src/stm32f4xx_hal.c.obj
                0x08005c1c                HAL_IncTick
 .text.HAL_GetTick
                0x08005c44       0x18 CMakeFiles/motorcontroller.dir/Drivers/STM32F4xx_HAL_Driver/Src/stm32f4xx_hal.c.obj
                0x08005c44                HAL_GetTick
 .text.HAL_Delay
                0x08005c5c       0x48 CMakeFiles/motorcontroller.dir/Drivers/STM32F4xx_HAL_Driver/Src/stm32f4xx_hal.c.obj
                0x08005c5c                HAL_Delay
 .text.HAL_TIM_Base_Init
                0x08005ca4       0x9e CMakeFiles/motorcontroller.dir/Drivers/STM32F4xx_HAL_Driver/Src/stm32f4xx_hal_tim.c.obj
                0x08005ca4                HAL_TIM_Base_Init
 *fill*         0x08005d42        0x2 
 .text.HAL_TIM_OC_Stop_IT
                0x08005d44      0x164 CMakeFiles/motorcontroller.dir/Drivers/STM32F4xx_HAL_Driver/Src/stm32f4xx_hal_tim.c.obj
                0x08005d44                HAL_TIM_OC_Stop_IT
 .text.HAL_TIM_PWM_Init
                0x08005ea8       0x9e CMakeFiles/motorcontroller.dir/Drivers/STM32F4xx_HAL_Driver/Src/stm32f4xx_hal_tim.c.obj
                0x08005ea8                HAL_TIM_PWM_Init
 .text.HAL_TIM_PWM_MspInit
                0x08005f46       0x14 CMakeFiles/motorcontroller.dir/Drivers/STM32F4xx_HAL_Driver/Src/stm32f4xx_hal_tim.c.obj
                0x08005f46                HAL_TIM_PWM_MspInit
 .text.HAL_TIM_IRQHandler
                0x08005f5a      0x1e0 CMakeFiles/motorcontroller.dir/Drivers/STM32F4xx_HAL_Driver/Src/stm32f4xx_hal_tim.c.obj
                0x08005f5a                HAL_TIM_IRQHandler
 *fill*         0x0800613a        0x2 
 .text.HAL_TIM_PWM_ConfigChannel
                0x0800613c      0x184 CMakeFiles/motorcontroller.dir/Drivers/STM32F4xx_HAL_Driver/Src/stm32f4xx_hal_tim.c.obj
                0x0800613c                HAL_TIM_PWM_ConfigChannel
 .text.HAL_TIM_ConfigClockSource
                0x080062c0      0x18e CMakeFiles/motorcontroller.dir/Drivers/STM32F4xx_HAL_Driver/Src/stm32f4xx_hal_tim.c.obj
                0x080062c0                HAL_TIM_ConfigClockSource
 .text.HAL_TIM_IC_CaptureCallback
                0x0800644e       0x14 CMakeFiles/motorcontroller.dir/Drivers/STM32F4xx_HAL_Driver/Src/stm32f4xx_hal_tim.c.obj
                0x0800644e                HAL_TIM_IC_CaptureCallback
 .text.HAL_TIM_PWM_PulseFinishedCallback
                0x08006462       0x14 CMakeFiles/motorcontroller.dir/Drivers/STM32F4xx_HAL_Driver/Src/stm32f4xx_hal_tim.c.obj
                0x08006462                HAL_TIM_PWM_PulseFinishedCallback
 .text.HAL_TIM_TriggerCallback
                0x08006476       0x14 CMakeFiles/motorcontroller.dir/Drivers/STM32F4xx_HAL_Driver/Src/stm32f4xx_hal_tim.c.obj
                0x08006476                HAL_TIM_TriggerCallback
 *fill*         0x0800648a        0x2 
 .text.TIM_Base_SetConfig
                0x0800648c      0x10c CMakeFiles/motorcontroller.dir/Drivers/STM32F4xx_HAL_Driver/Src/stm32f4xx_hal_tim.c.obj
                0x0800648c                TIM_Base_SetConfig
 .text.TIM_OC1_SetConfig
                0x08006598       0xcc CMakeFiles/motorcontroller.dir/Drivers/STM32F4xx_HAL_Driver/Src/stm32f4xx_hal_tim.c.obj
 .text.TIM_OC2_SetConfig
                0x08006664       0xd8 CMakeFiles/motorcontroller.dir/Drivers/STM32F4xx_HAL_Driver/Src/stm32f4xx_hal_tim.c.obj
                0x08006664                TIM_OC2_SetConfig
 .text.TIM_OC3_SetConfig
                0x0800673c       0xd4 CMakeFiles/motorcontroller.dir/Drivers/STM32F4xx_HAL_Driver/Src/stm32f4xx_hal_tim.c.obj
 .text.TIM_OC4_SetConfig
                0x08006810       0xa0 CMakeFiles/motorcontroller.dir/Drivers/STM32F4xx_HAL_Driver/Src/stm32f4xx_hal_tim.c.obj
 .text.TIM_TI1_ConfigInputStage
                0x080068b0       0x5e CMakeFiles/motorcontroller.dir/Drivers/STM32F4xx_HAL_Driver/Src/stm32f4xx_hal_tim.c.obj
 .text.TIM_TI2_ConfigInputStage
                0x0800690e       0x60 CMakeFiles/motorcontroller.dir/Drivers/STM32F4xx_HAL_Driver/Src/stm32f4xx_hal_tim.c.obj
 .text.TIM_ITRx_SetConfig
                0x0800696e       0x36 CMakeFiles/motorcontroller.dir/Drivers/STM32F4xx_HAL_Driver/Src/stm32f4xx_hal_tim.c.obj
 .text.TIM_ETR_SetConfig
                0x080069a4       0x40 CMakeFiles/motorcontroller.dir/Drivers/STM32F4xx_HAL_Driver/Src/stm32f4xx_hal_tim.c.obj
                0x080069a4                TIM_ETR_SetConfig
 .text.TIM_CCxChannelCmd
                0x080069e4       0x4a CMakeFiles/motorcontroller.dir/Drivers/STM32F4xx_HAL_Driver/Src/stm32f4xx_hal_tim.c.obj
                0x080069e4                TIM_CCxChannelCmd
 *fill*         0x08006a2e        0x2 
 .text.HAL_TIMEx_MasterConfigSynchronization
                0x08006a30       0xdc CMakeFiles/motorcontroller.dir/Drivers/STM32F4xx_HAL_Driver/Src/stm32f4xx_hal_tim_ex.c.obj
                0x08006a30                HAL_TIMEx_MasterConfigSynchronization
 .text.HAL_TIMEx_CommutCallback
                0x08006b0c       0x14 CMakeFiles/motorcontroller.dir/Drivers/STM32F4xx_HAL_Driver/Src/stm32f4xx_hal_tim_ex.c.obj
                0x08006b0c                HAL_TIMEx_CommutCallback
 .text.HAL_TIMEx_BreakCallback
                0x08006b20       0x14 CMakeFiles/motorcontroller.dir/Drivers/STM32F4xx_HAL_Driver/Src/stm32f4xx_hal_tim_ex.c.obj
                0x08006b20                HAL_TIMEx_BreakCallback
 .text.HAL_UART_Init
                0x08006b34       0xa0 CMakeFiles/motorcontroller.dir/Drivers/STM32F4xx_HAL_Driver/Src/stm32f4xx_hal_uart.c.obj
                0x08006b34                HAL_UART_Init
 .text.UART_SetConfig
                0x08006bd4      0x4e8 CMakeFiles/motorcontroller.dir/Drivers/STM32F4xx_HAL_Driver/Src/stm32f4xx_hal_uart.c.obj
 .text.SystemInit
                0x080070bc       0x24 CMakeFiles/motorcontroller.dir/Core/Src/system_stm32f4xx.c.obj
                0x080070bc                SystemInit
 .text.Reset_Handler
                0x080070e0       0x50 CMakeFiles/motorcontroller.dir/startup_stm32f411xe.s.obj
                0x080070e0                Reset_Handler
 .text.Default_Handler
                0x08007130        0x2 CMakeFiles/motorcontroller.dir/startup_stm32f411xe.s.obj
                0x08007130                RTC_Alarm_IRQHandler
                0x08007130                EXTI2_IRQHandler
                0x08007130                SPI4_IRQHandler
                0x08007130                TIM1_CC_IRQHandler
                0x08007130                DMA2_Stream5_IRQHandler
                0x08007130                DMA1_Stream5_IRQHandler
                0x08007130                PVD_IRQHandler
                0x08007130                SDIO_IRQHandler
                0x08007130                TAMP_STAMP_IRQHandler
                0x08007130                EXTI3_IRQHandler
                0x08007130                TIM1_UP_TIM10_IRQHandler
                0x08007130                I2C3_ER_IRQHandler
                0x08007130                I2C2_EV_IRQHandler
                0x08007130                DMA1_Stream2_IRQHandler
                0x08007130                FPU_IRQHandler
                0x08007130                DMA2_Stream2_IRQHandler
                0x08007130                SPI1_IRQHandler
                0x08007130                TIM1_BRK_TIM9_IRQHandler
                0x08007130                DMA2_Stream3_IRQHandler
                0x08007130                USART6_IRQHandler
                0x08007130                DMA2_Stream0_IRQHandler
                0x08007130                TIM4_IRQHandler
                0x08007130                I2C1_EV_IRQHandler
                0x08007130                DMA1_Stream6_IRQHandler
                0x08007130                DMA1_Stream1_IRQHandler
                0x08007130                RCC_IRQHandler
                0x08007130                Default_Handler
                0x08007130                EXTI15_10_IRQHandler
                0x08007130                ADC_IRQHandler
                0x08007130                DMA1_Stream7_IRQHandler
                0x08007130                SPI5_IRQHandler
                0x08007130                TIM5_IRQHandler
                0x08007130                DMA2_Stream7_IRQHandler
                0x08007130                I2C3_EV_IRQHandler
                0x08007130                RTC_WKUP_IRQHandler
                0x08007130                SPI2_IRQHandler
                0x08007130                DMA1_Stream0_IRQHandler
                0x08007130                WWDG_IRQHandler
                0x08007130                OTG_FS_WKUP_IRQHandler
                0x08007130                TIM1_TRG_COM_TIM11_IRQHandler
                0x08007130                EXTI1_IRQHandler
                0x08007130                USART2_IRQHandler
                0x08007130                I2C2_ER_IRQHandler
                0x08007130                DMA2_Stream1_IRQHandler
                0x08007130                FLASH_IRQHandler
                0x08007130                DMA2_Stream4_IRQHandler
                0x08007130                USART1_IRQHandler
                0x08007130                OTG_FS_IRQHandler
                0x08007130                SPI3_IRQHandler
                0x08007130                DMA1_Stream4_IRQHandler
                0x08007130                I2C1_ER_IRQHandler
                0x08007130                DMA2_Stream6_IRQHandler
                0x08007130                DMA1_Stream3_IRQHandler
 *(.glue_7)
 .glue_7        0x08007132        0x0 linker stubs
 *(.glue_7t)
 .glue_7t       0x08007132        0x0 linker stubs
 *(.eh_frame)
 *fill*         0x08007132        0x2 
 .eh_frame      0x08007134        0x0 /usr/lib/gcc/arm-none-eabi/13.2.1/thumb/v7e-m+fp/hard/crtbegin.o
 *(.init)
 .init          0x08007134        0x4 /usr/lib/gcc/arm-none-eabi/13.2.1/thumb/v7e-m+fp/hard/crti.o
                0x08007134                _init
 .init          0x08007138        0x8 /usr/lib/gcc/arm-none-eabi/13.2.1/thumb/v7e-m+fp/hard/crtn.o
 *(.fini)
 .fini          0x08007140        0x4 /usr/lib/gcc/arm-none-eabi/13.2.1/thumb/v7e-m+fp/hard/crti.o
                0x08007140                _fini
 .fini          0x08007144        0x8 /usr/lib/gcc/arm-none-eabi/13.2.1/thumb/v7e-m+fp/hard/crtn.o
                0x0800714c                        . = ALIGN (0x4)
                0x0800714c                        _etext = .

.vfp11_veneer   0x0800714c        0x0
 .vfp11_veneer  0x0800714c        0x0 linker stubs

.v4_bx          0x0800714c        0x0
 .v4_bx         0x0800714c        0x0 linker stubs

.iplt           0x0800714c        0x0
 .iplt          0x0800714c        0x0 /usr/lib/gcc/arm-none-eabi/13.2.1/thumb/v7e-m+fp/hard/crtbegin.o

.rodata         0x08007150      0x330
                0x08007150                        . = ALIGN (0x4)
 *(.rodata)
 .rodata        0x08007150        0x2 CMakeFiles/motorcontroller.dir/Core/Src/main.c.obj
 *fill*         0x08007152        0x6 
 .rodata        0x08007158       0x10 /usr/lib/gcc/arm-none-eabi/13.2.1/../../../arm-none-eabi/lib/thumb/v7e-m+fp/hard/libm.a(libm_a-e_sqrt.o)
 *(.rodata*)
 .rodata.CGA8   0x08007168      0x300 CMakeFiles/motorcontroller.dir/Core/Src/fonts.c.obj
                0x08007168                CGA8
 .rodata.AHBPrescTable
                0x08007468       0x10 CMakeFiles/motorcontroller.dir/Core/Src/system_stm32f4xx.c.obj
                0x08007468                AHBPrescTable
 .rodata.APBPrescTable
                0x08007478        0x8 CMakeFiles/motorcontroller.dir/Core/Src/system_stm32f4xx.c.obj
                0x08007478                APBPrescTable
                0x08007480                        . = ALIGN (0x4)

.ARM.extab
 *(.ARM.extab* .gnu.linkonce.armextab.*)

.ARM            0x08007480        0x8
                0x08007480                        __exidx_start = .
 *(.ARM.exidx*)
 .ARM.exidx     0x08007480        0x8 /usr/lib/gcc/arm-none-eabi/13.2.1/thumb/v7e-m+fp/hard/libgcc.a(_udivmoddi4.o)
 .ARM.exidx     0x08007488        0x0 /usr/lib/gcc/arm-none-eabi/13.2.1/../../../arm-none-eabi/lib/thumb/v7e-m+fp/hard/libg_nano.a(libc_a-strlen.o)
                                  0x8 (size before relaxing)
                0x08007488                        __exidx_end = .

.rel.dyn        0x08007488        0x0
 .rel.iplt      0x08007488        0x0 /usr/lib/gcc/arm-none-eabi/13.2.1/thumb/v7e-m+fp/hard/crtbegin.o

.preinit_array  0x08007488        0x0
                0x08007488                        PROVIDE (__preinit_array_start = .)
 *(.preinit_array*)
                0x08007488                        PROVIDE (__preinit_array_end = .)

.init_array     0x08007488        0x4
                0x08007488                        PROVIDE (__init_array_start = .)
 *(SORT_BY_NAME(.init_array.*))
 *(.init_array*)
 .init_array    0x08007488        0x4 /usr/lib/gcc/arm-none-eabi/13.2.1/thumb/v7e-m+fp/hard/crtbegin.o
                0x0800748c                        PROVIDE (__init_array_end = .)

.fini_array     0x0800748c        0x4
                0x0800748c                        PROVIDE (__fini_array_start = .)
 *(SORT_BY_NAME(.fini_array.*))
 *(.fini_array*)
 .fini_array    0x0800748c        0x4 /usr/lib/gcc/arm-none-eabi/13.2.1/thumb/v7e-m+fp/hard/crtbegin.o
                0x08007490                        PROVIDE (__fini_array_end = .)
                0x08007490                        _sidata = LOADADDR (.data)

.data           0x20000000       0x5c load address 0x08007490
                0x20000000                        . = ALIGN (0x4)
                0x20000000                        _sdata = .
 *(.data)
 .data          0x20000000       0x50 /usr/lib/gcc/arm-none-eabi/13.2.1/../../../arm-none-eabi/lib/thumb/v7e-m+fp/hard/libc_nano.a(libc_a-impure.o)
                0x20000000                _impure_ptr
                0x20000004                _impure_data
 *(.data*)
 .data.uwTickPrio
                0x20000050        0x4 CMakeFiles/motorcontroller.dir/Drivers/STM32F4xx_HAL_Driver/Src/stm32f4xx_hal.c.obj
                0x20000050                uwTickPrio
 .data.uwTickFreq
                0x20000054        0x1 CMakeFiles/motorcontroller.dir/Drivers/STM32F4xx_HAL_Driver/Src/stm32f4xx_hal.c.obj
                0x20000054                uwTickFreq
 *fill*         0x20000055        0x3 
 .data.SystemCoreClock
                0x20000058        0x4 CMakeFiles/motorcontroller.dir/Core/Src/system_stm32f4xx.c.obj
                0x20000058                SystemCoreClock
                0x2000005c                        . = ALIGN (0x4)
                0x2000005c                        _edata = .

.tm_clone_table
                0x2000005c        0x0 load address 0x080074ec
 .tm_clone_table
                0x2000005c        0x0 /usr/lib/gcc/arm-none-eabi/13.2.1/thumb/v7e-m+fp/hard/crtbegin.o
 .tm_clone_table
                0x2000005c        0x0 /usr/lib/gcc/arm-none-eabi/13.2.1/thumb/v7e-m+fp/hard/crtend.o

.igot.plt       0x2000005c        0x0 load address 0x080074ec
 .igot.plt      0x2000005c        0x0 /usr/lib/gcc/arm-none-eabi/13.2.1/thumb/v7e-m+fp/hard/crtbegin.o
                0x2000005c                        . = ALIGN (0x4)

.bss            0x2000005c      0xbd4 load address 0x080074ec
                0x2000005c                        _sbss = .
                0x2000005c                        __bss_start__ = _sbss
 *(.bss)
 .bss           0x2000005c       0x1c /usr/lib/gcc/arm-none-eabi/13.2.1/thumb/v7e-m+fp/hard/crtbegin.o
 .bss           0x20000078      0x13c /usr/lib/gcc/arm-none-eabi/13.2.1/../../../arm-none-eabi/lib/thumb/v7e-m+fp/hard/libc_nano.a(libc_a-findfp.o)
                0x20000078                __sf
                0x200001b0                __stdio_exit_handler
 *(.bss*)
 .bss.hi2c1     0x200001b4       0x54 CMakeFiles/motorcontroller.dir/Core/Src/main.c.obj
                0x200001b4                hi2c1
 .bss.hi2c2     0x20000208       0x54 CMakeFiles/motorcontroller.dir/Core/Src/main.c.obj
                0x20000208                hi2c2
 .bss.htim2     0x2000025c       0x48 CMakeFiles/motorcontroller.dir/Core/Src/main.c.obj
                0x2000025c                htim2
 .bss.htim3     0x200002a4       0x48 CMakeFiles/motorcontroller.dir/Core/Src/main.c.obj
                0x200002a4                htim3
 .bss.huart2    0x200002ec       0x48 CMakeFiles/motorcontroller.dir/Core/Src/main.c.obj
                0x200002ec                huart2
 .bss.currentRow
                0x20000334        0x1 CMakeFiles/motorcontroller.dir/Core/Src/keypad.c.obj
 *fill*         0x20000335        0x3 
 .bss.keyQueue  0x20000338        0x4 CMakeFiles/motorcontroller.dir/Core/Src/keypad.c.obj
 .bss.previous  0x2000033c        0x4 CMakeFiles/motorcontroller.dir/Core/Src/keypad.c.obj
 .bss.SSD1309_FRAMEBUFFER
                0x20000340      0x800 CMakeFiles/motorcontroller.dir/Core/Src/ssd1309.c.obj
 .bss.p         0x20000b40       0xb8 CMakeFiles/motorcontroller.dir/Core/Src/navigation.c.obj
                0x20000b40                p
 .bss.m1        0x20000bf8       0x34 CMakeFiles/motorcontroller.dir/Core/Src/navigation.c.obj
                0x20000bf8                m1
 .bss.uwTick    0x20000c2c        0x4 CMakeFiles/motorcontroller.dir/Drivers/STM32F4xx_HAL_Driver/Src/stm32f4xx_hal.c.obj
                0x20000c2c                uwTick
 *(COMMON)
                0x20000c30                        . = ALIGN (0x4)
                0x20000c30                        _ebss = .
                0x20000c30                        __bss_end__ = _ebss

._user_heap_stack
                0x20000c30      0x600 load address 0x080074ec
                0x20000c30                        . = ALIGN (0x8)
                [!provide]                        PROVIDE (end = .)
                0x20000c30                        PROVIDE (_end = .)
                0x20000e30                        . = (. + _Min_Heap_Size)
 *fill*         0x20000c30      0x200 
                0x20001230                        . = (. + _Min_Stack_Size)
 *fill*         0x20000e30      0x400 
                0x20001230                        . = ALIGN (0x8)

/DISCARD/
 libc.a(*)
 libm.a(*)
 libgcc.a(*)
OUTPUT(motorcontroller.elf elf32-littlearm)
LOAD linker stubs
LOAD /usr/lib/gcc/arm-none-eabi/13.2.1/../../../arm-none-eabi/lib/thumb/v7e-m+fp/hard/libc.a
LOAD /usr/lib/gcc/arm-none-eabi/13.2.1/../../../arm-none-eabi/lib/thumb/v7e-m+fp/hard/libm.a
LOAD /usr/lib/gcc/arm-none-eabi/13.2.1/thumb/v7e-m+fp/hard/libgcc.a

.ARM.attributes
                0x00000000       0x30
 .ARM.attributes
                0x00000000       0x22 /usr/lib/gcc/arm-none-eabi/13.2.1/thumb/v7e-m+fp/hard/crti.o
 .ARM.attributes
                0x00000022       0x34 /usr/lib/gcc/arm-none-eabi/13.2.1/thumb/v7e-m+fp/hard/crtbegin.o
 .ARM.attributes
                0x00000056       0x34 /usr/lib/gcc/arm-none-eabi/13.2.1/../../../arm-none-eabi/lib/thumb/v7e-m+fp/hard/libc_nano.a(libc_a-init.o)
 .ARM.attributes
                0x0000008a       0x34 /usr/lib/gcc/arm-none-eabi/13.2.1/../../../arm-none-eabi/lib/thumb/v7e-m+fp/hard/libc_nano.a(libc_a-memset.o)
 .ARM.attributes
                0x000000be       0x34 /usr/lib/gcc/arm-none-eabi/13.2.1/../../../arm-none-eabi/lib/thumb/v7e-m+fp/hard/libc_nano.a(libc_a-findfp.o)
 .ARM.attributes
                0x000000f2       0x34 /usr/lib/gcc/arm-none-eabi/13.2.1/../../../arm-none-eabi/lib/thumb/v7e-m+fp/hard/libc_nano.a(libc_a-impure.o)
 .ARM.attributes
                0x00000126       0x34 CMakeFiles/motorcontroller.dir/Core/Src/main.c.obj
 .ARM.attributes
                0x0000015a       0x34 CMakeFiles/motorcontroller.dir/Core/Src/keypad.c.obj
 .ARM.attributes
                0x0000018e       0x34 CMakeFiles/motorcontroller.dir/Core/Src/fonts.c.obj
 .ARM.attributes
                0x000001c2       0x34 CMakeFiles/motorcontroller.dir/Core/Src/queue.c.obj
 .ARM.attributes
                0x000001f6       0x34 CMakeFiles/motorcontroller.dir/Core/Src/override.c.obj
 .ARM.attributes
                0x0000022a       0x34 CMakeFiles/motorcontroller.dir/Core/Src/ssd1309.c.obj
 .ARM.attributes
                0x0000025e       0x34 CMakeFiles/motorcontroller.dir/Core/Src/navigation.c.obj
 .ARM.attributes
                0x00000292       0x34 CMakeFiles/motorcontroller.dir/Core/Src/motor.c.obj
 .ARM.attributes
                0x000002c6       0x34 CMakeFiles/motorcontroller.dir/Core/Src/movementprofile.c.obj
 .ARM.attributes
                0x000002fa       0x34 CMakeFiles/motorcontroller.dir/Core/Src/eeprom.c.obj
 .ARM.attributes
                0x0000032e       0x34 CMakeFiles/motorcontroller.dir/Core/Src/stm32f4xx_it.c.obj
 .ARM.attributes
                0x00000362       0x34 CMakeFiles/motorcontroller.dir/Core/Src/stm32f4xx_hal_msp.c.obj
 .ARM.attributes
                0x00000396       0x34 CMakeFiles/motorcontroller.dir/Drivers/STM32F4xx_HAL_Driver/Src/stm32f4xx_hal_i2c.c.obj
 .ARM.attributes
                0x000003ca       0x34 CMakeFiles/motorcontroller.dir/Drivers/STM32F4xx_HAL_Driver/Src/stm32f4xx_hal_rcc.c.obj
 .ARM.attributes
                0x000003fe       0x34 CMakeFiles/motorcontroller.dir/Drivers/STM32F4xx_HAL_Driver/Src/stm32f4xx_hal_gpio.c.obj
 .ARM.attributes
                0x00000432       0x34 CMakeFiles/motorcontroller.dir/Drivers/STM32F4xx_HAL_Driver/Src/stm32f4xx_hal_cortex.c.obj
 .ARM.attributes
                0x00000466       0x34 CMakeFiles/motorcontroller.dir/Drivers/STM32F4xx_HAL_Driver/Src/stm32f4xx_hal.c.obj
 .ARM.attributes
                0x0000049a       0x34 CMakeFiles/motorcontroller.dir/Drivers/STM32F4xx_HAL_Driver/Src/stm32f4xx_hal_tim.c.obj
 .ARM.attributes
                0x000004ce       0x34 CMakeFiles/motorcontroller.dir/Drivers/STM32F4xx_HAL_Driver/Src/stm32f4xx_hal_tim_ex.c.obj
 .ARM.attributes
                0x00000502       0x34 CMakeFiles/motorcontroller.dir/Drivers/STM32F4xx_HAL_Driver/Src/stm32f4xx_hal_uart.c.obj
 .ARM.attributes
                0x00000536       0x34 CMakeFiles/motorcontroller.dir/Core/Src/system_stm32f4xx.c.obj
 .ARM.attributes
                0x0000056a       0x21 CMakeFiles/motorcontroller.dir/startup_stm32f411xe.s.obj
 .ARM.attributes
                0x0000058b       0x22 /usr/lib/gcc/arm-none-eabi/13.2.1/thumb/v7e-m+fp/hard/libgcc.a(_arm_addsubdf3.o)
 .ARM.attributes
                0x000005ad       0x22 /usr/lib/gcc/arm-none-eabi/13.2.1/thumb/v7e-m+fp/hard/libgcc.a(_arm_muldivdf3.o)
 .ARM.attributes
                0x000005cf       0x22 /usr/lib/gcc/arm-none-eabi/13.2.1/thumb/v7e-m+fp/hard/libgcc.a(_arm_truncdfsf2.o)
 .ARM.attributes
                0x000005f1       0x22 /usr/lib/gcc/arm-none-eabi/13.2.1/thumb/v7e-m+fp/hard/libgcc.a(_arm_addsubsf3.o)
 .ARM.attributes
                0x00000613       0x22 /usr/lib/gcc/arm-none-eabi/13.2.1/thumb/v7e-m+fp/hard/libgcc.a(_aeabi_ldivmod.o)
 .ARM.attributes
                0x00000635       0x22 /usr/lib/gcc/arm-none-eabi/13.2.1/thumb/v7e-m+fp/hard/libgcc.a(_aeabi_uldivmod.o)
 .ARM.attributes
                0x00000657       0x34 /usr/lib/gcc/arm-none-eabi/13.2.1/thumb/v7e-m+fp/hard/libgcc.a(_fixsfdi.o)
 .ARM.attributes
                0x0000068b       0x34 /usr/lib/gcc/arm-none-eabi/13.2.1/thumb/v7e-m+fp/hard/libgcc.a(_fixunssfdi.o)
 .ARM.attributes
                0x000006bf       0x34 /usr/lib/gcc/arm-none-eabi/13.2.1/thumb/v7e-m+fp/hard/libgcc.a(_udivmoddi4.o)
 .ARM.attributes
                0x000006f3       0x22 /usr/lib/gcc/arm-none-eabi/13.2.1/thumb/v7e-m+fp/hard/libgcc.a(_dvmd_tls.o)
 .ARM.attributes
                0x00000715       0x22 /usr/lib/gcc/arm-none-eabi/13.2.1/thumb/v7e-m+fp/hard/libgcc.a(_arm_fixunsdfsi.o)
 .ARM.attributes
                0x00000737       0x1c /usr/lib/gcc/arm-none-eabi/13.2.1/../../../arm-none-eabi/lib/thumb/v7e-m+fp/hard/libg_nano.a(libc_a-strlen.o)
 .ARM.attributes
                0x00000753       0x34 /usr/lib/gcc/arm-none-eabi/13.2.1/../../../arm-none-eabi/lib/thumb/v7e-m+fp/hard/libg_nano.a(libc_a-errno.o)
 .ARM.attributes
                0x00000787       0x22 /usr/lib/gcc/arm-none-eabi/13.2.1/thumb/v7e-m+fp/hard/libgcc.a(_arm_cmpdf2.o)
 .ARM.attributes
                0x000007a9       0x22 /usr/lib/gcc/arm-none-eabi/13.2.1/thumb/v7e-m+fp/hard/libgcc.a(_arm_unorddf2.o)
 .ARM.attributes
                0x000007cb       0x34 /usr/lib/gcc/arm-none-eabi/13.2.1/thumb/v7e-m+fp/hard/crtend.o
 .ARM.attributes
                0x000007ff       0x22 /usr/lib/gcc/arm-none-eabi/13.2.1/thumb/v7e-m+fp/hard/crtn.o

.comment        0x00000000       0x26
 .comment       0x00000000       0x26 /usr/lib/gcc/arm-none-eabi/13.2.1/thumb/v7e-m+fp/hard/crtbegin.o
                                 0x27 (size before relaxing)
 .comment       0x00000026       0x27 /usr/lib/gcc/arm-none-eabi/13.2.1/../../../arm-none-eabi/lib/thumb/v7e-m+fp/hard/libc_nano.a(libc_a-init.o)
 .comment       0x00000026       0x27 /usr/lib/gcc/arm-none-eabi/13.2.1/../../../arm-none-eabi/lib/thumb/v7e-m+fp/hard/libc_nano.a(libc_a-memset.o)
 .comment       0x00000026       0x27 /usr/lib/gcc/arm-none-eabi/13.2.1/../../../arm-none-eabi/lib/thumb/v7e-m+fp/hard/libc_nano.a(libc_a-findfp.o)
 .comment       0x00000026       0x27 /usr/lib/gcc/arm-none-eabi/13.2.1/../../../arm-none-eabi/lib/thumb/v7e-m+fp/hard/libc_nano.a(libc_a-impure.o)
 .comment       0x00000026       0x27 CMakeFiles/motorcontroller.dir/Core/Src/main.c.obj
 .comment       0x00000026       0x27 CMakeFiles/motorcontroller.dir/Core/Src/keypad.c.obj
 .comment       0x00000026       0x27 CMakeFiles/motorcontroller.dir/Core/Src/fonts.c.obj
 .comment       0x00000026       0x27 CMakeFiles/motorcontroller.dir/Core/Src/queue.c.obj
 .comment       0x00000026       0x27 CMakeFiles/motorcontroller.dir/Core/Src/override.c.obj
 .comment       0x00000026       0x27 CMakeFiles/motorcontroller.dir/Core/Src/ssd1309.c.obj
 .comment       0x00000026       0x27 CMakeFiles/motorcontroller.dir/Core/Src/navigation.c.obj
 .comment       0x00000026       0x27 CMakeFiles/motorcontroller.dir/Core/Src/motor.c.obj
 .comment       0x00000026       0x27 CMakeFiles/motorcontroller.dir/Core/Src/movementprofile.c.obj
 .comment       0x00000026       0x27 CMakeFiles/motorcontroller.dir/Core/Src/eeprom.c.obj
 .comment       0x00000026       0x27 CMakeFiles/motorcontroller.dir/Core/Src/stm32f4xx_it.c.obj
 .comment       0x00000026       0x27 CMakeFiles/motorcontroller.dir/Core/Src/stm32f4xx_hal_msp.c.obj
 .comment       0x00000026       0x27 CMakeFiles/motorcontroller.dir/Drivers/STM32F4xx_HAL_Driver/Src/stm32f4xx_hal_i2c.c.obj
 .comment       0x00000026       0x27 CMakeFiles/motorcontroller.dir/Drivers/STM32F4xx_HAL_Driver/Src/stm32f4xx_hal_rcc.c.obj
 .comment       0x00000026       0x27 CMakeFiles/motorcontroller.dir/Drivers/STM32F4xx_HAL_Driver/Src/stm32f4xx_hal_gpio.c.obj
 .comment       0x00000026       0x27 CMakeFiles/motorcontroller.dir/Drivers/STM32F4xx_HAL_Driver/Src/stm32f4xx_hal_cortex.c.obj
 .comment       0x00000026       0x27 CMakeFiles/motorcontroller.dir/Drivers/STM32F4xx_HAL_Driver/Src/stm32f4xx_hal.c.obj
 .comment       0x00000026       0x27 CMakeFiles/motorcontroller.dir/Drivers/STM32F4xx_HAL_Driver/Src/stm32f4xx_hal_tim.c.obj
 .comment       0x00000026       0x27 CMakeFiles/motorcontroller.dir/Drivers/STM32F4xx_HAL_Driver/Src/stm32f4xx_hal_tim_ex.c.obj
 .comment       0x00000026       0x27 CMakeFiles/motorcontroller.dir/Drivers/STM32F4xx_HAL_Driver/Src/stm32f4xx_hal_uart.c.obj
 .comment       0x00000026       0x27 CMakeFiles/motorcontroller.dir/Core/Src/system_stm32f4xx.c.obj
 .comment       0x00000026       0x27 /usr/lib/gcc/arm-none-eabi/13.2.1/thumb/v7e-m+fp/hard/libgcc.a(_fixsfdi.o)
 .comment       0x00000026       0x27 /usr/lib/gcc/arm-none-eabi/13.2.1/thumb/v7e-m+fp/hard/libgcc.a(_fixunssfdi.o)
 .comment       0x00000026       0x27 /usr/lib/gcc/arm-none-eabi/13.2.1/thumb/v7e-m+fp/hard/libgcc.a(_udivmoddi4.o)
 .comment       0x00000026       0x27 /usr/lib/gcc/arm-none-eabi/13.2.1/../../../arm-none-eabi/lib/thumb/v7e-m+fp/hard/libg_nano.a(libc_a-errno.o)
 .comment       0x00000026       0x27 /usr/lib/gcc/arm-none-eabi/13.2.1/thumb/v7e-m+fp/hard/crtend.o

.debug_info     0x00000000    0x17301
 .debug_info    0x00000000      0x10b /usr/lib/gcc/arm-none-eabi/13.2.1/../../../arm-none-eabi/lib/thumb/v7e-m+fp/hard/libc_nano.a(libc_a-init.o)
 .debug_info    0x0000010b      0x135 /usr/lib/gcc/arm-none-eabi/13.2.1/../../../arm-none-eabi/lib/thumb/v7e-m+fp/hard/libc_nano.a(libc_a-memset.o)
 .debug_info    0x00000240      0xe8c /usr/lib/gcc/arm-none-eabi/13.2.1/../../../arm-none-eabi/lib/thumb/v7e-m+fp/hard/libc_nano.a(libc_a-findfp.o)
 .debug_info    0x000010cc      0x70b /usr/lib/gcc/arm-none-eabi/13.2.1/../../../arm-none-eabi/lib/thumb/v7e-m+fp/hard/libc_nano.a(libc_a-impure.o)
 .debug_info    0x000017d7     0x1725 CMakeFiles/motorcontroller.dir/Core/Src/main.c.obj
 .debug_info    0x00002efc      0x948 CMakeFiles/motorcontroller.dir/Core/Src/keypad.c.obj
 .debug_info    0x00003844       0xbd CMakeFiles/motorcontroller.dir/Core/Src/fonts.c.obj
 .debug_info    0x00003901      0x1db CMakeFiles/motorcontroller.dir/Core/Src/queue.c.obj
 .debug_info    0x00003adc      0x6cb CMakeFiles/motorcontroller.dir/Core/Src/override.c.obj
 .debug_info    0x000041a7      0x924 CMakeFiles/motorcontroller.dir/Core/Src/ssd1309.c.obj
 .debug_info    0x00004acb     0x10e8 CMakeFiles/motorcontroller.dir/Core/Src/navigation.c.obj
 .debug_info    0x00005bb3     0x13b2 CMakeFiles/motorcontroller.dir/Core/Src/motor.c.obj
 .debug_info    0x00006f65      0xdd5 CMakeFiles/motorcontroller.dir/Core/Src/movementprofile.c.obj
 .debug_info    0x00007d3a      0x6ae CMakeFiles/motorcontroller.dir/Core/Src/eeprom.c.obj
 .debug_info    0x000083e8      0x7a8 CMakeFiles/motorcontroller.dir/Core/Src/stm32f4xx_it.c.obj
 .debug_info    0x00008b90     0x127f CMakeFiles/motorcontroller.dir/Core/Src/stm32f4xx_hal_msp.c.obj
 .debug_info    0x00009e0f     0x2402 CMakeFiles/motorcontroller.dir/Drivers/STM32F4xx_HAL_Driver/Src/stm32f4xx_hal_i2c.c.obj
 .debug_info    0x0000c211      0x8d4 CMakeFiles/motorcontroller.dir/Drivers/STM32F4xx_HAL_Driver/Src/stm32f4xx_hal_rcc.c.obj
 .debug_info    0x0000cae5      0x6d5 CMakeFiles/motorcontroller.dir/Drivers/STM32F4xx_HAL_Driver/Src/stm32f4xx_hal_gpio.c.obj
 .debug_info    0x0000d1ba      0xcd8 CMakeFiles/motorcontroller.dir/Drivers/STM32F4xx_HAL_Driver/Src/stm32f4xx_hal_cortex.c.obj
 .debug_info    0x0000de92      0x8b8 CMakeFiles/motorcontroller.dir/Drivers/STM32F4xx_HAL_Driver/Src/stm32f4xx_hal.c.obj
 .debug_info    0x0000e74a     0x297e CMakeFiles/motorcontroller.dir/Drivers/STM32F4xx_HAL_Driver/Src/stm32f4xx_hal_tim.c.obj
 .debug_info    0x000110c8     0x14bc CMakeFiles/motorcontroller.dir/Drivers/STM32F4xx_HAL_Driver/Src/stm32f4xx_hal_tim_ex.c.obj
 .debug_info    0x00012584     0x2f26 CMakeFiles/motorcontroller.dir/Drivers/STM32F4xx_HAL_Driver/Src/stm32f4xx_hal_uart.c.obj
 .debug_info    0x000154aa      0x524 CMakeFiles/motorcontroller.dir/Core/Src/system_stm32f4xx.c.obj
 .debug_info    0x000159ce       0x30 CMakeFiles/motorcontroller.dir/startup_stm32f411xe.s.obj
 .debug_info    0x000159fe       0xd3 /usr/lib/gcc/arm-none-eabi/13.2.1/thumb/v7e-m+fp/hard/libgcc.a(_arm_addsubdf3.o)
 .debug_info    0x00015ad1       0x57 /usr/lib/gcc/arm-none-eabi/13.2.1/thumb/v7e-m+fp/hard/libgcc.a(_arm_muldivdf3.o)
 .debug_info    0x00015b28       0x3f /usr/lib/gcc/arm-none-eabi/13.2.1/thumb/v7e-m+fp/hard/libgcc.a(_arm_truncdfsf2.o)
 .debug_info    0x00015b67       0xca /usr/lib/gcc/arm-none-eabi/13.2.1/thumb/v7e-m+fp/hard/libgcc.a(_arm_addsubsf3.o)
 .debug_info    0x00015c31       0x25 /usr/lib/gcc/arm-none-eabi/13.2.1/thumb/v7e-m+fp/hard/libgcc.a(_aeabi_ldivmod.o)
 .debug_info    0x00015c56       0x24 /usr/lib/gcc/arm-none-eabi/13.2.1/thumb/v7e-m+fp/hard/libgcc.a(_aeabi_uldivmod.o)
 .debug_info    0x00015c7a      0x332 /usr/lib/gcc/arm-none-eabi/13.2.1/thumb/v7e-m+fp/hard/libgcc.a(_fixsfdi.o)
 .debug_info    0x00015fac      0x3a9 /usr/lib/gcc/arm-none-eabi/13.2.1/thumb/v7e-m+fp/hard/libgcc.a(_fixunssfdi.o)
 .debug_info    0x00016355      0x6f5 /usr/lib/gcc/arm-none-eabi/13.2.1/thumb/v7e-m+fp/hard/libgcc.a(_udivmoddi4.o)
 .debug_info    0x00016a4a       0x3c /usr/lib/gcc/arm-none-eabi/13.2.1/thumb/v7e-m+fp/hard/libgcc.a(_dvmd_tls.o)
 .debug_info    0x00016a86       0x3c /usr/lib/gcc/arm-none-eabi/13.2.1/thumb/v7e-m+fp/hard/libgcc.a(_arm_fixunsdfsi.o)
 .debug_info    0x00016ac2       0x33 /usr/lib/gcc/arm-none-eabi/13.2.1/../../../arm-none-eabi/lib/thumb/v7e-m+fp/hard/libg_nano.a(libc_a-strlen.o)
 .debug_info    0x00016af5      0x6f1 /usr/lib/gcc/arm-none-eabi/13.2.1/../../../arm-none-eabi/lib/thumb/v7e-m+fp/hard/libg_nano.a(libc_a-errno.o)
 .debug_info    0x000171e6       0xdf /usr/lib/gcc/arm-none-eabi/13.2.1/thumb/v7e-m+fp/hard/libgcc.a(_arm_cmpdf2.o)
 .debug_info    0x000172c5       0x3c /usr/lib/gcc/arm-none-eabi/13.2.1/thumb/v7e-m+fp/hard/libgcc.a(_arm_unorddf2.o)

.debug_abbrev   0x00000000     0x3b0c
 .debug_abbrev  0x00000000       0xc9 /usr/lib/gcc/arm-none-eabi/13.2.1/../../../arm-none-eabi/lib/thumb/v7e-m+fp/hard/libc_nano.a(libc_a-init.o)
 .debug_abbrev  0x000000c9       0xb7 /usr/lib/gcc/arm-none-eabi/13.2.1/../../../arm-none-eabi/lib/thumb/v7e-m+fp/hard/libc_nano.a(libc_a-memset.o)
 .debug_abbrev  0x00000180      0x408 /usr/lib/gcc/arm-none-eabi/13.2.1/../../../arm-none-eabi/lib/thumb/v7e-m+fp/hard/libc_nano.a(libc_a-findfp.o)
 .debug_abbrev  0x00000588      0x149 /usr/lib/gcc/arm-none-eabi/13.2.1/../../../arm-none-eabi/lib/thumb/v7e-m+fp/hard/libc_nano.a(libc_a-impure.o)
 .debug_abbrev  0x000006d1      0x2e0 CMakeFiles/motorcontroller.dir/Core/Src/main.c.obj
 .debug_abbrev  0x000009b1      0x215 CMakeFiles/motorcontroller.dir/Core/Src/keypad.c.obj
 .debug_abbrev  0x00000bc6       0x77 CMakeFiles/motorcontroller.dir/Core/Src/fonts.c.obj
 .debug_abbrev  0x00000c3d      0x117 CMakeFiles/motorcontroller.dir/Core/Src/queue.c.obj
 .debug_abbrev  0x00000d54      0x1a6 CMakeFiles/motorcontroller.dir/Core/Src/override.c.obj
 .debug_abbrev  0x00000efa      0x252 CMakeFiles/motorcontroller.dir/Core/Src/ssd1309.c.obj
 .debug_abbrev  0x0000114c      0x2e3 CMakeFiles/motorcontroller.dir/Core/Src/navigation.c.obj
 .debug_abbrev  0x0000142f      0x26d CMakeFiles/motorcontroller.dir/Core/Src/motor.c.obj
 .debug_abbrev  0x0000169c      0x23b CMakeFiles/motorcontroller.dir/Core/Src/movementprofile.c.obj
 .debug_abbrev  0x000018d7      0x17d CMakeFiles/motorcontroller.dir/Core/Src/eeprom.c.obj
 .debug_abbrev  0x00001a54      0x203 CMakeFiles/motorcontroller.dir/Core/Src/stm32f4xx_it.c.obj
 .debug_abbrev  0x00001c57      0x21f CMakeFiles/motorcontroller.dir/Core/Src/stm32f4xx_hal_msp.c.obj
 .debug_abbrev  0x00001e76      0x2bc CMakeFiles/motorcontroller.dir/Drivers/STM32F4xx_HAL_Driver/Src/stm32f4xx_hal_i2c.c.obj
 .debug_abbrev  0x00002132      0x2b6 CMakeFiles/motorcontroller.dir/Drivers/STM32F4xx_HAL_Driver/Src/stm32f4xx_hal_rcc.c.obj
 .debug_abbrev  0x000023e8      0x1d3 CMakeFiles/motorcontroller.dir/Drivers/STM32F4xx_HAL_Driver/Src/stm32f4xx_hal_gpio.c.obj
 .debug_abbrev  0x000025bb      0x31d CMakeFiles/motorcontroller.dir/Drivers/STM32F4xx_HAL_Driver/Src/stm32f4xx_hal_cortex.c.obj
 .debug_abbrev  0x000028d8      0x24b CMakeFiles/motorcontroller.dir/Drivers/STM32F4xx_HAL_Driver/Src/stm32f4xx_hal.c.obj
 .debug_abbrev  0x00002b23      0x28b CMakeFiles/motorcontroller.dir/Drivers/STM32F4xx_HAL_Driver/Src/stm32f4xx_hal_tim.c.obj
 .debug_abbrev  0x00002dae      0x296 CMakeFiles/motorcontroller.dir/Drivers/STM32F4xx_HAL_Driver/Src/stm32f4xx_hal_tim_ex.c.obj
 .debug_abbrev  0x00003044      0x31b CMakeFiles/motorcontroller.dir/Drivers/STM32F4xx_HAL_Driver/Src/stm32f4xx_hal_uart.c.obj
 .debug_abbrev  0x0000335f      0x11b CMakeFiles/motorcontroller.dir/Core/Src/system_stm32f4xx.c.obj
 .debug_abbrev  0x0000347a       0x24 CMakeFiles/motorcontroller.dir/startup_stm32f411xe.s.obj
 .debug_abbrev  0x0000349e       0x28 /usr/lib/gcc/arm-none-eabi/13.2.1/thumb/v7e-m+fp/hard/libgcc.a(_arm_addsubdf3.o)
 .debug_abbrev  0x000034c6       0x28 /usr/lib/gcc/arm-none-eabi/13.2.1/thumb/v7e-m+fp/hard/libgcc.a(_arm_muldivdf3.o)
 .debug_abbrev  0x000034ee       0x28 /usr/lib/gcc/arm-none-eabi/13.2.1/thumb/v7e-m+fp/hard/libgcc.a(_arm_truncdfsf2.o)
 .debug_abbrev  0x00003516       0x28 /usr/lib/gcc/arm-none-eabi/13.2.1/thumb/v7e-m+fp/hard/libgcc.a(_arm_addsubsf3.o)
 .debug_abbrev  0x0000353e       0x14 /usr/lib/gcc/arm-none-eabi/13.2.1/thumb/v7e-m+fp/hard/libgcc.a(_aeabi_ldivmod.o)
 .debug_abbrev  0x00003552       0x14 /usr/lib/gcc/arm-none-eabi/13.2.1/thumb/v7e-m+fp/hard/libgcc.a(_aeabi_uldivmod.o)
 .debug_abbrev  0x00003566      0x115 /usr/lib/gcc/arm-none-eabi/13.2.1/thumb/v7e-m+fp/hard/libgcc.a(_fixsfdi.o)
 .debug_abbrev  0x0000367b      0x103 /usr/lib/gcc/arm-none-eabi/13.2.1/thumb/v7e-m+fp/hard/libgcc.a(_fixunssfdi.o)
 .debug_abbrev  0x0000377e      0x16a /usr/lib/gcc/arm-none-eabi/13.2.1/thumb/v7e-m+fp/hard/libgcc.a(_udivmoddi4.o)
 .debug_abbrev  0x000038e8       0x26 /usr/lib/gcc/arm-none-eabi/13.2.1/thumb/v7e-m+fp/hard/libgcc.a(_dvmd_tls.o)
 .debug_abbrev  0x0000390e       0x28 /usr/lib/gcc/arm-none-eabi/13.2.1/thumb/v7e-m+fp/hard/libgcc.a(_arm_fixunsdfsi.o)
 .debug_abbrev  0x00003936       0x28 /usr/lib/gcc/arm-none-eabi/13.2.1/../../../arm-none-eabi/lib/thumb/v7e-m+fp/hard/libg_nano.a(libc_a-strlen.o)
 .debug_abbrev  0x0000395e      0x15e /usr/lib/gcc/arm-none-eabi/13.2.1/../../../arm-none-eabi/lib/thumb/v7e-m+fp/hard/libg_nano.a(libc_a-errno.o)
 .debug_abbrev  0x00003abc       0x28 /usr/lib/gcc/arm-none-eabi/13.2.1/thumb/v7e-m+fp/hard/libgcc.a(_arm_cmpdf2.o)
 .debug_abbrev  0x00003ae4       0x28 /usr/lib/gcc/arm-none-eabi/13.2.1/thumb/v7e-m+fp/hard/libgcc.a(_arm_unorddf2.o)

.debug_loclists
                0x00000000      0xe90
 .debug_loclists
                0x00000000       0x65 /usr/lib/gcc/arm-none-eabi/13.2.1/../../../arm-none-eabi/lib/thumb/v7e-m+fp/hard/libc_nano.a(libc_a-init.o)
 .debug_loclists
                0x00000065      0x1c2 /usr/lib/gcc/arm-none-eabi/13.2.1/../../../arm-none-eabi/lib/thumb/v7e-m+fp/hard/libc_nano.a(libc_a-memset.o)
 .debug_loclists
                0x00000227      0x1d0 /usr/lib/gcc/arm-none-eabi/13.2.1/../../../arm-none-eabi/lib/thumb/v7e-m+fp/hard/libc_nano.a(libc_a-findfp.o)
 .debug_loclists
                0x000003f7       0x33 /usr/lib/gcc/arm-none-eabi/13.2.1/thumb/v7e-m+fp/hard/libgcc.a(_fixsfdi.o)
 .debug_loclists
                0x0000042a       0x82 /usr/lib/gcc/arm-none-eabi/13.2.1/thumb/v7e-m+fp/hard/libgcc.a(_fixunssfdi.o)
 .debug_loclists
                0x000004ac      0x9e4 /usr/lib/gcc/arm-none-eabi/13.2.1/thumb/v7e-m+fp/hard/libgcc.a(_udivmoddi4.o)

.debug_aranges  0x00000000     0x1438
 .debug_aranges
                0x00000000       0x20 /usr/lib/gcc/arm-none-eabi/13.2.1/../../../arm-none-eabi/lib/thumb/v7e-m+fp/hard/libc_nano.a(libc_a-init.o)
 .debug_aranges
                0x00000020       0x20 /usr/lib/gcc/arm-none-eabi/13.2.1/../../../arm-none-eabi/lib/thumb/v7e-m+fp/hard/libc_nano.a(libc_a-memset.o)
 .debug_aranges
                0x00000040       0x20 /usr/lib/gcc/arm-none-eabi/13.2.1/../../../arm-none-eabi/lib/thumb/v7e-m+fp/hard/libc_nano.a(libc_a-findfp.o)
 .debug_aranges
                0x00000060       0x18 /usr/lib/gcc/arm-none-eabi/13.2.1/../../../arm-none-eabi/lib/thumb/v7e-m+fp/hard/libc_nano.a(libc_a-impure.o)
 .debug_aranges
                0x00000078       0x60 CMakeFiles/motorcontroller.dir/Core/Src/main.c.obj
 .debug_aranges
                0x000000d8       0x38 CMakeFiles/motorcontroller.dir/Core/Src/keypad.c.obj
 .debug_aranges
                0x00000110       0x18 CMakeFiles/motorcontroller.dir/Core/Src/fonts.c.obj
 .debug_aranges
                0x00000128       0x48 CMakeFiles/motorcontroller.dir/Core/Src/queue.c.obj
 .debug_aranges
                0x00000170       0x28 CMakeFiles/motorcontroller.dir/Core/Src/override.c.obj
 .debug_aranges
                0x00000198       0x60 CMakeFiles/motorcontroller.dir/Core/Src/ssd1309.c.obj
 .debug_aranges
                0x000001f8       0x30 CMakeFiles/motorcontroller.dir/Core/Src/navigation.c.obj
 .debug_aranges
                0x00000228      0x110 CMakeFiles/motorcontroller.dir/Core/Src/motor.c.obj
 .debug_aranges
                0x00000338       0xe0 CMakeFiles/motorcontroller.dir/Core/Src/movementprofile.c.obj
 .debug_aranges
                0x00000418       0x28 CMakeFiles/motorcontroller.dir/Core/Src/eeprom.c.obj
 .debug_aranges
                0x00000440       0x88 CMakeFiles/motorcontroller.dir/Core/Src/stm32f4xx_it.c.obj
 .debug_aranges
                0x000004c8       0x58 CMakeFiles/motorcontroller.dir/Core/Src/stm32f4xx_hal_msp.c.obj
 .debug_aranges
                0x00000520      0x2a8 CMakeFiles/motorcontroller.dir/Drivers/STM32F4xx_HAL_Driver/Src/stm32f4xx_hal_i2c.c.obj
 .debug_aranges
                0x000007c8       0x88 CMakeFiles/motorcontroller.dir/Drivers/STM32F4xx_HAL_Driver/Src/stm32f4xx_hal_rcc.c.obj
 .debug_aranges
                0x00000850       0x58 CMakeFiles/motorcontroller.dir/Drivers/STM32F4xx_HAL_Driver/Src/stm32f4xx_hal_gpio.c.obj
 .debug_aranges
                0x000008a8      0x130 CMakeFiles/motorcontroller.dir/Drivers/STM32F4xx_HAL_Driver/Src/stm32f4xx_hal_cortex.c.obj
 .debug_aranges
                0x000009d8       0xf0 CMakeFiles/motorcontroller.dir/Drivers/STM32F4xx_HAL_Driver/Src/stm32f4xx_hal.c.obj
 .debug_aranges
                0x00000ac8      0x3d0 CMakeFiles/motorcontroller.dir/Drivers/STM32F4xx_HAL_Driver/Src/stm32f4xx_hal_tim.c.obj
 .debug_aranges
                0x00000e98      0x168 CMakeFiles/motorcontroller.dir/Drivers/STM32F4xx_HAL_Driver/Src/stm32f4xx_hal_tim_ex.c.obj
 .debug_aranges
                0x00001000      0x208 CMakeFiles/motorcontroller.dir/Drivers/STM32F4xx_HAL_Driver/Src/stm32f4xx_hal_uart.c.obj
 .debug_aranges
                0x00001208       0x28 CMakeFiles/motorcontroller.dir/Core/Src/system_stm32f4xx.c.obj
 .debug_aranges
                0x00001230       0x28 CMakeFiles/motorcontroller.dir/startup_stm32f411xe.s.obj
 .debug_aranges
                0x00001258       0x20 /usr/lib/gcc/arm-none-eabi/13.2.1/thumb/v7e-m+fp/hard/libgcc.a(_arm_addsubdf3.o)
 .debug_aranges
                0x00001278       0x20 /usr/lib/gcc/arm-none-eabi/13.2.1/thumb/v7e-m+fp/hard/libgcc.a(_arm_muldivdf3.o)
 .debug_aranges
                0x00001298       0x20 /usr/lib/gcc/arm-none-eabi/13.2.1/thumb/v7e-m+fp/hard/libgcc.a(_arm_truncdfsf2.o)
 .debug_aranges
                0x000012b8       0x20 /usr/lib/gcc/arm-none-eabi/13.2.1/thumb/v7e-m+fp/hard/libgcc.a(_arm_addsubsf3.o)
 .debug_aranges
                0x000012d8       0x20 /usr/lib/gcc/arm-none-eabi/13.2.1/thumb/v7e-m+fp/hard/libgcc.a(_aeabi_ldivmod.o)
 .debug_aranges
                0x000012f8       0x20 /usr/lib/gcc/arm-none-eabi/13.2.1/thumb/v7e-m+fp/hard/libgcc.a(_aeabi_uldivmod.o)
 .debug_aranges
                0x00001318       0x20 /usr/lib/gcc/arm-none-eabi/13.2.1/thumb/v7e-m+fp/hard/libgcc.a(_fixsfdi.o)
 .debug_aranges
                0x00001338       0x20 /usr/lib/gcc/arm-none-eabi/13.2.1/thumb/v7e-m+fp/hard/libgcc.a(_fixunssfdi.o)
 .debug_aranges
                0x00001358       0x20 /usr/lib/gcc/arm-none-eabi/13.2.1/thumb/v7e-m+fp/hard/libgcc.a(_udivmoddi4.o)
 .debug_aranges
                0x00001378       0x20 /usr/lib/gcc/arm-none-eabi/13.2.1/thumb/v7e-m+fp/hard/libgcc.a(_dvmd_tls.o)
 .debug_aranges
                0x00001398       0x20 /usr/lib/gcc/arm-none-eabi/13.2.1/thumb/v7e-m+fp/hard/libgcc.a(_arm_fixunsdfsi.o)
 .debug_aranges
                0x000013b8       0x20 /usr/lib/gcc/arm-none-eabi/13.2.1/../../../arm-none-eabi/lib/thumb/v7e-m+fp/hard/libg_nano.a(libc_a-strlen.o)
 .debug_aranges
                0x000013d8       0x20 /usr/lib/gcc/arm-none-eabi/13.2.1/../../../arm-none-eabi/lib/thumb/v7e-m+fp/hard/libg_nano.a(libc_a-errno.o)
 .debug_aranges
                0x000013f8       0x20 /usr/lib/gcc/arm-none-eabi/13.2.1/thumb/v7e-m+fp/hard/libgcc.a(_arm_cmpdf2.o)
 .debug_aranges
                0x00001418       0x20 /usr/lib/gcc/arm-none-eabi/13.2.1/thumb/v7e-m+fp/hard/libgcc.a(_arm_unorddf2.o)

.debug_line     0x00000000    0x15059
 .debug_line    0x00000000      0x11e /usr/lib/gcc/arm-none-eabi/13.2.1/../../../arm-none-eabi/lib/thumb/v7e-m+fp/hard/libc_nano.a(libc_a-init.o)
 .debug_line    0x0000011e      0x1b6 /usr/lib/gcc/arm-none-eabi/13.2.1/../../../arm-none-eabi/lib/thumb/v7e-m+fp/hard/libc_nano.a(libc_a-memset.o)
 .debug_line    0x000002d4      0x4fc /usr/lib/gcc/arm-none-eabi/13.2.1/../../../arm-none-eabi/lib/thumb/v7e-m+fp/hard/libc_nano.a(libc_a-findfp.o)
 .debug_line    0x000007d0       0xe7 /usr/lib/gcc/arm-none-eabi/13.2.1/../../../arm-none-eabi/lib/thumb/v7e-m+fp/hard/libc_nano.a(libc_a-impure.o)
 .debug_line    0x000008b7      0xa5d CMakeFiles/motorcontroller.dir/Core/Src/main.c.obj
 .debug_line    0x00001314      0x68c CMakeFiles/motorcontroller.dir/Core/Src/keypad.c.obj
 .debug_line    0x000019a0       0xf6 CMakeFiles/motorcontroller.dir/Core/Src/fonts.c.obj
 .debug_line    0x00001a96      0x1f5 CMakeFiles/motorcontroller.dir/Core/Src/queue.c.obj
 .debug_line    0x00001c8b      0x5cf CMakeFiles/motorcontroller.dir/Core/Src/override.c.obj
 .debug_line    0x0000225a      0x8d2 CMakeFiles/motorcontroller.dir/Core/Src/ssd1309.c.obj
 .debug_line    0x00002b2c      0xf65 CMakeFiles/motorcontroller.dir/Core/Src/navigation.c.obj
 .debug_line    0x00003a91      0xd00 CMakeFiles/motorcontroller.dir/Core/Src/motor.c.obj
 .debug_line    0x00004791      0xbed CMakeFiles/motorcontroller.dir/Core/Src/movementprofile.c.obj
 .debug_line    0x0000537e      0x5b9 CMakeFiles/motorcontroller.dir/Core/Src/eeprom.c.obj
 .debug_line    0x00005937      0x6f4 CMakeFiles/motorcontroller.dir/Core/Src/stm32f4xx_it.c.obj
 .debug_line    0x0000602b      0x71d CMakeFiles/motorcontroller.dir/Core/Src/stm32f4xx_hal_msp.c.obj
 .debug_line    0x00006748     0x394f CMakeFiles/motorcontroller.dir/Drivers/STM32F4xx_HAL_Driver/Src/stm32f4xx_hal_i2c.c.obj
 .debug_line    0x0000a097      0xcb1 CMakeFiles/motorcontroller.dir/Drivers/STM32F4xx_HAL_Driver/Src/stm32f4xx_hal_rcc.c.obj
 .debug_line    0x0000ad48      0x9be CMakeFiles/motorcontroller.dir/Drivers/STM32F4xx_HAL_Driver/Src/stm32f4xx_hal_gpio.c.obj
 .debug_line    0x0000b706      0xb72 CMakeFiles/motorcontroller.dir/Drivers/STM32F4xx_HAL_Driver/Src/stm32f4xx_hal_cortex.c.obj
 .debug_line    0x0000c278      0x8a2 CMakeFiles/motorcontroller.dir/Drivers/STM32F4xx_HAL_Driver/Src/stm32f4xx_hal.c.obj
 .debug_line    0x0000cb1a     0x33e1 CMakeFiles/motorcontroller.dir/Drivers/STM32F4xx_HAL_Driver/Src/stm32f4xx_hal_tim.c.obj
 .debug_line    0x0000fefb     0x179d CMakeFiles/motorcontroller.dir/Drivers/STM32F4xx_HAL_Driver/Src/stm32f4xx_hal_tim_ex.c.obj
 .debug_line    0x00011698     0x23ea CMakeFiles/motorcontroller.dir/Drivers/STM32F4xx_HAL_Driver/Src/stm32f4xx_hal_uart.c.obj
 .debug_line    0x00013a82      0x626 CMakeFiles/motorcontroller.dir/Core/Src/system_stm32f4xx.c.obj
 .debug_line    0x000140a8       0x7a CMakeFiles/motorcontroller.dir/startup_stm32f411xe.s.obj
 .debug_line    0x00014122      0x16f /usr/lib/gcc/arm-none-eabi/13.2.1/thumb/v7e-m+fp/hard/libgcc.a(_arm_addsubdf3.o)
 .debug_line    0x00014291      0x184 /usr/lib/gcc/arm-none-eabi/13.2.1/thumb/v7e-m+fp/hard/libgcc.a(_arm_muldivdf3.o)
 .debug_line    0x00014415       0x76 /usr/lib/gcc/arm-none-eabi/13.2.1/thumb/v7e-m+fp/hard/libgcc.a(_arm_truncdfsf2.o)
 .debug_line    0x0001448b      0x103 /usr/lib/gcc/arm-none-eabi/13.2.1/thumb/v7e-m+fp/hard/libgcc.a(_arm_addsubsf3.o)
 .debug_line    0x0001458e       0x6c /usr/lib/gcc/arm-none-eabi/13.2.1/thumb/v7e-m+fp/hard/libgcc.a(_aeabi_ldivmod.o)
 .debug_line    0x000145fa       0x4e /usr/lib/gcc/arm-none-eabi/13.2.1/thumb/v7e-m+fp/hard/libgcc.a(_aeabi_uldivmod.o)
 .debug_line    0x00014648       0xaf /usr/lib/gcc/arm-none-eabi/13.2.1/thumb/v7e-m+fp/hard/libgcc.a(_fixsfdi.o)
 .debug_line    0x000146f7       0xb7 /usr/lib/gcc/arm-none-eabi/13.2.1/thumb/v7e-m+fp/hard/libgcc.a(_fixunssfdi.o)
 .debug_line    0x000147ae      0x574 /usr/lib/gcc/arm-none-eabi/13.2.1/thumb/v7e-m+fp/hard/libgcc.a(_udivmoddi4.o)
 .debug_line    0x00014d22       0x4a /usr/lib/gcc/arm-none-eabi/13.2.1/thumb/v7e-m+fp/hard/libgcc.a(_dvmd_tls.o)
 .debug_line    0x00014d6c       0x5e /usr/lib/gcc/arm-none-eabi/13.2.1/thumb/v7e-m+fp/hard/libgcc.a(_arm_fixunsdfsi.o)
 .debug_line    0x00014dca       0x86 /usr/lib/gcc/arm-none-eabi/13.2.1/../../../arm-none-eabi/lib/thumb/v7e-m+fp/hard/libg_nano.a(libc_a-strlen.o)
 .debug_line    0x00014e50      0x10c /usr/lib/gcc/arm-none-eabi/13.2.1/../../../arm-none-eabi/lib/thumb/v7e-m+fp/hard/libg_nano.a(libc_a-errno.o)
 .debug_line    0x00014f5c       0xa6 /usr/lib/gcc/arm-none-eabi/13.2.1/thumb/v7e-m+fp/hard/libgcc.a(_arm_cmpdf2.o)
 .debug_line    0x00015002       0x57 /usr/lib/gcc/arm-none-eabi/13.2.1/thumb/v7e-m+fp/hard/libgcc.a(_arm_unorddf2.o)

.debug_str      0x00000000    0x927b8
 .debug_str     0x00000000    0x927b8 /usr/lib/gcc/arm-none-eabi/13.2.1/../../../arm-none-eabi/lib/thumb/v7e-m+fp/hard/libc_nano.a(libc_a-init.o)
                                0x1fa (size before relaxing)
 .debug_str     0x000927b8      0x1ad /usr/lib/gcc/arm-none-eabi/13.2.1/../../../arm-none-eabi/lib/thumb/v7e-m+fp/hard/libc_nano.a(libc_a-memset.o)
 .debug_str     0x000927b8      0x6bf /usr/lib/gcc/arm-none-eabi/13.2.1/../../../arm-none-eabi/lib/thumb/v7e-m+fp/hard/libc_nano.a(libc_a-findfp.o)
 .debug_str     0x000927b8      0x4bc /usr/lib/gcc/arm-none-eabi/13.2.1/../../../arm-none-eabi/lib/thumb/v7e-m+fp/hard/libc_nano.a(libc_a-impure.o)
 .debug_str     0x000927b8    0x8d8e8 CMakeFiles/motorcontroller.dir/Core/Src/main.c.obj
 .debug_str     0x000927b8    0x88c96 CMakeFiles/motorcontroller.dir/Core/Src/keypad.c.obj
 .debug_str     0x000927b8     0x396f CMakeFiles/motorcontroller.dir/Core/Src/fonts.c.obj
 .debug_str     0x000927b8     0x3a20 CMakeFiles/motorcontroller.dir/Core/Src/queue.c.obj
 .debug_str     0x000927b8    0x88b5e CMakeFiles/motorcontroller.dir/Core/Src/override.c.obj
 .debug_str     0x000927b8    0x8ba2e CMakeFiles/motorcontroller.dir/Core/Src/ssd1309.c.obj
 .debug_str     0x000927b8    0x8cf30 CMakeFiles/motorcontroller.dir/Core/Src/navigation.c.obj
 .debug_str     0x000927b8    0x8d148 CMakeFiles/motorcontroller.dir/Core/Src/motor.c.obj
 .debug_str     0x000927b8    0x8cd3b CMakeFiles/motorcontroller.dir/Core/Src/movementprofile.c.obj
 .debug_str     0x000927b8    0x88b56 CMakeFiles/motorcontroller.dir/Core/Src/eeprom.c.obj
 .debug_str     0x000927b8    0x88d72 CMakeFiles/motorcontroller.dir/Core/Src/stm32f4xx_it.c.obj
 .debug_str     0x000927b8    0x896da CMakeFiles/motorcontroller.dir/Core/Src/stm32f4xx_hal_msp.c.obj
 .debug_str     0x000927b8    0x8979c CMakeFiles/motorcontroller.dir/Drivers/STM32F4xx_HAL_Driver/Src/stm32f4xx_hal_i2c.c.obj
 .debug_str     0x000927b8    0x88bb4 CMakeFiles/motorcontroller.dir/Drivers/STM32F4xx_HAL_Driver/Src/stm32f4xx_hal_rcc.c.obj
 .debug_str     0x000927b8    0x88906 CMakeFiles/motorcontroller.dir/Drivers/STM32F4xx_HAL_Driver/Src/stm32f4xx_hal_gpio.c.obj
 .debug_str     0x000927b8    0x88f22 CMakeFiles/motorcontroller.dir/Drivers/STM32F4xx_HAL_Driver/Src/stm32f4xx_hal_cortex.c.obj
 .debug_str     0x000927b8    0x891cc CMakeFiles/motorcontroller.dir/Drivers/STM32F4xx_HAL_Driver/Src/stm32f4xx_hal.c.obj
 .debug_str     0x000927b8    0x89b0d CMakeFiles/motorcontroller.dir/Drivers/STM32F4xx_HAL_Driver/Src/stm32f4xx_hal_tim.c.obj
 .debug_str     0x000927b8    0x89319 CMakeFiles/motorcontroller.dir/Drivers/STM32F4xx_HAL_Driver/Src/stm32f4xx_hal_tim_ex.c.obj
 .debug_str     0x000927b8    0x89183 CMakeFiles/motorcontroller.dir/Drivers/STM32F4xx_HAL_Driver/Src/stm32f4xx_hal_uart.c.obj
 .debug_str     0x000927b8    0x88796 CMakeFiles/motorcontroller.dir/Core/Src/system_stm32f4xx.c.obj
 .debug_str     0x000927b8       0xb0 CMakeFiles/motorcontroller.dir/startup_stm32f411xe.s.obj
 .debug_str     0x000927b8      0x154 /usr/lib/gcc/arm-none-eabi/13.2.1/thumb/v7e-m+fp/hard/libgcc.a(_arm_addsubdf3.o)
 .debug_str     0x000927b8       0xd4 /usr/lib/gcc/arm-none-eabi/13.2.1/thumb/v7e-m+fp/hard/libgcc.a(_arm_muldivdf3.o)
 .debug_str     0x000927b8       0xc1 /usr/lib/gcc/arm-none-eabi/13.2.1/thumb/v7e-m+fp/hard/libgcc.a(_arm_truncdfsf2.o)
 .debug_str     0x000927b8      0x148 /usr/lib/gcc/arm-none-eabi/13.2.1/thumb/v7e-m+fp/hard/libgcc.a(_arm_addsubsf3.o)
 .debug_str     0x000927b8       0xa3 /usr/lib/gcc/arm-none-eabi/13.2.1/thumb/v7e-m+fp/hard/libgcc.a(_aeabi_ldivmod.o)
 .debug_str     0x000927b8       0xa3 /usr/lib/gcc/arm-none-eabi/13.2.1/thumb/v7e-m+fp/hard/libgcc.a(_aeabi_uldivmod.o)
 .debug_str     0x000927b8      0x64f /usr/lib/gcc/arm-none-eabi/13.2.1/thumb/v7e-m+fp/hard/libgcc.a(_fixsfdi.o)
 .debug_str     0x000927b8      0x680 /usr/lib/gcc/arm-none-eabi/13.2.1/thumb/v7e-m+fp/hard/libgcc.a(_fixunssfdi.o)
 .debug_str     0x000927b8      0x685 /usr/lib/gcc/arm-none-eabi/13.2.1/thumb/v7e-m+fp/hard/libgcc.a(_udivmoddi4.o)
 .debug_str     0x000927b8       0xc3 /usr/lib/gcc/arm-none-eabi/13.2.1/thumb/v7e-m+fp/hard/libgcc.a(_dvmd_tls.o)
 .debug_str     0x000927b8       0xc3 /usr/lib/gcc/arm-none-eabi/13.2.1/thumb/v7e-m+fp/hard/libgcc.a(_arm_fixunsdfsi.o)
 .debug_str     0x000927b8       0xab /usr/lib/gcc/arm-none-eabi/13.2.1/../../../arm-none-eabi/lib/thumb/v7e-m+fp/hard/libg_nano.a(libc_a-strlen.o)
 .debug_str     0x000927b8      0x4b6 /usr/lib/gcc/arm-none-eabi/13.2.1/../../../arm-none-eabi/lib/thumb/v7e-m+fp/hard/libg_nano.a(libc_a-errno.o)
 .debug_str     0x000927b8      0x15d /usr/lib/gcc/arm-none-eabi/13.2.1/thumb/v7e-m+fp/hard/libgcc.a(_arm_cmpdf2.o)
 .debug_str     0x000927b8       0xc2 /usr/lib/gcc/arm-none-eabi/13.2.1/thumb/v7e-m+fp/hard/libgcc.a(_arm_unorddf2.o)

.debug_frame    0x00000000     0x4fd0
 .debug_frame   0x00000000       0x2c /usr/lib/gcc/arm-none-eabi/13.2.1/../../../arm-none-eabi/lib/thumb/v7e-m+fp/hard/libc_nano.a(libc_a-init.o)
 .debug_frame   0x0000002c       0x2c /usr/lib/gcc/arm-none-eabi/13.2.1/../../../arm-none-eabi/lib/thumb/v7e-m+fp/hard/libc_nano.a(libc_a-memset.o)
 .debug_frame   0x00000058       0xf4 /usr/lib/gcc/arm-none-eabi/13.2.1/../../../arm-none-eabi/lib/thumb/v7e-m+fp/hard/libc_nano.a(libc_a-findfp.o)
 .debug_frame   0x0000014c      0x12c CMakeFiles/motorcontroller.dir/Core/Src/main.c.obj
 .debug_frame   0x00000278       0xa8 CMakeFiles/motorcontroller.dir/Core/Src/keypad.c.obj
 .debug_frame   0x00000320       0xf8 CMakeFiles/motorcontroller.dir/Core/Src/queue.c.obj
 .debug_frame   0x00000418       0x58 CMakeFiles/motorcontroller.dir/Core/Src/override.c.obj
 .debug_frame   0x00000470      0x150 CMakeFiles/motorcontroller.dir/Core/Src/ssd1309.c.obj
 .debug_frame   0x000005c0       0xa4 CMakeFiles/motorcontroller.dir/Core/Src/navigation.c.obj
 .debug_frame   0x00000664      0x4d0 CMakeFiles/motorcontroller.dir/Core/Src/motor.c.obj
 .debug_frame   0x00000b34      0x414 CMakeFiles/motorcontroller.dir/Core/Src/movementprofile.c.obj
 .debug_frame   0x00000f48       0x58 CMakeFiles/motorcontroller.dir/Core/Src/eeprom.c.obj
 .debug_frame   0x00000fa0      0x198 CMakeFiles/motorcontroller.dir/Core/Src/stm32f4xx_it.c.obj
 .debug_frame   0x00001138      0x130 CMakeFiles/motorcontroller.dir/Core/Src/stm32f4xx_hal_msp.c.obj
 .debug_frame   0x00001268      0xc84 CMakeFiles/motorcontroller.dir/Drivers/STM32F4xx_HAL_Driver/Src/stm32f4xx_hal_i2c.c.obj
 .debug_frame   0x00001eec      0x1f4 CMakeFiles/motorcontroller.dir/Drivers/STM32F4xx_HAL_Driver/Src/stm32f4xx_hal_rcc.c.obj
 .debug_frame   0x000020e0      0x14c CMakeFiles/motorcontroller.dir/Drivers/STM32F4xx_HAL_Driver/Src/stm32f4xx_hal_gpio.c.obj
 .debug_frame   0x0000222c      0x508 CMakeFiles/motorcontroller.dir/Drivers/STM32F4xx_HAL_Driver/Src/stm32f4xx_hal_cortex.c.obj
 .debug_frame   0x00002734      0x374 CMakeFiles/motorcontroller.dir/Drivers/STM32F4xx_HAL_Driver/Src/stm32f4xx_hal.c.obj
 .debug_frame   0x00002aa8     0x11b8 CMakeFiles/motorcontroller.dir/Drivers/STM32F4xx_HAL_Driver/Src/stm32f4xx_hal_tim.c.obj
 .debug_frame   0x00003c60      0x638 CMakeFiles/motorcontroller.dir/Drivers/STM32F4xx_HAL_Driver/Src/stm32f4xx_hal_tim_ex.c.obj
 .debug_frame   0x00004298      0x954 CMakeFiles/motorcontroller.dir/Drivers/STM32F4xx_HAL_Driver/Src/stm32f4xx_hal_uart.c.obj
 .debug_frame   0x00004bec       0x58 CMakeFiles/motorcontroller.dir/Core/Src/system_stm32f4xx.c.obj
 .debug_frame   0x00004c44       0xac /usr/lib/gcc/arm-none-eabi/13.2.1/thumb/v7e-m+fp/hard/libgcc.a(_arm_addsubdf3.o)
 .debug_frame   0x00004cf0       0x50 /usr/lib/gcc/arm-none-eabi/13.2.1/thumb/v7e-m+fp/hard/libgcc.a(_arm_muldivdf3.o)
 .debug_frame   0x00004d40       0x24 /usr/lib/gcc/arm-none-eabi/13.2.1/thumb/v7e-m+fp/hard/libgcc.a(_arm_truncdfsf2.o)
 .debug_frame   0x00004d64       0x4c /usr/lib/gcc/arm-none-eabi/13.2.1/thumb/v7e-m+fp/hard/libgcc.a(_arm_addsubsf3.o)
 .debug_frame   0x00004db0       0x44 /usr/lib/gcc/arm-none-eabi/13.2.1/thumb/v7e-m+fp/hard/libgcc.a(_aeabi_ldivmod.o)
 .debug_frame   0x00004df4       0x2c /usr/lib/gcc/arm-none-eabi/13.2.1/thumb/v7e-m+fp/hard/libgcc.a(_aeabi_uldivmod.o)
 .debug_frame   0x00004e20       0x28 /usr/lib/gcc/arm-none-eabi/13.2.1/thumb/v7e-m+fp/hard/libgcc.a(_fixsfdi.o)
 .debug_frame   0x00004e48       0x2c /usr/lib/gcc/arm-none-eabi/13.2.1/thumb/v7e-m+fp/hard/libgcc.a(_fixunssfdi.o)
 .debug_frame   0x00004e74       0x34 /usr/lib/gcc/arm-none-eabi/13.2.1/thumb/v7e-m+fp/hard/libgcc.a(_udivmoddi4.o)
 .debug_frame   0x00004ea8       0x24 /usr/lib/gcc/arm-none-eabi/13.2.1/thumb/v7e-m+fp/hard/libgcc.a(_arm_fixunsdfsi.o)
 .debug_frame   0x00004ecc       0x20 /usr/lib/gcc/arm-none-eabi/13.2.1/../../../arm-none-eabi/lib/thumb/v7e-m+fp/hard/libg_nano.a(libc_a-errno.o)
 .debug_frame   0x00004eec       0xc4 /usr/lib/gcc/arm-none-eabi/13.2.1/thumb/v7e-m+fp/hard/libgcc.a(_arm_cmpdf2.o)
 .debug_frame   0x00004fb0       0x20 /usr/lib/gcc/arm-none-eabi/13.2.1/thumb/v7e-m+fp/hard/libgcc.a(_arm_unorddf2.o)

.debug_rnglists
                0x00000000      0xf16
 .debug_rnglists
                0x00000000       0x77 /usr/lib/gcc/arm-none-eabi/13.2.1/../../../arm-none-eabi/lib/thumb/v7e-m+fp/hard/libc_nano.a(libc_a-findfp.o)
 .debug_rnglists
                0x00000077       0x48 CMakeFiles/motorcontroller.dir/Core/Src/main.c.obj
 .debug_rnglists
                0x000000bf       0x26 CMakeFiles/motorcontroller.dir/Core/Src/keypad.c.obj
 .debug_rnglists
                0x000000e5       0x31 CMakeFiles/motorcontroller.dir/Core/Src/queue.c.obj
 .debug_rnglists
                0x00000116       0x19 CMakeFiles/motorcontroller.dir/Core/Src/override.c.obj
 .debug_rnglists
                0x0000012f       0x47 CMakeFiles/motorcontroller.dir/Core/Src/ssd1309.c.obj
 .debug_rnglists
                0x00000176       0x54 CMakeFiles/motorcontroller.dir/Core/Src/navigation.c.obj
 .debug_rnglists
                0x000001ca       0xcb CMakeFiles/motorcontroller.dir/Core/Src/motor.c.obj
 .debug_rnglists
                0x00000295       0xa5 CMakeFiles/motorcontroller.dir/Core/Src/movementprofile.c.obj
 .debug_rnglists
                0x0000033a       0x19 CMakeFiles/motorcontroller.dir/Core/Src/eeprom.c.obj
 .debug_rnglists
                0x00000353       0x61 CMakeFiles/motorcontroller.dir/Core/Src/stm32f4xx_it.c.obj
 .debug_rnglists
                0x000003b4       0x40 CMakeFiles/motorcontroller.dir/Core/Src/stm32f4xx_hal_msp.c.obj
 .debug_rnglists
                0x000003f4      0x23c CMakeFiles/motorcontroller.dir/Drivers/STM32F4xx_HAL_Driver/Src/stm32f4xx_hal_i2c.c.obj
 .debug_rnglists
                0x00000630       0x66 CMakeFiles/motorcontroller.dir/Drivers/STM32F4xx_HAL_Driver/Src/stm32f4xx_hal_rcc.c.obj
 .debug_rnglists
                0x00000696       0x3f CMakeFiles/motorcontroller.dir/Drivers/STM32F4xx_HAL_Driver/Src/stm32f4xx_hal_gpio.c.obj
 .debug_rnglists
                0x000006d5       0xe0 CMakeFiles/motorcontroller.dir/Drivers/STM32F4xx_HAL_Driver/Src/stm32f4xx_hal_cortex.c.obj
 .debug_rnglists
                0x000007b5       0xaf CMakeFiles/motorcontroller.dir/Drivers/STM32F4xx_HAL_Driver/Src/stm32f4xx_hal.c.obj
 .debug_rnglists
                0x00000864      0x31a CMakeFiles/motorcontroller.dir/Drivers/STM32F4xx_HAL_Driver/Src/stm32f4xx_hal_tim.c.obj
 .debug_rnglists
                0x00000b7e      0x125 CMakeFiles/motorcontroller.dir/Drivers/STM32F4xx_HAL_Driver/Src/stm32f4xx_hal_tim_ex.c.obj
 .debug_rnglists
                0x00000ca3      0x1bc CMakeFiles/motorcontroller.dir/Drivers/STM32F4xx_HAL_Driver/Src/stm32f4xx_hal_uart.c.obj
 .debug_rnglists
                0x00000e5f       0x1a CMakeFiles/motorcontroller.dir/Core/Src/system_stm32f4xx.c.obj
 .debug_rnglists
                0x00000e79       0x19 CMakeFiles/motorcontroller.dir/startup_stm32f411xe.s.obj
 .debug_rnglists
                0x00000e92       0x84 /usr/lib/gcc/arm-none-eabi/13.2.1/thumb/v7e-m+fp/hard/libgcc.a(_udivmoddi4.o)

.debug_macro    0x00000000    0x1799b
 .debug_macro   0x00000000      0x3aa CMakeFiles/motorcontroller.dir/Core/Src/main.c.obj
 .debug_macro   0x000003aa      0xad8 CMakeFiles/motorcontroller.dir/Core/Src/main.c.obj
 .debug_macro   0x00000e82      0x2a1 CMakeFiles/motorcontroller.dir/Core/Src/main.c.obj
 .debug_macro   0x00001123       0x2e CMakeFiles/motorcontroller.dir/Core/Src/main.c.obj
 .debug_macro   0x00001151       0x28 CMakeFiles/motorcontroller.dir/Core/Src/main.c.obj
 .debug_macro   0x00001179      0x34e CMakeFiles/motorcontroller.dir/Core/Src/main.c.obj
 .debug_macro   0x000014c7       0x1c CMakeFiles/motorcontroller.dir/Core/Src/main.c.obj
 .debug_macro   0x000014e3       0x22 CMakeFiles/motorcontroller.dir/Core/Src/main.c.obj
 .debug_macro   0x00001505       0xfb CMakeFiles/motorcontroller.dir/Core/Src/main.c.obj
 .debug_macro   0x00001600     0x1011 CMakeFiles/motorcontroller.dir/Core/Src/main.c.obj
 .debug_macro   0x00002611      0x11f CMakeFiles/motorcontroller.dir/Core/Src/main.c.obj
 .debug_macro   0x00002730     0xb968 CMakeFiles/motorcontroller.dir/Core/Src/main.c.obj
 .debug_macro   0x0000e098       0x6d CMakeFiles/motorcontroller.dir/Core/Src/main.c.obj
 .debug_macro   0x0000e105     0x3693 CMakeFiles/motorcontroller.dir/Core/Src/main.c.obj
 .debug_macro   0x00011798      0x190 CMakeFiles/motorcontroller.dir/Core/Src/main.c.obj
 .debug_macro   0x00011928       0x5c CMakeFiles/motorcontroller.dir/Core/Src/main.c.obj
 .debug_macro   0x00011984      0x45c CMakeFiles/motorcontroller.dir/Core/Src/main.c.obj
 .debug_macro   0x00011de0      0x9e9 CMakeFiles/motorcontroller.dir/Core/Src/main.c.obj
 .debug_macro   0x000127c9      0x115 CMakeFiles/motorcontroller.dir/Core/Src/main.c.obj
 .debug_macro   0x000128de      0x11b CMakeFiles/motorcontroller.dir/Core/Src/main.c.obj
 .debug_macro   0x000129f9       0xa5 CMakeFiles/motorcontroller.dir/Core/Src/main.c.obj
 .debug_macro   0x00012a9e      0x15f CMakeFiles/motorcontroller.dir/Core/Src/main.c.obj
 .debug_macro   0x00012bfd      0x287 CMakeFiles/motorcontroller.dir/Core/Src/main.c.obj
 .debug_macro   0x00012e84       0x5f CMakeFiles/motorcontroller.dir/Core/Src/main.c.obj
 .debug_macro   0x00012ee3      0x236 CMakeFiles/motorcontroller.dir/Core/Src/main.c.obj
 .debug_macro   0x00013119      0x132 CMakeFiles/motorcontroller.dir/Core/Src/main.c.obj
 .debug_macro   0x0001324b      0x264 CMakeFiles/motorcontroller.dir/Core/Src/main.c.obj
 .debug_macro   0x000134af       0x2e CMakeFiles/motorcontroller.dir/Core/Src/main.c.obj
 .debug_macro   0x000134dd      0x1b5 CMakeFiles/motorcontroller.dir/Core/Src/main.c.obj
 .debug_macro   0x00013692       0x22 CMakeFiles/motorcontroller.dir/Core/Src/main.c.obj
 .debug_macro   0x000136b4       0xd6 CMakeFiles/motorcontroller.dir/Core/Src/main.c.obj
 .debug_macro   0x0001378a      0x127 CMakeFiles/motorcontroller.dir/Core/Src/main.c.obj
 .debug_macro   0x000138b1       0x85 CMakeFiles/motorcontroller.dir/Core/Src/main.c.obj
 .debug_macro   0x00013936       0x89 CMakeFiles/motorcontroller.dir/Core/Src/main.c.obj
 .debug_macro   0x000139bf      0x8ed CMakeFiles/motorcontroller.dir/Core/Src/main.c.obj
 .debug_macro   0x000142ac       0x47 CMakeFiles/motorcontroller.dir/Core/Src/main.c.obj
 .debug_macro   0x000142f3      0x2aa CMakeFiles/motorcontroller.dir/Core/Src/main.c.obj
 .debug_macro   0x0001459d      0x126 CMakeFiles/motorcontroller.dir/Core/Src/main.c.obj
 .debug_macro   0x000146c3       0x58 CMakeFiles/motorcontroller.dir/Core/Src/main.c.obj
 .debug_macro   0x0001471b       0x2a CMakeFiles/motorcontroller.dir/Core/Src/main.c.obj
 .debug_macro   0x00014745       0x22 CMakeFiles/motorcontroller.dir/Core/Src/main.c.obj
 .debug_macro   0x00014767       0x60 CMakeFiles/motorcontroller.dir/Core/Src/main.c.obj
 .debug_macro   0x000147c7       0x94 CMakeFiles/motorcontroller.dir/Core/Src/main.c.obj
 .debug_macro   0x0001485b       0x3c CMakeFiles/motorcontroller.dir/Core/Src/main.c.obj
 .debug_macro   0x00014897       0x34 CMakeFiles/motorcontroller.dir/Core/Src/main.c.obj
 .debug_macro   0x000148cb       0x16 CMakeFiles/motorcontroller.dir/Core/Src/main.c.obj
 .debug_macro   0x000148e1       0x3c CMakeFiles/motorcontroller.dir/Core/Src/main.c.obj
 .debug_macro   0x0001491d       0x57 CMakeFiles/motorcontroller.dir/Core/Src/main.c.obj
 .debug_macro   0x00014974      0x370 CMakeFiles/motorcontroller.dir/Core/Src/main.c.obj
 .debug_macro   0x00014ce4       0x16 CMakeFiles/motorcontroller.dir/Core/Src/main.c.obj
 .debug_macro   0x00014cfa       0x4a CMakeFiles/motorcontroller.dir/Core/Src/main.c.obj