Archive member included to satisfy reference by file (symbol)

/usr/lib/gcc/arm-none-eabi/13.2.1/../../../arm-none-eabi/lib/thumb/v7e-m+fp/hard/libc_nano.a(libc_a-init.o)
                              /usr/lib/gcc/arm-none-eabi/13.2.1/../../../arm-none-eabi/lib/thumb/v7e-m+fp/hard/crt0.o (__libc_init_array)
/usr/lib/gcc/arm-none-eabi/13.2.1/../../../arm-none-eabi/lib/thumb/v7e-m+fp/hard/libc_nano.a(libc_a-memset.o)
                              /usr/lib/gcc/arm-none-eabi/13.2.1/../../../arm-none-eabi/lib/thumb/v7e-m+fp/hard/crt0.o (memset)
/usr/lib/gcc/arm-none-eabi/13.2.1/../../../arm-none-eabi/lib/thumb/v7e-m+fp/hard/libc_nano.a(libc_a-exit.o)
                              /usr/lib/gcc/arm-none-eabi/13.2.1/../../../arm-none-eabi/lib/thumb/v7e-m+fp/hard/crt0.o (exit)
/usr/lib/gcc/arm-none-eabi/13.2.1/../../../arm-none-eabi/lib/thumb/v7e-m+fp/hard/libc_nano.a(libc_a-atexit.o)
                              /usr/lib/gcc/arm-none-eabi/13.2.1/../../../arm-none-eabi/lib/thumb/v7e-m+fp/hard/crt0.o (atexit)
/usr/lib/gcc/arm-none-eabi/13.2.1/../../../arm-none-eabi/lib/thumb/v7e-m+fp/hard/libc_nano.a(libc_a-fini.o)
                              /usr/lib/gcc/arm-none-eabi/13.2.1/../../../arm-none-eabi/lib/thumb/v7e-m+fp/hard/crt0.o (__libc_fini_array)
/usr/lib/gcc/arm-none-eabi/13.2.1/../../../arm-none-eabi/lib/thumb/v7e-m+fp/hard/libc_nano.a(libc_a-findfp.o)
                              /usr/lib/gcc/arm-none-eabi/13.2.1/../../../arm-none-eabi/lib/thumb/v7e-m+fp/hard/libc_nano.a(libc_a-exit.o) (__stdio_exit_handler)
/usr/lib/gcc/arm-none-eabi/13.2.1/../../../arm-none-eabi/lib/thumb/v7e-m+fp/hard/libc_nano.a(libc_a-fflush.o)
                              /usr/lib/gcc/arm-none-eabi/13.2.1/../../../arm-none-eabi/lib/thumb/v7e-m+fp/hard/libc_nano.a(libc_a-findfp.o) (_fflush_r)
/usr/lib/gcc/arm-none-eabi/13.2.1/../../../arm-none-eabi/lib/thumb/v7e-m+fp/hard/libc_nano.a(libc_a-mallocr.o)
                              /usr/lib/gcc/arm-none-eabi/13.2.1/../../../arm-none-eabi/lib/thumb/v7e-m+fp/hard/libc_nano.a(libc_a-findfp.o) (_malloc_r)
/usr/lib/gcc/arm-none-eabi/13.2.1/../../../arm-none-eabi/lib/thumb/v7e-m+fp/hard/libc_nano.a(libc_a-freer.o)
                              /usr/lib/gcc/arm-none-eabi/13.2.1/../../../arm-none-eabi/lib/thumb/v7e-m+fp/hard/libc_nano.a(libc_a-fflush.o) (_free_r)
/usr/lib/gcc/arm-none-eabi/13.2.1/../../../arm-none-eabi/lib/thumb/v7e-m+fp/hard/libc_nano.a(libc_a-fwalk.o)
                              /usr/lib/gcc/arm-none-eabi/13.2.1/../../../arm-none-eabi/lib/thumb/v7e-m+fp/hard/libc_nano.a(libc_a-findfp.o) (_fwalk_sglue)
/usr/lib/gcc/arm-none-eabi/13.2.1/../../../arm-none-eabi/lib/thumb/v7e-m+fp/hard/libc_nano.a(libc_a-__atexit.o)
                              /usr/lib/gcc/arm-none-eabi/13.2.1/../../../arm-none-eabi/lib/thumb/v7e-m+fp/hard/libc_nano.a(libc_a-atexit.o) (__register_exitproc)
/usr/lib/gcc/arm-none-eabi/13.2.1/../../../arm-none-eabi/lib/thumb/v7e-m+fp/hard/libc_nano.a(libc_a-mlock.o)
                              /usr/lib/gcc/arm-none-eabi/13.2.1/../../../arm-none-eabi/lib/thumb/v7e-m+fp/hard/libc_nano.a(libc_a-mallocr.o) (__malloc_lock)
/usr/lib/gcc/arm-none-eabi/13.2.1/../../../arm-none-eabi/lib/thumb/v7e-m+fp/hard/libc_nano.a(libc_a-sbrkr.o)
                              /usr/lib/gcc/arm-none-eabi/13.2.1/../../../arm-none-eabi/lib/thumb/v7e-m+fp/hard/libc_nano.a(libc_a-mallocr.o) (_sbrk_r)
/usr/lib/gcc/arm-none-eabi/13.2.1/../../../arm-none-eabi/lib/thumb/v7e-m+fp/hard/libc_nano.a(libc_a-stdio.o)
                              /usr/lib/gcc/arm-none-eabi/13.2.1/../../../arm-none-eabi/lib/thumb/v7e-m+fp/hard/libc_nano.a(libc_a-findfp.o) (__sread)
/usr/lib/gcc/arm-none-eabi/13.2.1/../../../arm-none-eabi/lib/thumb/v7e-m+fp/hard/libc_nano.a(libc_a-impure.o)
                              /usr/lib/gcc/arm-none-eabi/13.2.1/../../../arm-none-eabi/lib/thumb/v7e-m+fp/hard/libc_nano.a(libc_a-fflush.o) (_impure_ptr)
/usr/lib/gcc/arm-none-eabi/13.2.1/../../../arm-none-eabi/lib/thumb/v7e-m+fp/hard/libc_nano.a(libc_a-closer.o)
                              /usr/lib/gcc/arm-none-eabi/13.2.1/../../../arm-none-eabi/lib/thumb/v7e-m+fp/hard/libc_nano.a(libc_a-stdio.o) (_close_r)
/usr/lib/gcc/arm-none-eabi/13.2.1/../../../arm-none-eabi/lib/thumb/v7e-m+fp/hard/libc_nano.a(libc_a-__call_atexit.o)
                              /usr/lib/gcc/arm-none-eabi/13.2.1/../../../arm-none-eabi/lib/thumb/v7e-m+fp/hard/libc_nano.a(libc_a-__atexit.o) (__call_exitprocs)
/usr/lib/gcc/arm-none-eabi/13.2.1/../../../arm-none-eabi/lib/thumb/v7e-m+fp/hard/libc_nano.a(libc_a-readr.o)
                              /usr/lib/gcc/arm-none-eabi/13.2.1/../../../arm-none-eabi/lib/thumb/v7e-m+fp/hard/libc_nano.a(libc_a-stdio.o) (_read_r)
/usr/lib/gcc/arm-none-eabi/13.2.1/../../../arm-none-eabi/lib/thumb/v7e-m+fp/hard/libc_nano.a(libc_a-reent.o)
                              /usr/lib/gcc/arm-none-eabi/13.2.1/../../../arm-none-eabi/lib/thumb/v7e-m+fp/hard/libc_nano.a(libc_a-sbrkr.o) (errno)
[...]
Memory Configuration

Name             Origin             Length             Attributes
RAM              0x20000000         0x00020000         xrw
FLASH            0x08000000         0x00080000         xr
*default*        0x00000000         0xffffffff

Linker script and memory map

LOAD /usr/lib/gcc/arm-none-eabi/13.2.1/thumb/v7e-m+fp/hard/crti.o
LOAD /usr/lib/gcc/arm-none-eabi/13.2.1/thumb/v7e-m+fp/hard/crtbegin.o
LOAD /usr/lib/gcc/arm-none-eabi/13.2.1/../../../arm-none-eabi/lib/thumb/v7e-m+fp/hard/crt0.o
START GROUP
LOAD /usr/lib/gcc/arm-none-eabi/13.2.1/../../../arm-none-eabi/lib/thumb/v7e-m+fp/hard/libc_nano.a
LOAD /usr/lib/gcc/arm-none-eabi/13.2.1/../../../arm-none-eabi/lib/thumb/v7e-m+fp/hard/libm.a
END GROUP
LOAD CMakeFiles/motorcontroller.dir/Core/Src/main.c.obj
LOAD CMakeFiles/motorcontroller.dir/Core/Src/keypad.c.obj
LOAD CMakeFiles/motorcontroller.dir/Core/Src/bitmaps.c.obj
LOAD CMakeFiles/motorcontroller.dir/Core/Src/fonts.c.obj
LOAD CMakeFiles/motorcontroller.dir/Core/Src/queue.c.obj
LOAD CMakeFiles/motorcontroller.dir/Core/Src/menu.c.obj
LOAD CMakeFiles/motorcontroller.dir/Core/Src/override.c.obj
LOAD CMakeFiles/motorcontroller.dir/Core/Src/ssd1309.c.obj
LOAD CMakeFiles/motorcontroller.dir/Core/Src/navigation.c.obj
LOAD CMakeFiles/motorcontroller.dir/Core/Src/motor.c.obj
LOAD CMakeFiles/motorcontroller.dir/Core/Src/movementprofile.c.obj
LOAD CMakeFiles/motorcontroller.dir/Core/Src/parameters.c.obj
LOAD CMakeFiles/motorcontroller.dir/Core/Src/eeprom.c.obj
LOAD CMakeFiles/motorcontroller.dir/Core/Src/enums.c.obj
LOAD CMakeFiles/motorcontroller.dir/Core/Src/stm32f4xx_it.c.obj
LOAD CMakeFiles/motorcontroller.dir/Core/Src/stm32f4xx_hal_msp.c.obj
LOAD CMakeFiles/motorcontroller.dir/Drivers/STM32F4xx_HAL_Driver/Src/stm32f4xx_hal_adc.c.obj
LOAD CMakeFiles/motorcontroller.dir/Drivers/STM32F4xx_HAL_Driver/Src/stm32f4xx_hal_adc_ex.c.obj
LOAD CMakeFiles/motorcontroller.dir/Drivers/STM32F4xx_HAL_Driver/Src/stm32f4xx_ll_adc.c.obj
LOAD CMakeFiles/motorcontroller.dir/Drivers/STM32F4xx_HAL_Driver/Src/stm32f4xx_hal_rcc.c.obj
LOAD CMakeFiles/motorcontroller.dir/Drivers/STM32F4xx_HAL_Driver/Src/stm32f4xx_hal_rcc_ex.c.obj
LOAD CMakeFiles/motorcontroller.dir/Drivers/STM32F4xx_HAL_Driver/Src/stm32f4xx_hal_flash.c.obj
LOAD CMakeFiles/motorcontroller.dir/Drivers/STM32F4xx_HAL_Driver/Src/stm32f4xx_hal_flash_ex.c.obj
LOAD CMakeFiles/motorcontroller.dir/Drivers/STM32F4xx_HAL_Driver/Src/stm32f4xx_hal_flash_ramfunc.c.obj
LOAD CMakeFiles/motorcontroller.dir/Drivers/STM32F4xx_HAL_Driver/Src/stm32f4xx_hal_gpio.c.obj
LOAD CMakeFiles/motorcontroller.dir/Drivers/STM32F4xx_HAL_Driver/Src/stm32f4xx_hal_dma_ex.c.obj
LOAD CMakeFiles/motorcontroller.dir/Drivers/STM32F4xx_HAL_Driver/Src/stm32f4xx_hal_dma.c.obj
LOAD CMakeFiles/motorcontroller.dir/Drivers/STM32F4xx_HAL_Driver/Src/stm32f4xx_hal_pwr.c.obj
LOAD CMakeFiles/motorcontroller.dir/Drivers/STM32F4xx_HAL_Driver/Src/stm32f4xx_hal_pwr_ex.c.obj
LOAD CMakeFiles/motorcontroller.dir/Drivers/STM32F4xx_HAL_Driver/Src/stm32f4xx_hal_cortex.c.obj
LOAD CMakeFiles/motorcontroller.dir/Drivers/STM32F4xx_HAL_Driver/Src/stm32f4xx_hal.c.obj
LOAD CMakeFiles/motorcontroller.dir/Drivers/STM32F4xx_HAL_Driver/Src/stm32f4xx_hal_exti.c.obj
LOAD CMakeFiles/motorcontroller.dir/Drivers/STM32F4xx_HAL_Driver/Src/stm32f4xx_hal_i2c.c.obj
LOAD CMakeFiles/motorcontroller.dir/Drivers/STM32F4xx_HAL_Driver/Src/stm32f4xx_hal_i2c_ex.c.obj
LOAD CMakeFiles/motorcontroller.dir/Drivers/STM32F4xx_HAL_Driver/Src/stm32f4xx_hal_tim.c.obj
LOAD CMakeFiles/motorcontroller.dir/Drivers/STM32F4xx_HAL_Driver/Src/stm32f4xx_hal_tim_ex.c.obj
LOAD CMakeFiles/motorcontroller.dir/Drivers/STM32F4xx_HAL_Driver/Src/stm32f4xx_hal_uart.c.obj
LOAD CMakeFiles/motorcontroller.dir/Core/Src/system_stm32f4xx.c.obj
LOAD CMakeFiles/motorcontroller.dir/Core/Src/sysmem.c.obj
LOAD CMakeFiles/motorcontroller.dir/Core/Src/syscalls.c.obj
LOAD CMakeFiles/motorcontroller.dir/startup_stm32f411xe.s.obj
START GROUP
LOAD /usr/lib/gcc/arm-none-eabi/13.2.1/thumb/v7e-m+fp/hard/libgcc.a
LOAD /usr/lib/gcc/arm-none-eabi/13.2.1/../../../arm-none-eabi/lib/thumb/v7e-m+fp/hard/libg_nano.a
LOAD /usr/lib/gcc/arm-none-eabi/13.2.1/../../../arm-none-eabi/lib/thumb/v7e-m+fp/hard/libc_nano.a
END GROUP
START GROUP
LOAD /usr/lib/gcc/arm-none-eabi/13.2.1/thumb/v7e-m+fp/hard/libgcc.a
LOAD /usr/lib/gcc/arm-none-eabi/13.2.1/../../../arm-none-eabi/lib/thumb/v7e-m+fp/hard/libc_nano.a
END GROUP
LOAD /usr/lib/gcc/arm-none-eabi/13.2.1/thumb/v7e-m+fp/hard/crtend.o
LOAD /usr/lib/gcc/arm-none-eabi/13.2.1/thumb/v7e-m+fp/hard/crtn.o
                0x20020000                        _estack = (ORIGIN (RAM) + LENGTH (RAM))
                0x00000200                        _Min_Heap_Size = 0x200
                0x00000400                        _Min_Stack_Size = 0x400

.isr_vector     0x08000000      0x198
                0x08000000                        . = ALIGN (0x4)
 *(.isr_vector)
 .isr_vector    0x08000000      0x198 CMakeFiles/motorcontroller.dir/startup_stm32f411xe.s.obj
                0x08000000                g_pfnVectors
                0x08000198                        . = ALIGN (0x4)

.text           0x080001c0     0xe060
                0x080001c0                        . = ALIGN (0x4)
 *(.text)
 .text          0x080001c0       0x88 /usr/lib/gcc/arm-none-eabi/13.2.1/thumb/v7e-m+fp/hard/crtbegin.o
 .text          0x08000248       0x50 /usr/lib/gcc/arm-none-eabi/13.2.1/../../../arm-none-eabi/lib/thumb/v7e-m+fp/hard/libc_nano.a(libc_a-init.o)
                0x08000248                __libc_init_array
 .text          0x08000298       0xa4 /usr/lib/gcc/arm-none-eabi/13.2.1/../../../arm-none-eabi/lib/thumb/v7e-m+fp/hard/libc_nano.a(libc_a-memset.o)
                0x08000298                memset
 .text          0x0800033c      0x224 /usr/lib/gcc/arm-none-eabi/13.2.1/../../../arm-none-eabi/lib/thumb/v7e-m+fp/hard/libc_nano.a(libc_a-findfp.o)
                0x0800046c                __sfp
                0x08000510                __sinit
                0x08000530                __sfp_lock_acquire
                0x08000534                __sfp_lock_release
                0x08000538                __fp_lock_all
                0x0800054c                __fp_unlock_all
 .text          0x08000560      0x1a8 /usr/lib/gcc/arm-none-eabi/13.2.1/../../../arm-none-eabi/lib/thumb/v7e-m+fp/hard/libc_nano.a(libc_a-fflush.o)
                0x08000560                __sflush_r
                0x08000684                _fflush_r
                0x080006bc                fflush
 .text          0x08000708      0x148 /usr/lib/gcc/arm-none-eabi/13.2.1/../../../arm-none-eabi/lib/thumb/v7e-m+fp/hard/libc_nano.a(libc_a-mallocr.o)
                0x08000750                _malloc_r
 .text          0x08000850       0xbc /usr/lib/gcc/arm-none-eabi/13.2.1/../../../arm-none-eabi/lib/thumb/v7e-m+fp/hard/libc_nano.a(libc_a-freer.o)
                0x08000850                _free_r
 .text          0x0800090c       0x44 /usr/lib/gcc/arm-none-eabi/13.2.1/../../../arm-none-eabi/lib/thumb/v7e-m+fp/hard/libc_nano.a(libc_a-fwalk.o)
                0x0800090c                _fwalk_sglue
 .text          0x08000950        0x8 /usr/lib/gcc/arm-none-eabi/13.2.1/../../../arm-none-eabi/lib/thumb/v7e-m+fp/hard/libc_nano.a(libc_a-mlock.o)
                0x08000950                __malloc_lock
                0x08000954                __malloc_unlock
 .text          0x08000958       0x24 /usr/lib/gcc/arm-none-eabi/13.2.1/../../../arm-none-eabi/lib/thumb/v7e-m+fp/hard/libc_nano.a(libc_a-sbrkr.o)
                0x08000958                _sbrk_r
 .text          0x0800097c       0x94 /usr/lib/gcc/arm-none-eabi/13.2.1/../../../arm-none-eabi/lib/thumb/v7e-m+fp/hard/libc_nano.a(libc_a-stdio.o)
                0x0800097c                __sread
                0x080009a0                __seofread
                0x080009a4                __swrite
                0x080009e4                __sseek
                0x08000a08                __sclose
 .text          0x08000a10       0x24 /usr/lib/gcc/arm-none-eabi/13.2.1/../../../arm-none-eabi/lib/thumb/v7e-m+fp/hard/libc_nano.a(libc_a-closer.o)
                0x08000a10                _close_r
 .text          0x08000a34       0x2c /usr/lib/gcc/arm-none-eabi/13.2.1/../../../arm-none-eabi/lib/thumb/v7e-m+fp/hard/libc_nano.a(libc_a-readr.o)
                0x08000a34                _read_r
 .text          0x08000a60       0x2c /usr/lib/gcc/arm-none-eabi/13.2.1/../../../arm-none-eabi/lib/thumb/v7e-m+fp/hard/libc_nano.a(libc_a-lseekr.o)
                0x08000a60                _lseek_r
 .text          0x08000a8c       0x2c /usr/lib/gcc/arm-none-eabi/13.2.1/../../../arm-none-eabi/lib/thumb/v7e-m+fp/hard/libc_nano.a(libc_a-writer.o)
                0x08000a8c                _write_r
 .text          0x08000ab8      0x378 /usr/lib/gcc/arm-none-eabi/13.2.1/thumb/v7e-m+fp/hard/libgcc.a(_arm_addsubdf3.o)
                0x08000ab8                __aeabi_drsub
                0x08000ac0                __aeabi_dsub
                0x08000ac0                __subdf3
                0x08000ac4                __adddf3
                0x08000ac4                __aeabi_dadd
                0x08000d3c                __aeabi_ui2d
                0x08000d3c                __floatunsidf
                0x08000d5c                __floatsidf
                0x08000d5c                __aeabi_i2d
                0x08000d80                __extendsfdf2
                0x08000d80                __aeabi_f2d
                0x08000dc4                __aeabi_ul2d
                0x08000dc4                __floatundidf
                0x08000dd4                __floatdidf
                0x08000dd4                __aeabi_l2d
 .text          0x08000e30      0x424 /usr/lib/gcc/arm-none-eabi/13.2.1/thumb/v7e-m+fp/hard/libgcc.a(_arm_muldivdf3.o)
                0x08000e30                __aeabi_dmul
                0x08000e30                __muldf3
                0x08001084                __aeabi_ddiv
                0x08001084                __divdf3
 .text          0x08001254       0xa0 /usr/lib/gcc/arm-none-eabi/13.2.1/thumb/v7e-m+fp/hard/libgcc.a(_arm_truncdfsf2.o)
                0x08001254                __aeabi_d2f
                0x08001254                __truncdfsf2
 .text          0x080012f4      0x21c /usr/lib/gcc/arm-none-eabi/13.2.1/thumb/v7e-m+fp/hard/libgcc.a(_arm_addsubsf3.o)
                0x080012f4                __aeabi_frsub
                0x080012fc                __subsf3
                0x080012fc                __aeabi_fsub
                0x08001300                __aeabi_fadd
                0x08001300                __addsf3
                0x08001460                __aeabi_ui2f
                0x08001460                __floatunsisf
                0x08001468                __aeabi_i2f
                0x08001468                __floatsisf
                0x08001484                __floatundisf
                0x08001484                __aeabi_ul2f
                0x08001494                __floatdisf
                0x08001494                __aeabi_l2f
 .text          0x08001510       0xa0 /usr/lib/gcc/arm-none-eabi/13.2.1/thumb/v7e-m+fp/hard/libgcc.a(_aeabi_ldivmod.o)
                0x08001510                __aeabi_ldivmod
 .text          0x080015b0       0x30 /usr/lib/gcc/arm-none-eabi/13.2.1/thumb/v7e-m+fp/hard/libgcc.a(_aeabi_uldivmod.o)
                0x080015b0                __aeabi_uldivmod
 .text          0x080015e0       0x28 /usr/lib/gcc/arm-none-eabi/13.2.1/thumb/v7e-m+fp/hard/libgcc.a(_fixsfdi.o)
                0x080015e0                __aeabi_f2lz
                0x080015e0                __fixsfdi
 .text          0x08001608       0x40 /usr/lib/gcc/arm-none-eabi/13.2.1/thumb/v7e-m+fp/hard/libgcc.a(_fixunssfdi.o)
                0x08001608                __aeabi_f2ulz
                0x08001608                __fixunssfdi
 .text          0x08001648      0x2bc /usr/lib/gcc/arm-none-eabi/13.2.1/thumb/v7e-m+fp/hard/libgcc.a(_udivmoddi4.o)
                0x08001648                __udivmoddi4
 .text          0x08001904        0x4 /usr/lib/gcc/arm-none-eabi/13.2.1/thumb/v7e-m+fp/hard/libgcc.a(_dvmd_tls.o)
                0x08001904                __aeabi_ldiv0
                0x08001904                __aeabi_idiv0
 .text          0x08001908       0x40 /usr/lib/gcc/arm-none-eabi/13.2.1/thumb/v7e-m+fp/hard/libgcc.a(_arm_fixunsdfsi.o)
                0x08001908                __fixunsdfsi
                0x08001908                __aeabi_d2uiz
 .text          0x08001948     0x11bc /usr/lib/gcc/arm-none-eabi/13.2.1/../../../arm-none-eabi/lib/thumb/v7e-m+fp/hard/libg_nano.a(libc_a-strtod.o)
                0x08001948                _strtod_l
                0x0800293c                _strtod_r
                0x08002948                strtod_l
                0x08002964                strtod
                0x08002984                strtof_l
                0x08002a34                strtof
 .text          0x08002b04      0x630 /usr/lib/gcc/arm-none-eabi/13.2.1/../../../arm-none-eabi/lib/thumb/v7e-m+fp/hard/libg_nano.a(libc_a-gdtoa-gethex.o)
                0x08002ba8                __gethex
 *fill*         0x08003134        0xc 
 .text          0x08003140       0xd8 /usr/lib/gcc/arm-none-eabi/13.2.1/../../../arm-none-eabi/lib/thumb/v7e-m+fp/hard/libg_nano.a(libc_a-strlen.o)
                0x08003140                strlen
 .text          0x08003218        0xc /usr/lib/gcc/arm-none-eabi/13.2.1/../../../arm-none-eabi/lib/thumb/v7e-m+fp/hard/libg_nano.a(libc_a-errno.o)
                0x08003218                __errno
 .text          0x08003224       0x30 /usr/lib/gcc/arm-none-eabi/13.2.1/../../../arm-none-eabi/lib/thumb/v7e-m+fp/hard/libg_nano.a(libc_a-wctomb_r.o)
                0x08003224                _wctomb_r
                0x08003238                __ascii_wctomb
 .text          0x08003254      0x134 /usr/lib/gcc/arm-none-eabi/13.2.1/../../../arm-none-eabi/lib/thumb/v7e-m+fp/hard/libg_nano.a(libc_a-memcpy.o)
                0x08003254                memcpy
 .text          0x08003388       0x8c /usr/lib/gcc/arm-none-eabi/13.2.1/../../../arm-none-eabi/lib/thumb/v7e-m+fp/hard/libg_nano.a(libc_a-strncmp.o)
                0x08003388                strncmp
 .text          0x08003414      0x204 /usr/lib/gcc/arm-none-eabi/13.2.1/../../../arm-none-eabi/lib/thumb/v7e-m+fp/hard/libg_nano.a(libc_a-gdtoa-hexnan.o)
                0x08003414                __match
                0x0800344c                __hexnan
 .text          0x08003618       0x10 /usr/lib/gcc/arm-none-eabi/13.2.1/../../../arm-none-eabi/lib/thumb/v7e-m+fp/hard/libg_nano.a(libm_a-s_nan.o)
                0x08003618                nan
 .text          0x08003628        0xc /usr/lib/gcc/arm-none-eabi/13.2.1/../../../arm-none-eabi/lib/thumb/v7e-m+fp/hard/libg_nano.a(libm_a-sf_nan.o)
                0x08003628                nanf
 .text          0x08003634       0x4c /usr/lib/gcc/arm-none-eabi/13.2.1/../../../arm-none-eabi/lib/thumb/v7e-m+fp/hard/libg_nano.a(libc_a-assert.o)
                0x08003634                __assert_func
                0x08003674                __assert
 .text          0x08003680      0xb10 /usr/lib/gcc/arm-none-eabi/13.2.1/../../../arm-none-eabi/lib/thumb/v7e-m+fp/hard/libg_nano.a(libc_a-mprec.o)
                0x08003680                _Balloc
                0x08003700                _Bfree
                0x08003748                __multadd
                0x080037e4                __s2b
                0x08003898                __hi0bits
                0x080038dc                __lo0bits
                0x0800393c                __i2b
                0x08003968                __multiply
                0x08003ad4                __pow5mult
                0x08003bb4                __lshift
                0x08003c9c                __mcmp
                0x08003ce0                __mdiff
                0x08003e58                __ulp
                0x08003ebc                __b2d
                0x08003f78                __d2b
                0x08004038                __ratio
                0x08004098                _mprec_log10
                0x080040d8                __copybits
                0x08004134                __any_on
 .text          0x08004190       0x40 /usr/lib/gcc/arm-none-eabi/13.2.1/../../../arm-none-eabi/lib/thumb/v7e-m+fp/hard/libg_nano.a(libc_a-mbtowc_r.o)
                0x08004190                _mbtowc_r
                0x080041a4                __ascii_mbtowc
 .text          0x080041d0       0x10 /usr/lib/gcc/arm-none-eabi/13.2.1/../../../arm-none-eabi/lib/thumb/v7e-m+fp/hard/libg_nano.a(libc_a-abort.o)
                0x080041d0                abort
 .text          0x080041e0       0x28 /usr/lib/gcc/arm-none-eabi/13.2.1/../../../arm-none-eabi/lib/thumb/v7e-m+fp/hard/libg_nano.a(libc_a-callocr.o)
                0x080041e0                _calloc_r
 .text          0x08004208       0x20 /usr/lib/gcc/arm-none-eabi/13.2.1/../../../arm-none-eabi/lib/thumb/v7e-m+fp/hard/libg_nano.a(libc_a-malloc.o)
                0x08004208                malloc
                0x08004218                free
 .text          0x08004228       0x44 /usr/lib/gcc/arm-none-eabi/13.2.1/../../../arm-none-eabi/lib/thumb/v7e-m+fp/hard/libg_nano.a(libc_a-fprintf.o)
                0x08004228                _fprintf_r
                0x08004228                _fiprintf_r
                0x08004244                fprintf
                0x08004244                fiprintf
 .text          0x0800426c      0x314 /usr/lib/gcc/arm-none-eabi/13.2.1/../../../arm-none-eabi/lib/thumb/v7e-m+fp/hard/libg_nano.a(libc_a-nano-vfprintf.o)
                0x080042a8                __sfputs_r
                0x080042d8                __sprint_r
                0x080042f8                _vfiprintf_r
                0x080042f8                _vfprintf_r
                0x08004564                vfiprintf
                0x08004564                vfprintf
 .text          0x08004580       0xa0 /usr/lib/gcc/arm-none-eabi/13.2.1/../../../arm-none-eabi/lib/thumb/v7e-m+fp/hard/libg_nano.a(libc_a-wbuf.o)
                0x08004580                __swbuf_r
                0x08004608                __swbuf
 .text          0x08004620      0x300 /usr/lib/gcc/arm-none-eabi/13.2.1/../../../arm-none-eabi/lib/thumb/v7e-m+fp/hard/libg_nano.a(libc_a-fvwrite.o)
                0x08004620                __sfvwrite_r
 .text          0x08004920      0x260 /usr/lib/gcc/arm-none-eabi/13.2.1/../../../arm-none-eabi/lib/thumb/v7e-m+fp/hard/libg_nano.a(libc_a-signal.o)
                0x08004920                _init_signal_r
                0x0800494c                _signal_r
                0x08004998                _raise_r
                0x080049e8                __sigtramp_r
                0x08004a48                raise
                0x08004a9c                signal
                0x08004ae8                _init_signal
                0x08004b1c                __sigtramp
 .text          0x08004b80      0x100 /usr/lib/gcc/arm-none-eabi/13.2.1/../../../arm-none-eabi/lib/thumb/v7e-m+fp/hard/libg_nano.a(libc_a-memmove.o)
                0x08004b80                memmove
 .text          0x08004c80       0xa0 /usr/lib/gcc/arm-none-eabi/13.2.1/../../../arm-none-eabi/lib/thumb/v7e-m+fp/hard/libg_nano.a(libc_a-memchr.o)
                0x08004c80                memchr
 .text          0x08004d20       0xc4 /usr/lib/gcc/arm-none-eabi/13.2.1/../../../arm-none-eabi/lib/thumb/v7e-m+fp/hard/libg_nano.a(libc_a-wsetup.o)
                0x08004d20                __swsetup_r
 .text          0x08004de4       0x64 /usr/lib/gcc/arm-none-eabi/13.2.1/../../../arm-none-eabi/lib/thumb/v7e-m+fp/hard/libg_nano.a(libc_a-reallocr.o)
                0x08004de4                _realloc_r
 .text          0x08004e48      0x3a8 /usr/lib/gcc/arm-none-eabi/13.2.1/../../../arm-none-eabi/lib/thumb/v7e-m+fp/hard/libg_nano.a(libc_a-nano-vfprintf_i.o)
                0x08004e48                _printf_common
                0x08004f6c                _printf_i
 .text          0x080051f0      0x114 /usr/lib/gcc/arm-none-eabi/13.2.1/../../../arm-none-eabi/lib/thumb/v7e-m+fp/hard/libg_nano.a(libc_a-makebuf.o)
                0x080051f0                __smakebuf_r
                0x080052b4                __swhatbuf_r
 .text          0x08005304       0x24 /usr/lib/gcc/arm-none-eabi/13.2.1/../../../arm-none-eabi/lib/thumb/v7e-m+fp/hard/libg_nano.a(libc_a-isattyr.o)
                0x08005304                _isatty_r
 .text          0x08005328       0x10 /usr/lib/gcc/arm-none-eabi/13.2.1/../../../arm-none-eabi/lib/thumb/v7e-m+fp/hard/libg_nano.a(libc_a-msizer.o)
                0x08005328                _malloc_usable_size_r
 .text          0x08005338       0x30 /usr/lib/gcc/arm-none-eabi/13.2.1/../../../arm-none-eabi/lib/thumb/v7e-m+fp/hard/libg_nano.a(libc_a-signalr.o)
                0x08005338                _kill_r
                0x08005364                _getpid_r
 .text          0x08005368       0x2c /usr/lib/gcc/arm-none-eabi/13.2.1/../../../arm-none-eabi/lib/thumb/v7e-m+fp/hard/libg_nano.a(libc_a-fstatr.o)
                0x08005368                _fstat_r
 .text          0x08005394      0x110 /usr/lib/gcc/arm-none-eabi/13.2.1/thumb/v7e-m+fp/hard/libgcc.a(_arm_cmpdf2.o)
                0x08005394                __gtdf2
                0x08005394                __gedf2
                0x0800539c                __ltdf2
                0x0800539c                __ledf2
                0x080053a4                __cmpdf2
                0x080053a4                __eqdf2
                0x080053a4                __nedf2
                0x08005420                __aeabi_cdrcmple
                0x08005430                __aeabi_cdcmple
                0x08005430                __aeabi_cdcmpeq
                0x08005440                __aeabi_dcmpeq
                0x08005454                __aeabi_dcmplt
                0x08005468                __aeabi_dcmple
                0x0800547c                __aeabi_dcmpge
                0x08005490                __aeabi_dcmpgt
 .text          0x080054a4       0x2c /usr/lib/gcc/arm-none-eabi/13.2.1/thumb/v7e-m+fp/hard/libgcc.a(_arm_unorddf2.o)
                0x080054a4                __aeabi_dcmpun
                0x080054a4                __unorddf2
 .text          0x080054d0       0x30 /usr/lib/gcc/arm-none-eabi/13.2.1/thumb/v7e-m+fp/hard/libgcc.a(_fixdfdi.o)
                0x080054d0                __aeabi_d2lz
                0x080054d0                __fixdfdi
 .text          0x08005500       0x3c /usr/lib/gcc/arm-none-eabi/13.2.1/thumb/v7e-m+fp/hard/libgcc.a(_fixunsdfdi.o)
                0x08005500                __aeabi_d2ulz
                0x08005500                __fixunsdfdi
 *fill*         0x0800553c        0x4 
 .text          0x08005540       0xf0 /usr/lib/gcc/arm-none-eabi/13.2.1/../../../arm-none-eabi/lib/thumb/v7e-m+fp/hard/libm.a(libm_a-w_pow.o)
                0x08005540                pow
 .text          0x08005630       0x44 /usr/lib/gcc/arm-none-eabi/13.2.1/../../../arm-none-eabi/lib/thumb/v7e-m+fp/hard/libm.a(libm_a-wf_sqrt.o)
                0x08005630                sqrtf
 *fill*         0x08005674        0x4 
 .text          0x08005678      0xc14 /usr/lib/gcc/arm-none-eabi/13.2.1/../../../arm-none-eabi/lib/thumb/v7e-m+fp/hard/libm.a(libm_a-e_pow.o)
                0x08005678                __ieee754_pow
 .text          0x0800628c      0x1ec /usr/lib/gcc/arm-none-eabi/13.2.1/../../../arm-none-eabi/lib/thumb/v7e-m+fp/hard/libm.a(libm_a-e_sqrt.o)
                0x0800628c                __ieee754_sqrt
 .text          0x08006478       0x4c /usr/lib/gcc/arm-none-eabi/13.2.1/../../../arm-none-eabi/lib/thumb/v7e-m+fp/hard/libm.a(libm_a-sf_round.o)
                0x08006478                roundf
 .text          0x080064c4       0x94 /usr/lib/gcc/arm-none-eabi/13.2.1/../../../arm-none-eabi/lib/thumb/v7e-m+fp/hard/libm.a(libm_a-sf_ceil.o)
                0x080064c4                ceilf
 .text          0x08006558       0x18 /usr/lib/gcc/arm-none-eabi/13.2.1/../../../arm-none-eabi/lib/thumb/v7e-m+fp/hard/libm.a(libm_a-s_finite.o)
                0x08006558                finite
 .text          0x08006570       0x10 /usr/lib/gcc/arm-none-eabi/13.2.1/../../../arm-none-eabi/lib/thumb/v7e-m+fp/hard/libm.a(libm_a-s_fabs.o)
                0x08006570                fabs
 .text          0x08006580      0x180 /usr/lib/gcc/arm-none-eabi/13.2.1/../../../arm-none-eabi/lib/thumb/v7e-m+fp/hard/libm.a(libm_a-math_err.o)
                0x080065d8                __math_uflow
                0x080065e8                __math_may_uflow
                0x080065f8                __math_oflow
                0x08006608                __math_divzero
                0x0800663c                __math_invalid
                0x08006688                __math_check_uflow
                0x080066c0                __math_check_oflow
 .text          0x08006700        0x8 /usr/lib/gcc/arm-none-eabi/13.2.1/../../../arm-none-eabi/lib/thumb/v7e-m+fp/hard/libm.a(libm_a-ef_sqrt.o)
                0x08006700                __ieee754_sqrtf
 .text          0x08006708      0x114 /usr/lib/gcc/arm-none-eabi/13.2.1/../../../arm-none-eabi/lib/thumb/v7e-m+fp/hard/libm.a(libm_a-s_scalbn.o)
                0x08006708                scalbn
 *(.text*)
 .text.main     0x0800681c       0x36 CMakeFiles/motorcontroller.dir/Core/Src/main.c.obj
                0x0800681c                main
 *fill*         0x08006852        0x2 
 .text.SystemClock_Config
                0x08006854       0xd4 CMakeFiles/motorcontroller.dir/Core/Src/main.c.obj
                0x08006854                SystemClock_Config
 .text.MX_ADC1_Init
                0x08006928       0xa4 CMakeFiles/motorcontroller.dir/Core/Src/main.c.obj
 .text.MX_I2C1_Init
                0x080069cc       0x5c CMakeFiles/motorcontroller.dir/Core/Src/main.c.obj
 .text.MX_I2C2_Init
                0x08006a28       0x5c CMakeFiles/motorcontroller.dir/Core/Src/main.c.obj
 .text.MX_TIM2_Init
                0x08006a84       0xa8 CMakeFiles/motorcontroller.dir/Core/Src/main.c.obj
 .text.MX_TIM3_Init
                0x08006b2c       0xfc CMakeFiles/motorcontroller.dir/Core/Src/main.c.obj
 .text.MX_TIM4_Init
                0x08006c28       0xac CMakeFiles/motorcontroller.dir/Core/Src/main.c.obj
 .text.MX_USART2_UART_Init
                0x08006cd4       0x54 CMakeFiles/motorcontroller.dir/Core/Src/main.c.obj
 .text.MX_GPIO_Init
                0x08006d28      0x18c CMakeFiles/motorcontroller.dir/Core/Src/main.c.obj
 .text.Error_Handler
                0x08006eb4        0xc CMakeFiles/motorcontroller.dir/Core/Src/main.c.obj
                0x08006eb4                Error_Handler
 .text.keypadInit
                0x08006ec0       0x20 CMakeFiles/motorcontroller.dir/Core/Src/keypad.c.obj
                0x08006ec0                keypadInit
 .text.keypadTIMHandler
                0x08006ee0       0x58 CMakeFiles/motorcontroller.dir/Core/Src/keypad.c.obj
                0x08006ee0                keypadTIMHandler
 .text.keypadEXTIHandler
                0x08006f38       0xbc CMakeFiles/motorcontroller.dir/Core/Src/keypad.c.obj
                0x08006f38                keypadEXTIHandler
 .text.keypadDecodeKey
                0x08006ff4       0x5c CMakeFiles/motorcontroller.dir/Core/Src/keypad.c.obj
                0x08006ff4                keypadDecodeKey
 .text.queueInit
                0x08007050       0x26 CMakeFiles/motorcontroller.dir/Core/Src/queue.c.obj
                0x08007050                queueInit
 .text.isQueueFull
                0x08007076       0x22 CMakeFiles/motorcontroller.dir/Core/Src/queue.c.obj
                0x08007076                isQueueFull
 .text.isQueueEmpty
                0x08007098       0x22 CMakeFiles/motorcontroller.dir/Core/Src/queue.c.obj
                0x08007098                isQueueEmpty
 .text.enqueue  0x080070ba       0x58 CMakeFiles/motorcontroller.dir/Core/Src/queue.c.obj
                0x080070ba                enqueue
 .text.dequeue  0x08007112       0x58 CMakeFiles/motorcontroller.dir/Core/Src/queue.c.obj
                0x08007112                dequeue
 *fill*         0x0800716a        0x2 
 .text.buildMenuTree
                0x0800716c      0x4cc CMakeFiles/motorcontroller.dir/Core/Src/menu.c.obj
                0x0800716c                buildMenuTree
 .text.updateChildLinkage
                0x08007638       0x88 CMakeFiles/motorcontroller.dir/Core/Src/menu.c.obj
                0x08007638                updateChildLinkage
 .text.updateParentLinkage
                0x080076c0       0x9c CMakeFiles/motorcontroller.dir/Core/Src/menu.c.obj
                0x080076c0                updateParentLinkage
 .text.getInputScreen
                0x0800775c       0xb8 CMakeFiles/motorcontroller.dir/Core/Src/menu.c.obj
                0x0800775c                getInputScreen
 .text.HAL_TIM_PeriodElapsedCallback
                0x08007814       0x34 CMakeFiles/motorcontroller.dir/Core/Src/override.c.obj
                0x08007814                HAL_TIM_PeriodElapsedCallback
 .text.HAL_GPIO_EXTI_Callback
                0x08007848       0x2a CMakeFiles/motorcontroller.dir/Core/Src/override.c.obj
                0x08007848                HAL_GPIO_EXTI_Callback
 .text.SSD1309_reset
                0x08007872        0xe CMakeFiles/motorcontroller.dir/Core/Src/ssd1309.c.obj
                0x08007872                SSD1309_reset
 .text.SSD1309_sendCommand
                0x08007880       0x30 CMakeFiles/motorcontroller.dir/Core/Src/ssd1309.c.obj
                0x08007880                SSD1309_sendCommand
 .text.SSD1309_sendData
                0x080078b0       0x34 CMakeFiles/motorcontroller.dir/Core/Src/ssd1309.c.obj
                0x080078b0                SSD1309_sendData
 .text.SSD1309_init
                0x080078e4       0xc4 CMakeFiles/motorcontroller.dir/Core/Src/ssd1309.c.obj
                0x080078e4                SSD1309_init
 .text.SSD1309_update
                0x080079a8       0x18 CMakeFiles/motorcontroller.dir/Core/Src/ssd1309.c.obj
                0x080079a8                SSD1309_update
 .text.SSD1309_setPixel
                0x080079c0       0x94 CMakeFiles/motorcontroller.dir/Core/Src/ssd1309.c.obj
                0x080079c0                SSD1309_setPixel
 .text.SSD1309_drawBitmap
                0x08007a54       0xba CMakeFiles/motorcontroller.dir/Core/Src/ssd1309.c.obj
                0x08007a54                SSD1309_drawBitmap
 *fill*         0x08007b0e        0x2 
 .text.SSD1309_drawText
                0x08007b10       0xd0 CMakeFiles/motorcontroller.dir/Core/Src/ssd1309.c.obj
                0x08007b10                SSD1309_drawText
 .text.navigationInit
                0x08007be0      0x144 CMakeFiles/motorcontroller.dir/Core/Src/navigation.c.obj
                0x08007be0                navigationInit
 .text.navigationLoop
                0x08007d24      0x7e4 CMakeFiles/motorcontroller.dir/Core/Src/navigation.c.obj
                0x08007d24                navigationLoop
 .text.dtoa     0x08008508      0x23c CMakeFiles/motorcontroller.dir/Core/Src/navigation.c.obj
                0x08008508                dtoa
 .text.motorInit
                0x08008744       0x64 CMakeFiles/motorcontroller.dir/Core/Src/motor.c.obj
                0x08008744                motorInit
 .text.setTimerFrequency
                0x080087a8       0x4c CMakeFiles/motorcontroller.dir/Core/Src/motor.c.obj
                0x080087a8                setTimerFrequency
 .text.setPulsePerUnit
                0x080087f4       0x28 CMakeFiles/motorcontroller.dir/Core/Src/motor.c.obj
                0x080087f4                setPulsePerUnit
 *fill*         0x0800881c        0x4 
 .text.setPeakSpeed
                0x08008820       0x68 CMakeFiles/motorcontroller.dir/Core/Src/motor.c.obj
                0x08008820                setPeakSpeed
 .text.setAcceleration
                0x08008888       0x68 CMakeFiles/motorcontroller.dir/Core/Src/motor.c.obj
                0x08008888                setAcceleration
 .text.setDistance
                0x080088f0       0x64 CMakeFiles/motorcontroller.dir/Core/Src/motor.c.obj
                0x080088f0                setDistance
 .text.setMoveStatus
                0x08008954       0x20 CMakeFiles/motorcontroller.dir/Core/Src/motor.c.obj
                0x08008954                setMoveStatus
 .text.setHomingStatus
                0x08008974       0x20 CMakeFiles/motorcontroller.dir/Core/Src/motor.c.obj
                0x08008974                setHomingStatus
 .text.setHomingReverseStatus
                0x08008994       0x20 CMakeFiles/motorcontroller.dir/Core/Src/motor.c.obj
                0x08008994                setHomingReverseStatus
 .text.resetStepCount
                0x080089b4       0x1a CMakeFiles/motorcontroller.dir/Core/Src/motor.c.obj
                0x080089b4                resetStepCount
 .text.getHandle
                0x080089ce       0x18 CMakeFiles/motorcontroller.dir/Core/Src/motor.c.obj
                0x080089ce                getHandle
 .text.getDirPort
                0x080089e6       0x18 CMakeFiles/motorcontroller.dir/Core/Src/motor.c.obj
                0x080089e6                getDirPort
 .text.getDirPin
                0x080089fe       0x18 CMakeFiles/motorcontroller.dir/Core/Src/motor.c.obj
                0x080089fe                getDirPin
 .text.getHomePin
                0x08008a16       0x18 CMakeFiles/motorcontroller.dir/Core/Src/motor.c.obj
                0x08008a16                getHomePin
 .text.getTimerFrequency
                0x08008a2e       0x18 CMakeFiles/motorcontroller.dir/Core/Src/motor.c.obj
                0x08008a2e                getTimerFrequency
 .text.getDistance
                0x08008a46       0x1e CMakeFiles/motorcontroller.dir/Core/Src/motor.c.obj
                0x08008a46                getDistance
 .text.getPulsePerUnit
                0x08008a64       0x1e CMakeFiles/motorcontroller.dir/Core/Src/motor.c.obj
                0x08008a64                getPulsePerUnit
 .text.getPeakSpeed
                0x08008a82       0x1e CMakeFiles/motorcontroller.dir/Core/Src/motor.c.obj
                0x08008a82                getPeakSpeed
 .text.getAcceleration
                0x08008aa0       0x1e CMakeFiles/motorcontroller.dir/Core/Src/motor.c.obj
                0x08008aa0                getAcceleration
 .text.getMovementProfile
                0x08008abe       0x18 CMakeFiles/motorcontroller.dir/Core/Src/motor.c.obj
                0x08008abe                getMovementProfile
 .text.getMoveStatus
                0x08008ad6       0x1a CMakeFiles/motorcontroller.dir/Core/Src/motor.c.obj
                0x08008ad6                getMoveStatus
 .text.getHomingStatus
                0x08008af0       0x1a CMakeFiles/motorcontroller.dir/Core/Src/motor.c.obj
                0x08008af0                getHomingStatus
 .text.getHomingReverseStatus
                0x08008b0a       0x1a CMakeFiles/motorcontroller.dir/Core/Src/motor.c.obj
                0x08008b0a                getHomingReverseStatus
 .text.moveMotor
                0x08008b24      0x144 CMakeFiles/motorcontroller.dir/Core/Src/motor.c.obj
                0x08008b24                moveMotor
 .text.home     0x08008c68       0xa0 CMakeFiles/motorcontroller.dir/Core/Src/motor.c.obj
                0x08008c68                home
 .text.motorOCCallback
                0x08008d08      0x120 CMakeFiles/motorcontroller.dir/Core/Src/motor.c.obj
                0x08008d08                motorOCCallback
 .text.homeSensor
                0x08008e28       0x9c CMakeFiles/motorcontroller.dir/Core/Src/motor.c.obj
                0x08008e28                homeSensor
 .text.HAL_TIM_OC_DelayElapsedCallback
                0x08008ec4       0x28 CMakeFiles/motorcontroller.dir/Core/Src/motor.c.obj
                0x08008ec4                HAL_TIM_OC_DelayElapsedCallback
 .text.switchEXTIHandler
                0x08008eec       0x2c CMakeFiles/motorcontroller.dir/Core/Src/motor.c.obj
                0x08008eec                switchEXTIHandler
 .text.getTotalPulses
                0x08008f18       0x18 CMakeFiles/motorcontroller.dir/Core/Src/movementprofile.c.obj
                0x08008f18                getTotalPulses
 .text.getRemainingPulses
                0x08008f30       0x18 CMakeFiles/motorcontroller.dir/Core/Src/movementprofile.c.obj
                0x08008f30                getRemainingPulses
 .text.getAccelerationPPSS
                0x08008f48       0x1e CMakeFiles/motorcontroller.dir/Core/Src/movementprofile.c.obj
                0x08008f48                getAccelerationPPSS
 .text.getRequestedPeakSpeedPPS
                0x08008f66       0x1e CMakeFiles/motorcontroller.dir/Core/Src/movementprofile.c.obj
                0x08008f66                getRequestedPeakSpeedPPS
 .text.getMaximumPeakSpeedPPS
                0x08008f84       0x1e CMakeFiles/motorcontroller.dir/Core/Src/movementprofile.c.obj
                0x08008f84                getMaximumPeakSpeedPPS
 .text.getActualPeakSpeedPPS
                0x08008fa2       0x1e CMakeFiles/motorcontroller.dir/Core/Src/movementprofile.c.obj
                0x08008fa2                getActualPeakSpeedPPS
 .text.getRampingDistanceP
                0x08008fc0       0x1e CMakeFiles/motorcontroller.dir/Core/Src/movementprofile.c.obj
                0x08008fc0                getRampingDistanceP
 .text.getAccelSteps
                0x08008fde       0x18 CMakeFiles/motorcontroller.dir/Core/Src/movementprofile.c.obj
                0x08008fde                getAccelSteps
 .text.getFirstTick
                0x08008ff6       0x18 CMakeFiles/motorcontroller.dir/Core/Src/movementprofile.c.obj
                0x08008ff6                getFirstTick
 .text.getNextTick
                0x0800900e       0x18 CMakeFiles/motorcontroller.dir/Core/Src/movementprofile.c.obj
                0x0800900e                getNextTick
 .text.getHomingTicks
                0x08009026       0x18 CMakeFiles/motorcontroller.dir/Core/Src/movementprofile.c.obj
                0x08009026                getHomingTicks
 .text.setTotalPulses
                0x0800903e       0x3c CMakeFiles/motorcontroller.dir/Core/Src/movementprofile.c.obj
                0x0800903e                setTotalPulses
 .text.setAccelerationPPSS
                0x0800907a       0x2e CMakeFiles/motorcontroller.dir/Core/Src/movementprofile.c.obj
                0x0800907a                setAccelerationPPSS
 .text.setRequestedPeakSpeedPPS
                0x080090a8       0x2e CMakeFiles/motorcontroller.dir/Core/Src/movementprofile.c.obj
                0x080090a8                setRequestedPeakSpeedPPS
 .text.setMaximumPeakSpeedPPS
                0x080090d6       0x40 CMakeFiles/motorcontroller.dir/Core/Src/movementprofile.c.obj
                0x080090d6                setMaximumPeakSpeedPPS
 .text.setActualPeakSpeedPPS
                0x08009116       0x52 CMakeFiles/motorcontroller.dir/Core/Src/movementprofile.c.obj
                0x08009116                setActualPeakSpeedPPS
 .text.setRampingDistanceP
                0x08009168       0x48 CMakeFiles/motorcontroller.dir/Core/Src/movementprofile.c.obj
                0x08009168                setRampingDistanceP
 .text.setPulseIntervals
                0x080091b0       0xf0 CMakeFiles/motorcontroller.dir/Core/Src/movementprofile.c.obj
                0x080091b0                setPulseIntervals
 .text.setHomingPulseIntervals
                0x080092a0       0x58 CMakeFiles/motorcontroller.dir/Core/Src/movementprofile.c.obj
                0x080092a0                setHomingPulseIntervals
 .text.incrementStepIndex
                0x080092f8       0x1e CMakeFiles/motorcontroller.dir/Core/Src/movementprofile.c.obj
                0x080092f8                incrementStepIndex
 .text.decrementRemainingPulses
                0x08009316       0x1e CMakeFiles/motorcontroller.dir/Core/Src/movementprofile.c.obj
                0x08009316                decrementRemainingPulses
 .text.setNextTick
                0x08009334      0x176 CMakeFiles/motorcontroller.dir/Core/Src/movementprofile.c.obj
                0x08009334                setNextTick
 .text.parametersInit
                0x080094aa       0x2a CMakeFiles/motorcontroller.dir/Core/Src/parameters.c.obj
                0x080094aa                parametersInit
 .text.updateParameters
                0x080094d4      0x108 CMakeFiles/motorcontroller.dir/Core/Src/parameters.c.obj
                0x080094d4                updateParameters
 .text.saveParameters
                0x080095dc       0x34 CMakeFiles/motorcontroller.dir/Core/Src/parameters.c.obj
                0x080095dc                saveParameters
 .text.loadParameters
                0x08009610       0x1a CMakeFiles/motorcontroller.dir/Core/Src/parameters.c.obj
                0x08009610                loadParameters
 .text.clearParameters
                0x0800962a       0x56 CMakeFiles/motorcontroller.dir/Core/Src/parameters.c.obj
                0x0800962a                clearParameters
 .text.write    0x08009680       0x4c CMakeFiles/motorcontroller.dir/Core/Src/eeprom.c.obj
                0x08009680                write
 .text.writeBlock
                0x080096cc       0x6e CMakeFiles/motorcontroller.dir/Core/Src/eeprom.c.obj
                0x080096cc                writeBlock
 *fill*         0x0800973a        0x2 
 .text.shutdownTIMHandler
                0x0800973c       0x24 CMakeFiles/motorcontroller.dir/Core/Src/eeprom.c.obj
                0x0800973c                shutdownTIMHandler
 .text.read     0x08009760       0x4c CMakeFiles/motorcontroller.dir/Core/Src/eeprom.c.obj
                0x08009760                read
 .text.shutdownCall
                0x080097ac       0x14 CMakeFiles/motorcontroller.dir/Core/Src/eeprom.c.obj
                0x080097ac                shutdownCall
 .text.HAL_ADC_ConvCpltCallback
                0x080097c0       0x3c CMakeFiles/motorcontroller.dir/Core/Src/eeprom.c.obj
                0x080097c0                HAL_ADC_ConvCpltCallback
 .text.NMI_Handler
                0x080097fc        0x8 CMakeFiles/motorcontroller.dir/Core/Src/stm32f4xx_it.c.obj
                0x080097fc                NMI_Handler
 .text.HardFault_Handler
                0x08009804        0x8 CMakeFiles/motorcontroller.dir/Core/Src/stm32f4xx_it.c.obj
                0x08009804                HardFault_Handler
 .text.MemManage_Handler
                0x0800980c        0x8 CMakeFiles/motorcontroller.dir/Core/Src/stm32f4xx_it.c.obj
                0x0800980c                MemManage_Handler
 .text.BusFault_Handler
                0x08009814        0x8 CMakeFiles/motorcontroller.dir/Core/Src/stm32f4xx_it.c.obj
                0x08009814                BusFault_Handler
 .text.UsageFault_Handler
                0x0800981c        0x8 CMakeFiles/motorcontroller.dir/Core/Src/stm32f4xx_it.c.obj
                0x0800981c                UsageFault_Handler
 .text.SVC_Handler
                0x08009824        0xe CMakeFiles/motorcontroller.dir/Core/Src/stm32f4xx_it.c.obj
                0x08009824                SVC_Handler
 .text.DebugMon_Handler
                0x08009832        0xe CMakeFiles/motorcontroller.dir/Core/Src/stm32f4xx_it.c.obj
                0x08009832                DebugMon_Handler
 .text.PendSV_Handler
                0x08009840        0xe CMakeFiles/motorcontroller.dir/Core/Src/stm32f4xx_it.c.obj
                0x08009840                PendSV_Handler
 .text.SysTick_Handler
                0x0800984e        0xc CMakeFiles/motorcontroller.dir/Core/Src/stm32f4xx_it.c.obj
                0x0800984e                SysTick_Handler
 .text.EXTI0_IRQHandler
                0x0800985a        0xe CMakeFiles/motorcontroller.dir/Core/Src/stm32f4xx_it.c.obj
                0x0800985a                EXTI0_IRQHandler
 .text.EXTI4_IRQHandler
                0x08009868        0xe CMakeFiles/motorcontroller.dir/Core/Src/stm32f4xx_it.c.obj
                0x08009868                EXTI4_IRQHandler
 *fill*         0x08009876        0x2 
 .text.ADC_IRQHandler
                0x08009878       0x14 CMakeFiles/motorcontroller.dir/Core/Src/stm32f4xx_it.c.obj
                0x08009878                ADC_IRQHandler
 .text.EXTI9_5_IRQHandler
                0x0800988c       0x4c CMakeFiles/motorcontroller.dir/Core/Src/stm32f4xx_it.c.obj
                0x0800988c                EXTI9_5_IRQHandler
 .text.TIM2_IRQHandler
                0x080098d8       0x14 CMakeFiles/motorcontroller.dir/Core/Src/stm32f4xx_it.c.obj
                0x080098d8                TIM2_IRQHandler
 .text.TIM3_IRQHandler
                0x080098ec       0x14 CMakeFiles/motorcontroller.dir/Core/Src/stm32f4xx_it.c.obj
                0x080098ec                TIM3_IRQHandler
 .text.TIM4_IRQHandler
                0x08009900       0x14 CMakeFiles/motorcontroller.dir/Core/Src/stm32f4xx_it.c.obj
                0x08009900                TIM4_IRQHandler
 .text.HAL_MspInit
                0x08009914       0x50 CMakeFiles/motorcontroller.dir/Core/Src/stm32f4xx_hal_msp.c.obj
                0x08009914                HAL_MspInit
 .text.HAL_ADC_MspInit
                0x08009964       0x98 CMakeFiles/motorcontroller.dir/Core/Src/stm32f4xx_hal_msp.c.obj
                0x08009964                HAL_ADC_MspInit
 .text.HAL_I2C_MspInit
                0x080099fc      0x11c CMakeFiles/motorcontroller.dir/Core/Src/stm32f4xx_hal_msp.c.obj
                0x080099fc                HAL_I2C_MspInit
 .text.HAL_TIM_Base_MspInit
                0x08009b18       0xc4 CMakeFiles/motorcontroller.dir/Core/Src/stm32f4xx_hal_msp.c.obj
                0x08009b18                HAL_TIM_Base_MspInit
 .text.HAL_TIM_MspPostInit
                0x08009bdc       0x74 CMakeFiles/motorcontroller.dir/Core/Src/stm32f4xx_hal_msp.c.obj
                0x08009bdc                HAL_TIM_MspPostInit
 .text.HAL_UART_MspInit
                0x08009c50       0x90 CMakeFiles/motorcontroller.dir/Core/Src/stm32f4xx_hal_msp.c.obj
                0x08009c50                HAL_UART_MspInit
 .text.HAL_ADC_Init
                0x08009ce0       0x86 CMakeFiles/motorcontroller.dir/Drivers/STM32F4xx_HAL_Driver/Src/stm32f4xx_hal_adc.c.obj
                0x08009ce0                HAL_ADC_Init
 *fill*         0x08009d66        0x2 
 .text.HAL_ADC_Start_IT
                0x08009d68      0x17c CMakeFiles/motorcontroller.dir/Drivers/STM32F4xx_HAL_Driver/Src/stm32f4xx_hal_adc.c.obj
                0x08009d68                HAL_ADC_Start_IT
 .text.HAL_ADC_IRQHandler
                0x08009ee4      0x220 CMakeFiles/motorcontroller.dir/Drivers/STM32F4xx_HAL_Driver/Src/stm32f4xx_hal_adc.c.obj
                0x08009ee4                HAL_ADC_IRQHandler
 .text.HAL_ADC_GetValue
                0x0800a104       0x1a CMakeFiles/motorcontroller.dir/Drivers/STM32F4xx_HAL_Driver/Src/stm32f4xx_hal_adc.c.obj
                0x0800a104                HAL_ADC_GetValue
 .text.HAL_ADC_LevelOutOfWindowCallback
                0x0800a11e       0x14 CMakeFiles/motorcontroller.dir/Drivers/STM32F4xx_HAL_Driver/Src/stm32f4xx_hal_adc.c.obj
                0x0800a11e                HAL_ADC_LevelOutOfWindowCallback
 .text.HAL_ADC_ErrorCallback
                0x0800a132       0x14 CMakeFiles/motorcontroller.dir/Drivers/STM32F4xx_HAL_Driver/Src/stm32f4xx_hal_adc.c.obj
                0x0800a132                HAL_ADC_ErrorCallback
 *fill*         0x0800a146        0x2 
 .text.HAL_ADC_ConfigChannel
                0x0800a148      0x264 CMakeFiles/motorcontroller.dir/Drivers/STM32F4xx_HAL_Driver/Src/stm32f4xx_hal_adc.c.obj
                0x0800a148                HAL_ADC_ConfigChannel
 .text.ADC_Init
                0x0800a3ac      0x1f8 CMakeFiles/motorcontroller.dir/Drivers/STM32F4xx_HAL_Driver/Src/stm32f4xx_hal_adc.c.obj
 .text.HAL_ADCEx_InjectedConvCpltCallback
                0x0800a5a4       0x14 CMakeFiles/motorcontroller.dir/Drivers/STM32F4xx_HAL_Driver/Src/stm32f4xx_hal_adc_ex.c.obj
                0x0800a5a4                HAL_ADCEx_InjectedConvCpltCallback
 .text.HAL_RCC_OscConfig
                0x0800a5b8      0x4f0 CMakeFiles/motorcontroller.dir/Drivers/STM32F4xx_HAL_Driver/Src/stm32f4xx_hal_rcc.c.obj
                0x0800a5b8                HAL_RCC_OscConfig
 .text.HAL_RCC_ClockConfig
                0x0800aaa8      0x1cc CMakeFiles/motorcontroller.dir/Drivers/STM32F4xx_HAL_Driver/Src/stm32f4xx_hal_rcc.c.obj
                0x0800aaa8                HAL_RCC_ClockConfig
 .text.HAL_RCC_GetSysClockFreq
                0x0800ac74      0x20c CMakeFiles/motorcontroller.dir/Drivers/STM32F4xx_HAL_Driver/Src/stm32f4xx_hal_rcc.c.obj
                0x0800ac74                HAL_RCC_GetSysClockFreq
 .text.HAL_RCC_GetHCLKFreq
                0x0800ae80       0x18 CMakeFiles/motorcontroller.dir/Drivers/STM32F4xx_HAL_Driver/Src/stm32f4xx_hal_rcc.c.obj
                0x0800ae80                HAL_RCC_GetHCLKFreq
 .text.HAL_RCC_GetPCLK1Freq
                0x0800ae98       0x28 CMakeFiles/motorcontroller.dir/Drivers/STM32F4xx_HAL_Driver/Src/stm32f4xx_hal_rcc.c.obj
                0x0800ae98                HAL_RCC_GetPCLK1Freq
 .text.HAL_RCC_GetPCLK2Freq
                0x0800aec0       0x28 CMakeFiles/motorcontroller.dir/Drivers/STM32F4xx_HAL_Driver/Src/stm32f4xx_hal_rcc.c.obj
                0x0800aec0                HAL_RCC_GetPCLK2Freq
 .text.HAL_GPIO_Init
                0x0800aee8      0x308 CMakeFiles/motorcontroller.dir/Drivers/STM32F4xx_HAL_Driver/Src/stm32f4xx_hal_gpio.c.obj
                0x0800aee8                HAL_GPIO_Init
 .text.HAL_GPIO_ReadPin
                0x0800b1f0       0x30 CMakeFiles/motorcontroller.dir/Drivers/STM32F4xx_HAL_Driver/Src/stm32f4xx_hal_gpio.c.obj
                0x0800b1f0                HAL_GPIO_ReadPin
 .text.HAL_GPIO_WritePin
                0x0800b220       0x32 CMakeFiles/motorcontroller.dir/Drivers/STM32F4xx_HAL_Driver/Src/stm32f4xx_hal_gpio.c.obj
                0x0800b220                HAL_GPIO_WritePin
 *fill*         0x0800b252        0x2 
 .text.HAL_GPIO_EXTI_IRQHandler
                0x0800b254       0x30 CMakeFiles/motorcontroller.dir/Drivers/STM32F4xx_HAL_Driver/Src/stm32f4xx_hal_gpio.c.obj
                0x0800b254                HAL_GPIO_EXTI_IRQHandler
 .text.__NVIC_SetPriorityGrouping
                0x0800b284       0x48 CMakeFiles/motorcontroller.dir/Drivers/STM32F4xx_HAL_Driver/Src/stm32f4xx_hal_cortex.c.obj
 .text.__NVIC_GetPriorityGrouping
                0x0800b2cc       0x1c CMakeFiles/motorcontroller.dir/Drivers/STM32F4xx_HAL_Driver/Src/stm32f4xx_hal_cortex.c.obj
 .text.__NVIC_EnableIRQ
                0x0800b2e8       0x3c CMakeFiles/motorcontroller.dir/Drivers/STM32F4xx_HAL_Driver/Src/stm32f4xx_hal_cortex.c.obj
 .text.__NVIC_SetPriority
                0x0800b324       0x54 CMakeFiles/motorcontroller.dir/Drivers/STM32F4xx_HAL_Driver/Src/stm32f4xx_hal_cortex.c.obj
 .text.NVIC_EncodePriority
                0x0800b378       0x66 CMakeFiles/motorcontroller.dir/Drivers/STM32F4xx_HAL_Driver/Src/stm32f4xx_hal_cortex.c.obj
 *fill*         0x0800b3de        0x2 
 .text.SysTick_Config
                0x0800b3e0       0x44 CMakeFiles/motorcontroller.dir/Drivers/STM32F4xx_HAL_Driver/Src/stm32f4xx_hal_cortex.c.obj
 .text.HAL_NVIC_SetPriorityGrouping
                0x0800b424       0x16 CMakeFiles/motorcontroller.dir/Drivers/STM32F4xx_HAL_Driver/Src/stm32f4xx_hal_cortex.c.obj
                0x0800b424                HAL_NVIC_SetPriorityGrouping
 .text.HAL_NVIC_SetPriority
                0x0800b43a       0x38 CMakeFiles/motorcontroller.dir/Drivers/STM32F4xx_HAL_Driver/Src/stm32f4xx_hal_cortex.c.obj
                0x0800b43a                HAL_NVIC_SetPriority
 .text.HAL_NVIC_EnableIRQ
                0x0800b472       0x1c CMakeFiles/motorcontroller.dir/Drivers/STM32F4xx_HAL_Driver/Src/stm32f4xx_hal_cortex.c.obj
                0x0800b472                HAL_NVIC_EnableIRQ
 .text.HAL_SYSTICK_Config
                0x0800b48e       0x18 CMakeFiles/motorcontroller.dir/Drivers/STM32F4xx_HAL_Driver/Src/stm32f4xx_hal_cortex.c.obj
                0x0800b48e                HAL_SYSTICK_Config
 *fill*         0x0800b4a6        0x2 
 .text.HAL_Init
                0x0800b4a8       0x44 CMakeFiles/motorcontroller.dir/Drivers/STM32F4xx_HAL_Driver/Src/stm32f4xx_hal.c.obj
                0x0800b4a8                HAL_Init
 .text.HAL_InitTick
                0x0800b4ec       0x60 CMakeFiles/motorcontroller.dir/Drivers/STM32F4xx_HAL_Driver/Src/stm32f4xx_hal.c.obj
                0x0800b4ec                HAL_InitTick
 .text.HAL_IncTick
                0x0800b54c       0x28 CMakeFiles/motorcontroller.dir/Drivers/STM32F4xx_HAL_Driver/Src/stm32f4xx_hal.c.obj
                0x0800b54c                HAL_IncTick
 .text.HAL_GetTick
                0x0800b574       0x18 CMakeFiles/motorcontroller.dir/Drivers/STM32F4xx_HAL_Driver/Src/stm32f4xx_hal.c.obj
                0x0800b574                HAL_GetTick
 .text.HAL_Delay
                0x0800b58c       0x48 CMakeFiles/motorcontroller.dir/Drivers/STM32F4xx_HAL_Driver/Src/stm32f4xx_hal.c.obj
                0x0800b58c                HAL_Delay
 .text.HAL_I2C_Init
                0x0800b5d4      0x288 CMakeFiles/motorcontroller.dir/Drivers/STM32F4xx_HAL_Driver/Src/stm32f4xx_hal_i2c.c.obj
                0x0800b5d4                HAL_I2C_Init
 .text.HAL_I2C_Mem_Write
                0x0800b85c      0x1f4 CMakeFiles/motorcontroller.dir/Drivers/STM32F4xx_HAL_Driver/Src/stm32f4xx_hal_i2c.c.obj
                0x0800b85c                HAL_I2C_Mem_Write
 .text.HAL_I2C_Mem_Read
                0x0800ba50      0x464 CMakeFiles/motorcontroller.dir/Drivers/STM32F4xx_HAL_Driver/Src/stm32f4xx_hal_i2c.c.obj
                0x0800ba50                HAL_I2C_Mem_Read
 .text.HAL_I2C_IsDeviceReady
                0x0800beb4      0x25c CMakeFiles/motorcontroller.dir/Drivers/STM32F4xx_HAL_Driver/Src/stm32f4xx_hal_i2c.c.obj
                0x0800beb4                HAL_I2C_IsDeviceReady
 .text.I2C_RequestMemoryWrite
                0x0800c110      0x12c CMakeFiles/motorcontroller.dir/Drivers/STM32F4xx_HAL_Driver/Src/stm32f4xx_hal_i2c.c.obj
 .text.I2C_RequestMemoryRead
                0x0800c23c      0x1d0 CMakeFiles/motorcontroller.dir/Drivers/STM32F4xx_HAL_Driver/Src/stm32f4xx_hal_i2c.c.obj
 .text.I2C_WaitOnFlagUntilTimeout
                0x0800c40c       0xf4 CMakeFiles/motorcontroller.dir/Drivers/STM32F4xx_HAL_Driver/Src/stm32f4xx_hal_i2c.c.obj
 .text.I2C_WaitOnMasterAddressFlagUntilTimeout
                0x0800c500      0x140 CMakeFiles/motorcontroller.dir/Drivers/STM32F4xx_HAL_Driver/Src/stm32f4xx_hal_i2c.c.obj
 .text.I2C_WaitOnTXEFlagUntilTimeout
                0x0800c640       0x90 CMakeFiles/motorcontroller.dir/Drivers/STM32F4xx_HAL_Driver/Src/stm32f4xx_hal_i2c.c.obj
 .text.I2C_WaitOnBTFFlagUntilTimeout
                0x0800c6d0       0x90 CMakeFiles/motorcontroller.dir/Drivers/STM32F4xx_HAL_Driver/Src/stm32f4xx_hal_i2c.c.obj
 .text.I2C_WaitOnRXNEFlagUntilTimeout
                0x0800c760       0xba CMakeFiles/motorcontroller.dir/Drivers/STM32F4xx_HAL_Driver/Src/stm32f4xx_hal_i2c.c.obj
 .text.I2C_IsAcknowledgeFailed
                0x0800c81a       0x5e CMakeFiles/motorcontroller.dir/Drivers/STM32F4xx_HAL_Driver/Src/stm32f4xx_hal_i2c.c.obj
 .text.HAL_TIM_Base_Init
                0x0800c878       0x9e CMakeFiles/motorcontroller.dir/Drivers/STM32F4xx_HAL_Driver/Src/stm32f4xx_hal_tim.c.obj
                0x0800c878                HAL_TIM_Base_Init
 *fill*         0x0800c916        0x2 
 .text.HAL_TIM_Base_Start
                0x0800c918       0xb4 CMakeFiles/motorcontroller.dir/Drivers/STM32F4xx_HAL_Driver/Src/stm32f4xx_hal_tim.c.obj
                0x0800c918                HAL_TIM_Base_Start
 .text.HAL_TIM_Base_Start_IT
                0x0800c9cc       0xc4 CMakeFiles/motorcontroller.dir/Drivers/STM32F4xx_HAL_Driver/Src/stm32f4xx_hal_tim.c.obj
                0x0800c9cc                HAL_TIM_Base_Start_IT
 .text.HAL_TIM_OC_Start_IT
                0x0800ca90      0x1fc CMakeFiles/motorcontroller.dir/Drivers/STM32F4xx_HAL_Driver/Src/stm32f4xx_hal_tim.c.obj
                0x0800ca90                HAL_TIM_OC_Start_IT
 .text.HAL_TIM_OC_Stop_IT
                0x0800cc8c      0x164 CMakeFiles/motorcontroller.dir/Drivers/STM32F4xx_HAL_Driver/Src/stm32f4xx_hal_tim.c.obj
                0x0800cc8c                HAL_TIM_OC_Stop_IT
 .text.HAL_TIM_PWM_Init
                0x0800cdf0       0x9e CMakeFiles/motorcontroller.dir/Drivers/STM32F4xx_HAL_Driver/Src/stm32f4xx_hal_tim.c.obj
                0x0800cdf0                HAL_TIM_PWM_Init
 .text.HAL_TIM_PWM_MspInit
                0x0800ce8e       0x14 CMakeFiles/motorcontroller.dir/Drivers/STM32F4xx_HAL_Driver/Src/stm32f4xx_hal_tim.c.obj
                0x0800ce8e                HAL_TIM_PWM_MspInit
 .text.HAL_TIM_IRQHandler
                0x0800cea2      0x1e0 CMakeFiles/motorcontroller.dir/Drivers/STM32F4xx_HAL_Driver/Src/stm32f4xx_hal_tim.c.obj
                0x0800cea2                HAL_TIM_IRQHandler
 *fill*         0x0800d082        0x2 
 .text.HAL_TIM_PWM_ConfigChannel
                0x0800d084      0x184 CMakeFiles/motorcontroller.dir/Drivers/STM32F4xx_HAL_Driver/Src/stm32f4xx_hal_tim.c.obj
                0x0800d084                HAL_TIM_PWM_ConfigChannel
 .text.HAL_TIM_ConfigClockSource
                0x0800d208      0x18e CMakeFiles/motorcontroller.dir/Drivers/STM32F4xx_HAL_Driver/Src/stm32f4xx_hal_tim.c.obj
                0x0800d208                HAL_TIM_ConfigClockSource
 .text.HAL_TIM_IC_CaptureCallback
                0x0800d396       0x14 CMakeFiles/motorcontroller.dir/Drivers/STM32F4xx_HAL_Driver/Src/stm32f4xx_hal_tim.c.obj
                0x0800d396                HAL_TIM_IC_CaptureCallback
 .text.HAL_TIM_PWM_PulseFinishedCallback
                0x0800d3aa       0x14 CMakeFiles/motorcontroller.dir/Drivers/STM32F4xx_HAL_Driver/Src/stm32f4xx_hal_tim.c.obj
                0x0800d3aa                HAL_TIM_PWM_PulseFinishedCallback
 .text.HAL_TIM_TriggerCallback
                0x0800d3be       0x14 CMakeFiles/motorcontroller.dir/Drivers/STM32F4xx_HAL_Driver/Src/stm32f4xx_hal_tim.c.obj
                0x0800d3be                HAL_TIM_TriggerCallback
 *fill*         0x0800d3d2        0x2 
 .text.TIM_Base_SetConfig
                0x0800d3d4      0x10c CMakeFiles/motorcontroller.dir/Drivers/STM32F4xx_HAL_Driver/Src/stm32f4xx_hal_tim.c.obj
                0x0800d3d4                TIM_Base_SetConfig
 .text.TIM_OC1_SetConfig
                0x0800d4e0       0xcc CMakeFiles/motorcontroller.dir/Drivers/STM32F4xx_HAL_Driver/Src/stm32f4xx_hal_tim.c.obj
 .text.TIM_OC2_SetConfig
                0x0800d5ac       0xd8 CMakeFiles/motorcontroller.dir/Drivers/STM32F4xx_HAL_Driver/Src/stm32f4xx_hal_tim.c.obj
                0x0800d5ac                TIM_OC2_SetConfig
 .text.TIM_OC3_SetConfig
                0x0800d684       0xd4 CMakeFiles/motorcontroller.dir/Drivers/STM32F4xx_HAL_Driver/Src/stm32f4xx_hal_tim.c.obj
 .text.TIM_OC4_SetConfig
                0x0800d758       0xa0 CMakeFiles/motorcontroller.dir/Drivers/STM32F4xx_HAL_Driver/Src/stm32f4xx_hal_tim.c.obj
 .text.TIM_TI1_ConfigInputStage
                0x0800d7f8       0x5e CMakeFiles/motorcontroller.dir/Drivers/STM32F4xx_HAL_Driver/Src/stm32f4xx_hal_tim.c.obj
 .text.TIM_TI2_ConfigInputStage
                0x0800d856       0x60 CMakeFiles/motorcontroller.dir/Drivers/STM32F4xx_HAL_Driver/Src/stm32f4xx_hal_tim.c.obj
 .text.TIM_ITRx_SetConfig
                0x0800d8b6       0x36 CMakeFiles/motorcontroller.dir/Drivers/STM32F4xx_HAL_Driver/Src/stm32f4xx_hal_tim.c.obj
 .text.TIM_ETR_SetConfig
                0x0800d8ec       0x40 CMakeFiles/motorcontroller.dir/Drivers/STM32F4xx_HAL_Driver/Src/stm32f4xx_hal_tim.c.obj
                0x0800d8ec                TIM_ETR_SetConfig
 .text.TIM_CCxChannelCmd
                0x0800d92c       0x4a CMakeFiles/motorcontroller.dir/Drivers/STM32F4xx_HAL_Driver/Src/stm32f4xx_hal_tim.c.obj
                0x0800d92c                TIM_CCxChannelCmd
 *fill*         0x0800d976        0x2 
 .text.HAL_TIMEx_MasterConfigSynchronization
                0x0800d978       0xdc CMakeFiles/motorcontroller.dir/Drivers/STM32F4xx_HAL_Driver/Src/stm32f4xx_hal_tim_ex.c.obj
                0x0800d978                HAL_TIMEx_MasterConfigSynchronization
 .text.HAL_TIMEx_CommutCallback
                0x0800da54       0x14 CMakeFiles/motorcontroller.dir/Drivers/STM32F4xx_HAL_Driver/Src/stm32f4xx_hal_tim_ex.c.obj
                0x0800da54                HAL_TIMEx_CommutCallback
 .text.HAL_TIMEx_BreakCallback
                0x0800da68       0x14 CMakeFiles/motorcontroller.dir/Drivers/STM32F4xx_HAL_Driver/Src/stm32f4xx_hal_tim_ex.c.obj
                0x0800da68                HAL_TIMEx_BreakCallback
 .text.HAL_UART_Init
                0x0800da7c       0xa0 CMakeFiles/motorcontroller.dir/Drivers/STM32F4xx_HAL_Driver/Src/stm32f4xx_hal_uart.c.obj
                0x0800da7c                HAL_UART_Init
 .text.UART_SetConfig
                0x0800db1c      0x4e8 CMakeFiles/motorcontroller.dir/Drivers/STM32F4xx_HAL_Driver/Src/stm32f4xx_hal_uart.c.obj
 .text.SystemInit
                0x0800e004       0x24 CMakeFiles/motorcontroller.dir/Core/Src/system_stm32f4xx.c.obj
                0x0800e004                SystemInit
 .text._sbrk    0x0800e028       0x6c CMakeFiles/motorcontroller.dir/Core/Src/sysmem.c.obj
                0x0800e028                _sbrk
 .text._getpid  0x0800e094       0x10 CMakeFiles/motorcontroller.dir/Core/Src/syscalls.c.obj
                0x0800e094                _getpid
 .text._kill    0x0800e0a4       0x20 CMakeFiles/motorcontroller.dir/Core/Src/syscalls.c.obj
                0x0800e0a4                _kill
 .text._exit    0x0800e0c4       0x16 CMakeFiles/motorcontroller.dir/Core/Src/syscalls.c.obj
                0x0800e0c4                _exit
 .text._read    0x0800e0da       0x3a CMakeFiles/motorcontroller.dir/Core/Src/syscalls.c.obj
                0x0800e0da                _read
 .text._write   0x0800e114       0x38 CMakeFiles/motorcontroller.dir/Core/Src/syscalls.c.obj
                0x0800e114                _write
 .text._close   0x0800e14c       0x18 CMakeFiles/motorcontroller.dir/Core/Src/syscalls.c.obj
                0x0800e14c                _close
 .text._fstat   0x0800e164       0x20 CMakeFiles/motorcontroller.dir/Core/Src/syscalls.c.obj
                0x0800e164                _fstat
 .text._isatty  0x0800e184       0x16 CMakeFiles/motorcontroller.dir/Core/Src/syscalls.c.obj
                0x0800e184                _isatty
 .text._lseek   0x0800e19a       0x1a CMakeFiles/motorcontroller.dir/Core/Src/syscalls.c.obj
                0x0800e19a                _lseek
 .text.Reset_Handler
                0x0800e1b4       0x50 CMakeFiles/motorcontroller.dir/startup_stm32f411xe.s.obj
                0x0800e1b4                Reset_Handler
 .text.Default_Handler
                0x0800e204        0x2 CMakeFiles/motorcontroller.dir/startup_stm32f411xe.s.obj
                0x0800e204                RTC_Alarm_IRQHandler
                0x0800e204                EXTI2_IRQHandler
                0x0800e204                SPI4_IRQHandler
                0x0800e204                TIM1_CC_IRQHandler
                0x0800e204                DMA2_Stream5_IRQHandler
                0x0800e204                DMA1_Stream5_IRQHandler
                0x0800e204                PVD_IRQHandler
                0x0800e204                SDIO_IRQHandler
                0x0800e204                TAMP_STAMP_IRQHandler
                0x0800e204                EXTI3_IRQHandler
                0x0800e204                TIM1_UP_TIM10_IRQHandler
                0x0800e204                I2C3_ER_IRQHandler
                0x0800e204                I2C2_EV_IRQHandler
                0x0800e204                DMA1_Stream2_IRQHandler
                0x0800e204                FPU_IRQHandler
                0x0800e204                DMA2_Stream2_IRQHandler
                0x0800e204                SPI1_IRQHandler
                0x0800e204                TIM1_BRK_TIM9_IRQHandler
                0x0800e204                DMA2_Stream3_IRQHandler
                0x0800e204                USART6_IRQHandler
                0x0800e204                DMA2_Stream0_IRQHandler
                0x0800e204                I2C1_EV_IRQHandler
                0x0800e204                DMA1_Stream6_IRQHandler
                0x0800e204                DMA1_Stream1_IRQHandler
                0x0800e204                RCC_IRQHandler
                0x0800e204                Default_Handler
                0x0800e204                EXTI15_10_IRQHandler
                0x0800e204                DMA1_Stream7_IRQHandler
                0x0800e204                SPI5_IRQHandler
                0x0800e204                TIM5_IRQHandler
                0x0800e204                DMA2_Stream7_IRQHandler
                0x0800e204                I2C3_EV_IRQHandler
                0x0800e204                RTC_WKUP_IRQHandler
                0x0800e204                SPI2_IRQHandler
                0x0800e204                DMA1_Stream0_IRQHandler
                0x0800e204                WWDG_IRQHandler
                0x0800e204                OTG_FS_WKUP_IRQHandler
                0x0800e204                TIM1_TRG_COM_TIM11_IRQHandler
                0x0800e204                EXTI1_IRQHandler
                0x0800e204                USART2_IRQHandler
                0x0800e204                I2C2_ER_IRQHandler
                0x0800e204                DMA2_Stream1_IRQHandler
                0x0800e204                FLASH_IRQHandler
                0x0800e204                DMA2_Stream4_IRQHandler
                0x0800e204                USART1_IRQHandler
                0x0800e204                OTG_FS_IRQHandler
                0x0800e204                SPI3_IRQHandler
                0x0800e204                DMA1_Stream4_IRQHandler
                0x0800e204                I2C1_ER_IRQHandler
                0x0800e204                DMA2_Stream6_IRQHandler
                0x0800e204                DMA1_Stream3_IRQHandler
 *(.glue_7)
 .glue_7        0x0800e206        0x0 linker stubs
 *(.glue_7t)
 .glue_7t       0x0800e206        0x0 linker stubs
 *(.eh_frame)
 *fill*         0x0800e206        0x2 
 .eh_frame      0x0800e208        0x0 /usr/lib/gcc/arm-none-eabi/13.2.1/thumb/v7e-m+fp/hard/crtbegin.o
 *(.init)
 .init          0x0800e208        0x4 /usr/lib/gcc/arm-none-eabi/13.2.1/thumb/v7e-m+fp/hard/crti.o
                0x0800e208                _init
 .init          0x0800e20c        0x8 /usr/lib/gcc/arm-none-eabi/13.2.1/thumb/v7e-m+fp/hard/crtn.o
 *(.fini)
 .fini          0x0800e214        0x4 /usr/lib/gcc/arm-none-eabi/13.2.1/thumb/v7e-m+fp/hard/crti.o
                0x0800e214                _fini
 .fini          0x0800e218        0x8 /usr/lib/gcc/arm-none-eabi/13.2.1/thumb/v7e-m+fp/hard/crtn.o
                0x0800e220                        . = ALIGN (0x4)
                0x0800e220                        _etext = .

.vfp11_veneer   0x0800e220        0x0
 .vfp11_veneer  0x0800e220        0x0 linker stubs

.v4_bx          0x0800e220        0x0
 .v4_bx         0x0800e220        0x0 linker stubs

.iplt           0x0800e220        0x0
 .iplt          0x0800e220        0x0 /usr/lib/gcc/arm-none-eabi/13.2.1/thumb/v7e-m+fp/hard/crtbegin.o

.rodata         0x0800e220     0x7858
                0x0800e220                        . = ALIGN (0x4)
 *(.rodata)
 .rodata        0x0800e220       0x50 /usr/lib/gcc/arm-none-eabi/13.2.1/../../../arm-none-eabi/lib/thumb/v7e-m+fp/hard/libg_nano.a(libc_a-strtod.o)
 .rodata        0x0800e270      0x100 /usr/lib/gcc/arm-none-eabi/13.2.1/../../../arm-none-eabi/lib/thumb/v7e-m+fp/hard/libg_nano.a(libc_a-gdtoa-gethex.o)
                0x0800e270                __hexdig
 .rodata        0x0800e370      0x101 /usr/lib/gcc/arm-none-eabi/13.2.1/../../../arm-none-eabi/lib/thumb/v7e-m+fp/hard/libg_nano.a(libc_a-ctype_.o)
                0x0800e370                _ctype_
 *fill*         0x0800e471        0x7 
 .rodata        0x0800e478      0x128 /usr/lib/gcc/arm-none-eabi/13.2.1/../../../arm-none-eabi/lib/thumb/v7e-m+fp/hard/libg_nano.a(libc_a-mprec.o)
                0x0800e488                __mprec_tens
                0x0800e550                __mprec_tinytens
                0x0800e578                __mprec_bigtens
 .rodata        0x0800e5a0       0x10 /usr/lib/gcc/arm-none-eabi/13.2.1/../../../arm-none-eabi/lib/thumb/v7e-m+fp/hard/libm.a(libm_a-e_sqrt.o)
 *(.rodata*)
 .rodata.keymap
                0x0800e5b0       0x10 CMakeFiles/motorcontroller.dir/Core/Src/keypad.c.obj
 .rodata.runScreen
                0x0800e5c0      0x400 CMakeFiles/motorcontroller.dir/Core/Src/bitmaps.c.obj
                0x0800e5c0                runScreen
 .rodata.mainMenu1
                0x0800e9c0      0x400 CMakeFiles/motorcontroller.dir/Core/Src/bitmaps.c.obj
                0x0800e9c0                mainMenu1
 .rodata.mainMenu2
                0x0800edc0      0x400 CMakeFiles/motorcontroller.dir/Core/Src/bitmaps.c.obj
                0x0800edc0                mainMenu2
 .rodata.mainMenu3
                0x0800f1c0      0x400 CMakeFiles/motorcontroller.dir/Core/Src/bitmaps.c.obj
                0x0800f1c0                mainMenu3
 .rodata.mainMenu4
                0x0800f5c0      0x400 CMakeFiles/motorcontroller.dir/Core/Src/bitmaps.c.obj
                0x0800f5c0                mainMenu4
 .rodata.mainMenu5
                0x0800f9c0      0x400 CMakeFiles/motorcontroller.dir/Core/Src/bitmaps.c.obj
                0x0800f9c0                mainMenu5
 .rodata.inputs1
                0x0800fdc0      0x400 CMakeFiles/motorcontroller.dir/Core/Src/bitmaps.c.obj
                0x0800fdc0                inputs1
 .rodata.inputs2
                0x080101c0      0x400 CMakeFiles/motorcontroller.dir/Core/Src/bitmaps.c.obj
                0x080101c0                inputs2
 .rodata.inputs3
                0x080105c0      0x400 CMakeFiles/motorcontroller.dir/Core/Src/bitmaps.c.obj
                0x080105c0                inputs3
 .rodata.inputs4
                0x080109c0      0x400 CMakeFiles/motorcontroller.dir/Core/Src/bitmaps.c.obj
                0x080109c0                inputs4
 .rodata.inputs5
                0x08010dc0      0x400 CMakeFiles/motorcontroller.dir/Core/Src/bitmaps.c.obj
                0x08010dc0                inputs5
 .rodata.inputs6
                0x080111c0      0x400 CMakeFiles/motorcontroller.dir/Core/Src/bitmaps.c.obj
                0x080111c0                inputs6
 .rodata.outputs1
                0x080115c0      0x400 CMakeFiles/motorcontroller.dir/Core/Src/bitmaps.c.obj
                0x080115c0                outputs1
 .rodata.outputs2
                0x080119c0      0x400 CMakeFiles/motorcontroller.dir/Core/Src/bitmaps.c.obj
                0x080119c0                outputs2
 .rodata.outputs3
                0x08011dc0      0x400 CMakeFiles/motorcontroller.dir/Core/Src/bitmaps.c.obj
                0x08011dc0                outputs3
 .rodata.outputs4
                0x080121c0      0x400 CMakeFiles/motorcontroller.dir/Core/Src/bitmaps.c.obj
                0x080121c0                outputs4
 .rodata.disabledCheckBmp
                0x080125c0      0x400 CMakeFiles/motorcontroller.dir/Core/Src/bitmaps.c.obj
                0x080125c0                disabledCheckBmp
 .rodata.enabledBmp
                0x080129c0      0x400 CMakeFiles/motorcontroller.dir/Core/Src/bitmaps.c.obj
                0x080129c0                enabledBmp
 .rodata.enabledCheckBmp
                0x08012dc0      0x400 CMakeFiles/motorcontroller.dir/Core/Src/bitmaps.c.obj
                0x08012dc0                enabledCheckBmp
 .rodata.disabledBmp
                0x080131c0      0x400 CMakeFiles/motorcontroller.dir/Core/Src/bitmaps.c.obj
                0x080131c0                disabledBmp
 .rodata.metricCheckBmp
                0x080135c0      0x400 CMakeFiles/motorcontroller.dir/Core/Src/bitmaps.c.obj
                0x080135c0                metricCheckBmp
 .rodata.imperialBmp
                0x080139c0      0x400 CMakeFiles/motorcontroller.dir/Core/Src/bitmaps.c.obj
                0x080139c0                imperialBmp
 .rodata.imperialCheckBmp
                0x08013dc0      0x400 CMakeFiles/motorcontroller.dir/Core/Src/bitmaps.c.obj
                0x08013dc0                imperialCheckBmp
 .rodata.metricBmp
                0x080141c0      0x400 CMakeFiles/motorcontroller.dir/Core/Src/bitmaps.c.obj
                0x080141c0                metricBmp
 .rodata.motorConfig1
                0x080145c0      0x400 CMakeFiles/motorcontroller.dir/Core/Src/bitmaps.c.obj
                0x080145c0                motorConfig1
 .rodata.motorConfig2
                0x080149c0      0x400 CMakeFiles/motorcontroller.dir/Core/Src/bitmaps.c.obj
                0x080149c0                motorConfig2
 .rodata.motorConfig3
                0x08014dc0      0x400 CMakeFiles/motorcontroller.dir/Core/Src/bitmaps.c.obj
                0x08014dc0                motorConfig3
 .rodata.invalid
                0x080151c0       0x3e CMakeFiles/motorcontroller.dir/Core/Src/bitmaps.c.obj
                0x080151c0                invalid
 *fill*         0x080151fe        0x2 
 .rodata.rightArrow
                0x08015200        0xc CMakeFiles/motorcontroller.dir/Core/Src/bitmaps.c.obj
                0x08015200                rightArrow
 .rodata.leftArrow
                0x0801520c        0xc CMakeFiles/motorcontroller.dir/Core/Src/bitmaps.c.obj
                0x0801520c                leftArrow
 .rodata.inputScreen
                0x08015218      0x400 CMakeFiles/motorcontroller.dir/Core/Src/bitmaps.c.obj
                0x08015218                inputScreen
 .rodata.mm     0x08015618        0xe CMakeFiles/motorcontroller.dir/Core/Src/bitmaps.c.obj
                0x08015618                mm
 *fill*         0x08015626        0x2 
 .rodata.in     0x08015628        0xc CMakeFiles/motorcontroller.dir/Core/Src/bitmaps.c.obj
                0x08015628                in
 .rodata.CGA8   0x08015634      0x300 CMakeFiles/motorcontroller.dir/Core/Src/fonts.c.obj
                0x08015634                CGA8
 .rodata.AHBPrescTable
                0x08015934       0x10 CMakeFiles/motorcontroller.dir/Core/Src/system_stm32f4xx.c.obj
                0x08015934                AHBPrescTable
 .rodata.APBPrescTable
                0x08015944        0x8 CMakeFiles/motorcontroller.dir/Core/Src/system_stm32f4xx.c.obj
                0x08015944                APBPrescTable
 .rodata.str1.4
                0x0801594c      0x129 /usr/lib/gcc/arm-none-eabi/13.2.1/../../../arm-none-eabi/lib/thumb/v7e-m+fp/hard/libg_nano.a(libc_a-strtod.o)
                                 0x15 (size before relaxing)
 .rodata.str1.4
                0x08015a75       0x4c /usr/lib/gcc/arm-none-eabi/13.2.1/../../../arm-none-eabi/lib/thumb/v7e-m+fp/hard/libg_nano.a(libc_a-gdtoa-gethex.o)
 .rodata.str1.4
                0x08015a75       0x12 /usr/lib/gcc/arm-none-eabi/13.2.1/../../../arm-none-eabi/lib/thumb/v7e-m+fp/hard/libg_nano.a(libc_a-locale.o)
 .rodata.str1.4
                0x08015a75       0x43 /usr/lib/gcc/arm-none-eabi/13.2.1/../../../arm-none-eabi/lib/thumb/v7e-m+fp/hard/libg_nano.a(libc_a-assert.o)
 .rodata.str1.4
                0x08015a75       0x59 /usr/lib/gcc/arm-none-eabi/13.2.1/../../../arm-none-eabi/lib/thumb/v7e-m+fp/hard/libg_nano.a(libc_a-mprec.o)
 .rodata.str1.4
                0x08015a75       0x13 /usr/lib/gcc/arm-none-eabi/13.2.1/../../../arm-none-eabi/lib/thumb/v7e-m+fp/hard/libg_nano.a(libc_a-nano-vfprintf.o)
 .rodata.str1.4
                0x08015a75       0x25 /usr/lib/gcc/arm-none-eabi/13.2.1/../../../arm-none-eabi/lib/thumb/v7e-m+fp/hard/libg_nano.a(libc_a-nano-vfprintf_i.o)
                0x08015ad0                        . = ALIGN (0x4)
 *fill*         0x08015a75        0x3 

.ARM.extab
 *(.ARM.extab* .gnu.linkonce.armextab.*)

.ARM            0x08015a78        0x8
                0x08015a78                        __exidx_start = .
 *(.ARM.exidx*)
 .ARM.exidx     0x08015a78        0x8 /usr/lib/gcc/arm-none-eabi/13.2.1/thumb/v7e-m+fp/hard/libgcc.a(_udivmoddi4.o)
 .ARM.exidx     0x08015a80        0x0 /usr/lib/gcc/arm-none-eabi/13.2.1/../../../arm-none-eabi/lib/thumb/v7e-m+fp/hard/libg_nano.a(libc_a-strlen.o)
                                  0x8 (size before relaxing)
 .ARM.exidx     0x08015a80        0x0 /usr/lib/gcc/arm-none-eabi/13.2.1/../../../arm-none-eabi/lib/thumb/v7e-m+fp/hard/libg_nano.a(libc_a-memcpy.o)
                                  0x8 (size before relaxing)
 .ARM.exidx     0x08015a80        0x0 /usr/lib/gcc/arm-none-eabi/13.2.1/../../../arm-none-eabi/lib/thumb/v7e-m+fp/hard/libg_nano.a(libc_a-memchr.o)
                                  0x8 (size before relaxing)
                0x08015a80                        __exidx_end = .

.rel.dyn        0x08015a80        0x0
 .rel.iplt      0x08015a80        0x0 /usr/lib/gcc/arm-none-eabi/13.2.1/thumb/v7e-m+fp/hard/crtbegin.o

.preinit_array  0x08015a80        0x0
                0x08015a80                        PROVIDE (__preinit_array_start = .)
 *(.preinit_array*)
                0x08015a80                        PROVIDE (__preinit_array_end = .)

.init_array     0x08015a80        0x4
                0x08015a80                        PROVIDE (__init_array_start = .)
 *(SORT_BY_NAME(.init_array.*))
 *(.init_array*)
 .init_array    0x08015a80        0x4 /usr/lib/gcc/arm-none-eabi/13.2.1/thumb/v7e-m+fp/hard/crtbegin.o
                0x08015a84                        PROVIDE (__init_array_end = .)

.fini_array     0x08015a84        0x4
                0x08015a84                        PROVIDE (__fini_array_start = .)
 *(SORT_BY_NAME(.fini_array.*))
 *(.fini_array*)
 .fini_array    0x08015a84        0x4 /usr/lib/gcc/arm-none-eabi/13.2.1/thumb/v7e-m+fp/hard/crtbegin.o
                0x08015a88                        PROVIDE (__fini_array_end = .)
                0x08015a88                        _sidata = LOADADDR (.data)

.data           0x20000000      0x1fc load address 0x08015a88
                0x20000000                        . = ALIGN (0x4)
                0x20000000                        _sdata = .
 *(.data)
 .data          0x20000000        0xc /usr/lib/gcc/arm-none-eabi/13.2.1/../../../arm-none-eabi/lib/thumb/v7e-m+fp/hard/libc_nano.a(libc_a-findfp.o)
                0x20000000                __sglue
 .data          0x2000000c       0x50 /usr/lib/gcc/arm-none-eabi/13.2.1/../../../arm-none-eabi/lib/thumb/v7e-m+fp/hard/libc_nano.a(libc_a-impure.o)
                0x2000000c                _impure_ptr
                0x20000010                _impure_data
 .data          0x2000005c      0x16c /usr/lib/gcc/arm-none-eabi/13.2.1/../../../arm-none-eabi/lib/thumb/v7e-m+fp/hard/libg_nano.a(libc_a-locale.o)
                0x2000005c                __global_locale
 *(.data*)
 .data.current  0x200001c8        0x4 CMakeFiles/motorcontroller.dir/Core/Src/navigation.c.obj
                0x200001c8                current
 .data.strings  0x200001cc       0x24 CMakeFiles/motorcontroller.dir/Core/Src/navigation.c.obj
                0x200001cc                strings
 .data.uwTickPrio
                0x200001f0        0x4 CMakeFiles/motorcontroller.dir/Drivers/STM32F4xx_HAL_Driver/Src/stm32f4xx_hal.c.obj
                0x200001f0                uwTickPrio
 .data.uwTickFreq
                0x200001f4        0x1 CMakeFiles/motorcontroller.dir/Drivers/STM32F4xx_HAL_Driver/Src/stm32f4xx_hal.c.obj
                0x200001f4                uwTickFreq
 *fill*         0x200001f5        0x3 
 .data.SystemCoreClock
                0x200001f8        0x4 CMakeFiles/motorcontroller.dir/Core/Src/system_stm32f4xx.c.obj
                0x200001f8                SystemCoreClock
                0x200001fc                        . = ALIGN (0x4)
                0x200001fc                        _edata = .

.tm_clone_table
                0x200001fc        0x0 load address 0x08015c84
 .tm_clone_table
                0x200001fc        0x0 /usr/lib/gcc/arm-none-eabi/13.2.1/thumb/v7e-m+fp/hard/crtbegin.o
 .tm_clone_table
                0x200001fc        0x0 /usr/lib/gcc/arm-none-eabi/13.2.1/thumb/v7e-m+fp/hard/crtend.o

.igot.plt       0x200001fc        0x0 load address 0x08015c84
 .igot.plt      0x200001fc        0x0 /usr/lib/gcc/arm-none-eabi/13.2.1/thumb/v7e-m+fp/hard/crtbegin.o
                0x200001fc                        . = ALIGN (0x4)

.bss            0x200001fc      0xf00 load address 0x08015c84
                0x200001fc                        _sbss = .
                0x200001fc                        __bss_start__ = _sbss
 *(.bss)
 .bss           0x200001fc       0x1c /usr/lib/gcc/arm-none-eabi/13.2.1/thumb/v7e-m+fp/hard/crtbegin.o
 .bss           0x20000218      0x13c /usr/lib/gcc/arm-none-eabi/13.2.1/../../../arm-none-eabi/lib/thumb/v7e-m+fp/hard/libc_nano.a(libc_a-findfp.o)
                0x20000218                __sf
                0x20000350                __stdio_exit_handler
 .bss           0x20000354        0x8 /usr/lib/gcc/arm-none-eabi/13.2.1/../../../arm-none-eabi/lib/thumb/v7e-m+fp/hard/libc_nano.a(libc_a-mallocr.o)
                0x20000354                __malloc_sbrk_start
                0x20000358                __malloc_free_list
 .bss           0x2000035c        0x4 /usr/lib/gcc/arm-none-eabi/13.2.1/../../../arm-none-eabi/lib/thumb/v7e-m+fp/hard/libc_nano.a(libc_a-reent.o)
                0x2000035c                errno
 *(.bss*)
 .bss.hadc1     0x20000360       0x48 CMakeFiles/motorcontroller.dir/Core/Src/main.c.obj
                0x20000360                hadc1
 .bss.hi2c1     0x200003a8       0x54 CMakeFiles/motorcontroller.dir/Core/Src/main.c.obj
                0x200003a8                hi2c1
 .bss.hi2c2     0x200003fc       0x54 CMakeFiles/motorcontroller.dir/Core/Src/main.c.obj
                0x200003fc                hi2c2
 .bss.htim2     0x20000450       0x48 CMakeFiles/motorcontroller.dir/Core/Src/main.c.obj
                0x20000450                htim2
 .bss.htim3     0x20000498       0x48 CMakeFiles/motorcontroller.dir/Core/Src/main.c.obj
                0x20000498                htim3
 .bss.htim4     0x200004e0       0x48 CMakeFiles/motorcontroller.dir/Core/Src/main.c.obj
                0x200004e0                htim4
 .bss.huart2    0x20000528       0x48 CMakeFiles/motorcontroller.dir/Core/Src/main.c.obj
                0x20000528                huart2
 .bss.powerDownRequested
                0x20000570        0x1 CMakeFiles/motorcontroller.dir/Core/Src/main.c.obj
                0x20000570                powerDownRequested
 .bss.currentRow
                0x20000571        0x1 CMakeFiles/motorcontroller.dir/Core/Src/keypad.c.obj
 *fill*         0x20000572        0x2 
 .bss.keyQueue  0x20000574        0x4 CMakeFiles/motorcontroller.dir/Core/Src/keypad.c.obj
 .bss.previous  0x20000578        0x4 CMakeFiles/motorcontroller.dir/Core/Src/keypad.c.obj
 .bss.run       0x2000057c       0x14 CMakeFiles/motorcontroller.dir/Core/Src/menu.c.obj
                0x2000057c                run
 .bss.menu1     0x20000590       0x14 CMakeFiles/motorcontroller.dir/Core/Src/menu.c.obj
                0x20000590                menu1
 .bss.menu2     0x200005a4       0x14 CMakeFiles/motorcontroller.dir/Core/Src/menu.c.obj
                0x200005a4                menu2
 .bss.menu21    0x200005b8       0x14 CMakeFiles/motorcontroller.dir/Core/Src/menu.c.obj
                0x200005b8                menu21
 .bss.menu22    0x200005cc       0x14 CMakeFiles/motorcontroller.dir/Core/Src/menu.c.obj
                0x200005cc                menu22
 .bss.menu23    0x200005e0       0x14 CMakeFiles/motorcontroller.dir/Core/Src/menu.c.obj
                0x200005e0                menu23
 .bss.menu24    0x200005f4       0x14 CMakeFiles/motorcontroller.dir/Core/Src/menu.c.obj
                0x200005f4                menu24
 .bss.menu25    0x20000608       0x14 CMakeFiles/motorcontroller.dir/Core/Src/menu.c.obj
                0x20000608                menu25
 .bss.menu26    0x2000061c       0x14 CMakeFiles/motorcontroller.dir/Core/Src/menu.c.obj
                0x2000061c                menu26
 .bss.menu3     0x20000630       0x14 CMakeFiles/motorcontroller.dir/Core/Src/menu.c.obj
                0x20000630                menu3
 .bss.menu31    0x20000644       0x14 CMakeFiles/motorcontroller.dir/Core/Src/menu.c.obj
                0x20000644                menu31
 .bss.menu311   0x20000658       0x14 CMakeFiles/motorcontroller.dir/Core/Src/menu.c.obj
                0x20000658                menu311
 .bss.menu312   0x2000066c       0x14 CMakeFiles/motorcontroller.dir/Core/Src/menu.c.obj
                0x2000066c                menu312
 .bss.menu313   0x20000680       0x14 CMakeFiles/motorcontroller.dir/Core/Src/menu.c.obj
                0x20000680                menu313
 .bss.menu32    0x20000694       0x14 CMakeFiles/motorcontroller.dir/Core/Src/menu.c.obj
                0x20000694                menu32
 .bss.menu321   0x200006a8       0x14 CMakeFiles/motorcontroller.dir/Core/Src/menu.c.obj
                0x200006a8                menu321
 .bss.menu322   0x200006bc       0x14 CMakeFiles/motorcontroller.dir/Core/Src/menu.c.obj
                0x200006bc                menu322
 .bss.menu323   0x200006d0       0x14 CMakeFiles/motorcontroller.dir/Core/Src/menu.c.obj
                0x200006d0                menu323
 .bss.menu33    0x200006e4       0x14 CMakeFiles/motorcontroller.dir/Core/Src/menu.c.obj
                0x200006e4                menu33
 .bss.menu34    0x200006f8       0x14 CMakeFiles/motorcontroller.dir/Core/Src/menu.c.obj
                0x200006f8                menu34
 .bss.menu4     0x2000070c       0x14 CMakeFiles/motorcontroller.dir/Core/Src/menu.c.obj
                0x2000070c                menu4
 .bss.menu5     0x20000720       0x14 CMakeFiles/motorcontroller.dir/Core/Src/menu.c.obj
                0x20000720                menu5
 .bss.menu51    0x20000734       0x14 CMakeFiles/motorcontroller.dir/Core/Src/menu.c.obj
                0x20000734                menu51
 .bss.menu52    0x20000748       0x14 CMakeFiles/motorcontroller.dir/Core/Src/menu.c.obj
                0x20000748                menu52
 .bss.menu53    0x2000075c       0x14 CMakeFiles/motorcontroller.dir/Core/Src/menu.c.obj
                0x2000075c                menu53
 .bss.menu54    0x20000770       0x14 CMakeFiles/motorcontroller.dir/Core/Src/menu.c.obj
                0x20000770                menu54
 .bss.userInput
                0x20000784       0x14 CMakeFiles/motorcontroller.dir/Core/Src/menu.c.obj
                0x20000784                userInput
 .bss.disabledCheck
                0x20000798       0x14 CMakeFiles/motorcontroller.dir/Core/Src/menu.c.obj
                0x20000798                disabledCheck
 .bss.enabled   0x200007ac       0x14 CMakeFiles/motorcontroller.dir/Core/Src/menu.c.obj
                0x200007ac                enabled
 .bss.enabledCheck
                0x200007c0       0x14 CMakeFiles/motorcontroller.dir/Core/Src/menu.c.obj
                0x200007c0                enabledCheck
 .bss.disabled  0x200007d4       0x14 CMakeFiles/motorcontroller.dir/Core/Src/menu.c.obj
                0x200007d4                disabled
 .bss.SSD1309_FRAMEBUFFER
                0x200007e8      0x800 CMakeFiles/motorcontroller.dir/Core/Src/ssd1309.c.obj
 .bss.keyQueue  0x20000fe8       0x13 CMakeFiles/motorcontroller.dir/Core/Src/navigation.c.obj
                0x20000fe8                keyQueue
 *fill*         0x20000ffb        0x1 
 .bss.p         0x20000ffc       0x8c CMakeFiles/motorcontroller.dir/Core/Src/navigation.c.obj
                0x20000ffc                p
 .bss.m1        0x20001088       0x34 CMakeFiles/motorcontroller.dir/Core/Src/navigation.c.obj
                0x20001088                m1
 .bss.mp1       0x200010bc       0x38 CMakeFiles/motorcontroller.dir/Core/Src/navigation.c.obj
                0x200010bc                mp1
 .bss.uwTick    0x200010f4        0x4 CMakeFiles/motorcontroller.dir/Drivers/STM32F4xx_HAL_Driver/Src/stm32f4xx_hal.c.obj
                0x200010f4                uwTick
 .bss.__sbrk_heap_end
                0x200010f8        0x4 CMakeFiles/motorcontroller.dir/Core/Src/sysmem.c.obj
 *(COMMON)
                0x200010fc                        . = ALIGN (0x4)
                0x200010fc                        _ebss = .
                0x200010fc                        __bss_end__ = _ebss

._user_heap_stack
                0x200010fc      0x604 load address 0x08015c84
                0x20001100                        . = ALIGN (0x8)
 *fill*         0x200010fc        0x4 
                [!provide]                        PROVIDE (end = .)
                0x20001100                        PROVIDE (_end = .)
                0x20001300                        . = (. + _Min_Heap_Size)
 *fill*         0x20001100      0x200 
                0x20001700                        . = (. + _Min_Stack_Size)
 *fill*         0x20001300      0x400 
                0x20001700                        . = ALIGN (0x8)

/DISCARD/
 libc.a(*)
 libm.a(*)
 libgcc.a(*)
OUTPUT(motorcontroller.elf elf32-littlearm)
LOAD linker stubs
LOAD /usr/lib/gcc/arm-none-eabi/13.2.1/../../../arm-none-eabi/lib/thumb/v7e-m+fp/hard/libc.a
LOAD /usr/lib/gcc/arm-none-eabi/13.2.1/../../../arm-none-eabi/lib/thumb/v7e-m+fp/hard/libm.a
LOAD /usr/lib/gcc/arm-none-eabi/13.2.1/thumb/v7e-m+fp/hard/libgcc.a

.ARM.attributes
                0x00000000       0x30
 .ARM.attributes
                0x00000000       0x22 /usr/lib/gcc/arm-none-eabi/13.2.1/thumb/v7e-m+fp/hard/crti.o
 .ARM.attributes
                0x00000022       0x34 /usr/lib/gcc/arm-none-eabi/13.2.1/thumb/v7e-m+fp/hard/crtbegin.o
 .ARM.attributes
                0x00000056       0x34 /usr/lib/gcc/arm-none-eabi/13.2.1/../../../arm-none-eabi/lib/thumb/v7e-m+fp/hard/libc_nano.a(libc_a-init.o)
 .ARM.attributes
                0x0000008a       0x34 /usr/lib/gcc/arm-none-eabi/13.2.1/../../../arm-none-eabi/lib/thumb/v7e-m+fp/hard/libc_nano.a(libc_a-memset.o)
 .ARM.attributes
                0x000000be       0x34 /usr/lib/gcc/arm-none-eabi/13.2.1/../../../arm-none-eabi/lib/thumb/v7e-m+fp/hard/libc_nano.a(libc_a-findfp.o)
 .ARM.attributes
                0x000000f2       0x34 /usr/lib/gcc/arm-none-eabi/13.2.1/../../../arm-none-eabi/lib/thumb/v7e-m+fp/hard/libc_nano.a(libc_a-fflush.o)
 .ARM.attributes
                0x00000126       0x34 /usr/lib/gcc/arm-none-eabi/13.2.1/../../../arm-none-eabi/lib/thumb/v7e-m+fp/hard/libc_nano.a(libc_a-mallocr.o)
 .ARM.attributes
                0x0000015a       0x34 /usr/lib/gcc/arm-none-eabi/13.2.1/../../../arm-none-eabi/lib/thumb/v7e-m+fp/hard/libc_nano.a(libc_a-freer.o)
 .ARM.attributes
                0x0000018e       0x34 /usr/lib/gcc/arm-none-eabi/13.2.1/../../../arm-none-eabi/lib/thumb/v7e-m+fp/hard/libc_nano.a(libc_a-fwalk.o)
 .ARM.attributes
                0x000001c2       0x34 /usr/lib/gcc/arm-none-eabi/13.2.1/../../../arm-none-eabi/lib/thumb/v7e-m+fp/hard/libc_nano.a(libc_a-mlock.o)
 .ARM.attributes
                0x000001f6       0x34 /usr/lib/gcc/arm-none-eabi/13.2.1/../../../arm-none-eabi/lib/thumb/v7e-m+fp/hard/libc_nano.a(libc_a-sbrkr.o)
 .ARM.attributes
                0x0000022a       0x34 /usr/lib/gcc/arm-none-eabi/13.2.1/../../../arm-none-eabi/lib/thumb/v7e-m+fp/hard/libc_nano.a(libc_a-stdio.o)
 .ARM.attributes
                0x0000025e       0x34 /usr/lib/gcc/arm-none-eabi/13.2.1/../../../arm-none-eabi/lib/thumb/v7e-m+fp/hard/libc_nano.a(libc_a-impure.o)
 .ARM.attributes
                0x00000292       0x34 /usr/lib/gcc/arm-none-eabi/13.2.1/../../../arm-none-eabi/lib/thumb/v7e-m+fp/hard/libc_nano.a(libc_a-closer.o)
 .ARM.attributes
                0x000002c6       0x34 /usr/lib/gcc/arm-none-eabi/13.2.1/../../../arm-none-eabi/lib/thumb/v7e-m+fp/hard/libc_nano.a(libc_a-readr.o)
 .ARM.attributes
                0x000002fa       0x34 /usr/lib/gcc/arm-none-eabi/13.2.1/../../../arm-none-eabi/lib/thumb/v7e-m+fp/hard/libc_nano.a(libc_a-reent.o)
 .ARM.attributes
                0x0000032e       0x34 /usr/lib/gcc/arm-none-eabi/13.2.1/../../../arm-none-eabi/lib/thumb/v7e-m+fp/hard/libc_nano.a(libc_a-lseekr.o)
 .ARM.attributes
                0x00000362       0x34 /usr/lib/gcc/arm-none-eabi/13.2.1/../../../arm-none-eabi/lib/thumb/v7e-m+fp/hard/libc_nano.a(libc_a-writer.o)
 .ARM.attributes
                0x00000396       0x34 CMakeFiles/motorcontroller.dir/Core/Src/main.c.obj
 .ARM.attributes
                0x000003ca       0x34 CMakeFiles/motorcontroller.dir/Core/Src/keypad.c.obj
 .ARM.attributes
                0x000003fe       0x34 CMakeFiles/motorcontroller.dir/Core/Src/bitmaps.c.obj
 .ARM.attributes
                0x00000432       0x34 CMakeFiles/motorcontroller.dir/Core/Src/fonts.c.obj
 .ARM.attributes
                0x00000466       0x34 CMakeFiles/motorcontroller.dir/Core/Src/queue.c.obj
 .ARM.attributes
                0x0000049a       0x34 CMakeFiles/motorcontroller.dir/Core/Src/menu.c.obj
 .ARM.attributes
                0x000004ce       0x34 CMakeFiles/motorcontroller.dir/Core/Src/override.c.obj
 .ARM.attributes
                0x00000502       0x34 CMakeFiles/motorcontroller.dir/Core/Src/ssd1309.c.obj
 .ARM.attributes
                0x00000536       0x34 CMakeFiles/motorcontroller.dir/Core/Src/navigation.c.obj
 .ARM.attributes
                0x0000056a       0x34 CMakeFiles/motorcontroller.dir/Core/Src/motor.c.obj
 .ARM.attributes
                0x0000059e       0x34 CMakeFiles/motorcontroller.dir/Core/Src/movementprofile.c.obj
 .ARM.attributes
                0x000005d2       0x34 CMakeFiles/motorcontroller.dir/Core/Src/parameters.c.obj
 .ARM.attributes
                0x00000606       0x34 CMakeFiles/motorcontroller.dir/Core/Src/eeprom.c.obj
 .ARM.attributes
                0x0000063a       0x34 CMakeFiles/motorcontroller.dir/Core/Src/stm32f4xx_it.c.obj
 .ARM.attributes
                0x0000066e       0x34 CMakeFiles/motorcontroller.dir/Core/Src/stm32f4xx_hal_msp.c.obj
 .ARM.attributes
                0x000006a2       0x34 CMakeFiles/motorcontroller.dir/Drivers/STM32F4xx_HAL_Driver/Src/stm32f4xx_hal_adc.c.obj
 .ARM.attributes
                0x000006d6       0x34 CMakeFiles/motorcontroller.dir/Drivers/STM32F4xx_HAL_Driver/Src/stm32f4xx_hal_adc_ex.c.obj
 .ARM.attributes
                0x0000070a       0x34 CMakeFiles/motorcontroller.dir/Drivers/STM32F4xx_HAL_Driver/Src/stm32f4xx_hal_rcc.c.obj
 .ARM.attributes
                0x0000073e       0x34 CMakeFiles/motorcontroller.dir/Drivers/STM32F4xx_HAL_Driver/Src/stm32f4xx_hal_gpio.c.obj
 .ARM.attributes